Archive member included to satisfy reference by file (symbol)

/usr/lib/gcc/arm-none-eabi/4.9/../../../arm-none-eabi/lib/armv7-m/libc_nano.a(lib_a-atexit.o)
                              /usr/lib/gcc/arm-none-eabi/4.9/../../../arm-none-eabi/lib/armv7-m/crt0.o (atexit)
/usr/lib/gcc/arm-none-eabi/4.9/../../../arm-none-eabi/lib/armv7-m/libc_nano.a(lib_a-exit.o)
                              /usr/lib/gcc/arm-none-eabi/4.9/../../../arm-none-eabi/lib/armv7-m/crt0.o (exit)
/usr/lib/gcc/arm-none-eabi/4.9/../../../arm-none-eabi/lib/armv7-m/libc_nano.a(lib_a-fini.o)
                              /usr/lib/gcc/arm-none-eabi/4.9/../../../arm-none-eabi/lib/armv7-m/crt0.o (__libc_fini_array)
/usr/lib/gcc/arm-none-eabi/4.9/../../../arm-none-eabi/lib/armv7-m/libc_nano.a(lib_a-impure.o)
                              /usr/lib/gcc/arm-none-eabi/4.9/../../../arm-none-eabi/lib/armv7-m/libc_nano.a(lib_a-exit.o) (_global_impure_ptr)
/usr/lib/gcc/arm-none-eabi/4.9/../../../arm-none-eabi/lib/armv7-m/libc_nano.a(lib_a-init.o)
                              /usr/lib/gcc/arm-none-eabi/4.9/../../../arm-none-eabi/lib/armv7-m/crt0.o (__libc_init_array)
/usr/lib/gcc/arm-none-eabi/4.9/../../../arm-none-eabi/lib/armv7-m/libc_nano.a(lib_a-memset.o)
                              /usr/lib/gcc/arm-none-eabi/4.9/../../../arm-none-eabi/lib/armv7-m/crt0.o (memset)
/usr/lib/gcc/arm-none-eabi/4.9/../../../arm-none-eabi/lib/armv7-m/libc_nano.a(lib_a-printf.o)
                              build/app.o (printf)
/usr/lib/gcc/arm-none-eabi/4.9/../../../arm-none-eabi/lib/armv7-m/libc_nano.a(lib_a-vsprintf.o)
                              build/hd44780.o (vsprintf)
/usr/lib/gcc/arm-none-eabi/4.9/../../../arm-none-eabi/lib/armv7-m/libc_nano.a(lib_a-__atexit.o)
                              /usr/lib/gcc/arm-none-eabi/4.9/../../../arm-none-eabi/lib/armv7-m/libc_nano.a(lib_a-atexit.o) (__register_exitproc)
/usr/lib/gcc/arm-none-eabi/4.9/../../../arm-none-eabi/lib/armv7-m/libc_nano.a(lib_a-__call_atexit.o)
                              /usr/lib/gcc/arm-none-eabi/4.9/../../../arm-none-eabi/lib/armv7-m/libc_nano.a(lib_a-__atexit.o) (__call_exitprocs)
/usr/lib/gcc/arm-none-eabi/4.9/../../../arm-none-eabi/lib/armv7-m/libc_nano.a(lib_a-findfp.o)
                              /usr/lib/gcc/arm-none-eabi/4.9/../../../arm-none-eabi/lib/armv7-m/libc_nano.a(lib_a-printf.o) (__sinit)
/usr/lib/gcc/arm-none-eabi/4.9/../../../arm-none-eabi/lib/armv7-m/libc_nano.a(lib_a-fwalk.o)
                              /usr/lib/gcc/arm-none-eabi/4.9/../../../arm-none-eabi/lib/armv7-m/libc_nano.a(lib_a-findfp.o) (_fwalk)
/usr/lib/gcc/arm-none-eabi/4.9/../../../arm-none-eabi/lib/armv7-m/libc_nano.a(lib_a-nano-mallocr.o)
                              /usr/lib/gcc/arm-none-eabi/4.9/../../../arm-none-eabi/lib/armv7-m/libc_nano.a(lib_a-findfp.o) (_malloc_r)
/usr/lib/gcc/arm-none-eabi/4.9/../../../arm-none-eabi/lib/armv7-m/libc_nano.a(lib_a-nano-svfprintf.o)
                              /usr/lib/gcc/arm-none-eabi/4.9/../../../arm-none-eabi/lib/armv7-m/libc_nano.a(lib_a-vsprintf.o) (_svfprintf_r)
/usr/lib/gcc/arm-none-eabi/4.9/../../../arm-none-eabi/lib/armv7-m/libc_nano.a(lib_a-nano-vfprintf_i.o)
                              /usr/lib/gcc/arm-none-eabi/4.9/../../../arm-none-eabi/lib/armv7-m/libc_nano.a(lib_a-nano-svfprintf.o) (_printf_i)
/usr/lib/gcc/arm-none-eabi/4.9/../../../arm-none-eabi/lib/armv7-m/libc_nano.a(lib_a-nano-vfprintf.o)
                              /usr/lib/gcc/arm-none-eabi/4.9/../../../arm-none-eabi/lib/armv7-m/libc_nano.a(lib_a-printf.o) (_vfprintf_r)
/usr/lib/gcc/arm-none-eabi/4.9/../../../arm-none-eabi/lib/armv7-m/libc_nano.a(lib_a-sbrkr.o)
                              /usr/lib/gcc/arm-none-eabi/4.9/../../../arm-none-eabi/lib/armv7-m/libc_nano.a(lib_a-nano-mallocr.o) (_sbrk_r)
/usr/lib/gcc/arm-none-eabi/4.9/../../../arm-none-eabi/lib/armv7-m/libc_nano.a(lib_a-stdio.o)
                              /usr/lib/gcc/arm-none-eabi/4.9/../../../arm-none-eabi/lib/armv7-m/libc_nano.a(lib_a-findfp.o) (__sread)
/usr/lib/gcc/arm-none-eabi/4.9/../../../arm-none-eabi/lib/armv7-m/libc_nano.a(lib_a-strlen.o)
                              /usr/lib/gcc/arm-none-eabi/4.9/../../../arm-none-eabi/lib/armv7-m/libc_nano.a(lib_a-nano-vfprintf_i.o) (strlen)
/usr/lib/gcc/arm-none-eabi/4.9/../../../arm-none-eabi/lib/armv7-m/libc_nano.a(lib_a-wbuf.o)
                              /usr/lib/gcc/arm-none-eabi/4.9/../../../arm-none-eabi/lib/armv7-m/libc_nano.a(lib_a-nano-vfprintf.o) (__swbuf_r)
/usr/lib/gcc/arm-none-eabi/4.9/../../../arm-none-eabi/lib/armv7-m/libc_nano.a(lib_a-writer.o)
                              /usr/lib/gcc/arm-none-eabi/4.9/../../../arm-none-eabi/lib/armv7-m/libc_nano.a(lib_a-stdio.o) (_write_r)
/usr/lib/gcc/arm-none-eabi/4.9/../../../arm-none-eabi/lib/armv7-m/libc_nano.a(lib_a-wsetup.o)
                              /usr/lib/gcc/arm-none-eabi/4.9/../../../arm-none-eabi/lib/armv7-m/libc_nano.a(lib_a-nano-vfprintf.o) (__swsetup_r)
[...]
Memory Configuration

Name             Origin             Length             Attributes
FLASH            0x0000000008000000 0x0000000000020000 xr
RAM              0x0000000020000000 0x0000000000005000 xrw
*default*        0x0000000000000000 0xffffffffffffffff

Linker script and memory map

LOAD /usr/lib/gcc/arm-none-eabi/4.9/armv7-m/crti.o
LOAD /usr/lib/gcc/arm-none-eabi/4.9/armv7-m/crtbegin.o
LOAD /usr/lib/gcc/arm-none-eabi/4.9/../../../arm-none-eabi/lib/armv7-m/crt0.o
LOAD build/hd44780.o
LOAD build/clock.o
LOAD build/sys.o
LOAD build/speaker.o
LOAD build/controls.o
LOAD build/system_stm32f1xx.o
LOAD build/stm32f1xx_hal_rcc.o
LOAD build/stm32f1xx_hal_flash.o
LOAD build/stm32f1xx_hal_adc_ex.o
LOAD build/stm32f1xx_hal_adc.o
LOAD build/stm32f1xx_hal_rtc.o
LOAD build/stm32f1xx_hal_rcc_ex.o
LOAD build/stm32f1xx_hal_gpio_ex.o
LOAD build/stm32f1xx_hal.o
LOAD build/stm32f1xx_hal_gpio.o
LOAD build/stm32f1xx_hal_flash_ex.o
LOAD build/stm32f1xx_hal_rtc_ex.o
LOAD build/stm32f1xx_hal_tim_ex.o
LOAD build/stm32f1xx_hal_tim.o
LOAD build/stm32f1xx_hal_dma.o
LOAD build/stm32f1xx_hal_cortex.o
LOAD build/stm32f1xx_hal_pwr.o
LOAD build/stm32f1xx_hal_uart.o
LOAD build/app_set_time.o
LOAD build/app_clock.o
LOAD build/app.o
LOAD build/stm32f1xx_hal_msp.o
LOAD build/usart.o
LOAD build/gpio.o
LOAD build/stm32f1xx_it.o
LOAD build/adc.o
LOAD build/tim.o
LOAD build/printf.o
LOAD build/rtc.o
LOAD build/main.o
LOAD build/startup_stm32f103xb.o
LOAD /usr/lib/gcc/arm-none-eabi/4.9/../../../arm-none-eabi/lib/armv7-m/libc_nano.a
LOAD /usr/lib/gcc/arm-none-eabi/4.9/../../../arm-none-eabi/lib/armv7-m/libm.a
LOAD /usr/lib/gcc/arm-none-eabi/4.9/../../../arm-none-eabi/lib/armv7-m/libnosys.a
START GROUP
LOAD /usr/lib/gcc/arm-none-eabi/4.9/armv7-m/libgcc.a
LOAD /usr/lib/gcc/arm-none-eabi/4.9/../../../arm-none-eabi/lib/armv7-m/libc_nano.a
END GROUP
START GROUP
LOAD /usr/lib/gcc/arm-none-eabi/4.9/armv7-m/libgcc.a
LOAD /usr/lib/gcc/arm-none-eabi/4.9/../../../arm-none-eabi/lib/armv7-m/libc_nano.a
END GROUP
LOAD /usr/lib/gcc/arm-none-eabi/4.9/armv7-m/crtend.o
LOAD /usr/lib/gcc/arm-none-eabi/4.9/armv7-m/crtn.o
                0x0000000020005000                _estack = 0x20005000
                0x0000000000001000                _Min_Heap_Size = 0x1000
                0x0000000000002000                _Min_Stack_Size = 0x2000

.isr_vector     0x0000000008000000      0x10c
                0x0000000008000000                . = ALIGN (0x4)
 *(.isr_vector)
 .isr_vector    0x0000000008000000      0x10c build/startup_stm32f103xb.o
                0x0000000008000000                g_pfnVectors
                0x000000000800010c                . = ALIGN (0x4)

.text           0x000000000800010c     0x6c54
                0x000000000800010c                . = ALIGN (0x4)
 *(.text)
 .text          0x000000000800010c       0xa4 /usr/lib/gcc/arm-none-eabi/4.9/armv7-m/crtbegin.o
 *(.text*)
 .text.init_delay
                0x00000000080001b0       0x34 build/hd44780.o
 .text.delay_us
                0x00000000080001e4       0x60 build/hd44780.o
 .text.set_output
                0x0000000008000244       0x78 build/hd44780.o
 .text.enable   0x00000000080002bc       0x48 build/hd44780.o
 .text.write    0x0000000008000304       0xc0 build/hd44780.o
 .text.read_busy
                0x00000000080003c4       0x78 build/hd44780.o
 .text.task_add
                0x000000000800043c       0xf4 build/hd44780.o
 .text.task_del
                0x0000000008000530       0x4c build/hd44780.o
 .text.exec     0x000000000800057c       0xdc build/hd44780.o
 .text.hd44780_brightness
                0x0000000008000658       0x44 build/hd44780.o
                0x0000000008000658                hd44780_brightness
 .text.hd44780_clear
                0x000000000800069c       0x20 build/hd44780.o
                0x000000000800069c                hd44780_clear
 .text.hd44780_home
                0x00000000080006bc       0x20 build/hd44780.o
                0x00000000080006bc                hd44780_home
 .text.hd44780_display
                0x00000000080006dc       0x78 build/hd44780.o
                0x00000000080006dc                hd44780_display
 .text.hd44780_position
                0x0000000008000754       0x60 build/hd44780.o
                0x0000000008000754                hd44780_position
 .text.hd44780_cgram
                0x00000000080007b4       0x74 build/hd44780.o
                0x00000000080007b4                hd44780_cgram
 .text.hd44780_put
                0x0000000008000828       0x2c build/hd44780.o
                0x0000000008000828                hd44780_put
 .text.hd44780_print
                0x0000000008000854       0x48 build/hd44780.o
                0x0000000008000854                hd44780_print
 .text.hd44780_printf
                0x000000000800089c       0x5c build/hd44780.o
                0x000000000800089c                hd44780_printf
 .text.hd44780_init
                0x00000000080008f8      0x268 build/hd44780.o
                0x00000000080008f8                hd44780_init
 .text.TIM3_IRQHandler
                0x0000000008000b60       0x14 build/hd44780.o
                0x0000000008000b60                TIM3_IRQHandler
 .text.clock_init
                0x0000000008000b74        0xc build/clock.o
                0x0000000008000b74                clock_init
 .text.clock_get_time
                0x0000000008000b80       0x1c build/clock.o
                0x0000000008000b80                clock_get_time
 .text.clock_set_time
                0x0000000008000b9c       0x40 build/clock.o
                0x0000000008000b9c                clock_set_time
 .text.clock_reg_read
                0x0000000008000bdc       0x20 build/clock.o
                0x0000000008000bdc                clock_reg_read
 .text.clock_reg_write
                0x0000000008000bfc       0x20 build/clock.o
                0x0000000008000bfc                clock_reg_write
 .text.clock_alarm_read
                0x0000000008000c1c       0x24 build/clock.o
                0x0000000008000c1c                clock_alarm_read
 .text.clock_alarm_get
                0x0000000008000c40       0x14 build/clock.o
                0x0000000008000c40                clock_alarm_get
 .text.clock_alarm_set
                0x0000000008000c54       0x68 build/clock.o
                0x0000000008000c54                clock_alarm_set
 .text.speaker_update
                0x0000000008000cbc       0x74 build/speaker.o
                0x0000000008000cbc                speaker_update
 .text.speaker_start
                0x0000000008000d30       0x18 build/speaker.o
                0x0000000008000d30                speaker_start
 .text.speaker_stop
                0x0000000008000d48       0x18 build/speaker.o
                0x0000000008000d48                speaker_stop
 .text.controls_init
                0x0000000008000d60       0x84 build/controls.o
                0x0000000008000d60                controls_init
 .text.controls_init_encoder_state
                0x0000000008000de4       0x48 build/controls.o
                0x0000000008000de4                controls_init_encoder_state
 .text._controls_button_handle
                0x0000000008000e2c       0x30 build/controls.o
                0x0000000008000e2c                _controls_button_handle
 .text._controls_encoder_handle
                0x0000000008000e5c       0x34 build/controls.o
                0x0000000008000e5c                _controls_encoder_handle
 .text.controls_update
                0x0000000008000e90      0x238 build/controls.o
                0x0000000008000e90                controls_update
 .text.controls_set_buttons_handler
                0x00000000080010c8       0x1c build/controls.o
                0x00000000080010c8                controls_set_buttons_handler
 .text.controls_set_encoder_handler
                0x00000000080010e4       0x3c build/controls.o
                0x00000000080010e4                controls_set_encoder_handler
 .text.controls_millis
                0x0000000008001120       0x10 build/controls.o
                0x0000000008001120                controls_millis
 .text.SystemInit
                0x0000000008001130       0x68 build/system_stm32f1xx.o
                0x0000000008001130                SystemInit
 .text.HAL_RCC_OscConfig
                0x0000000008001198      0xe38 build/stm32f1xx_hal_rcc.o
                0x0000000008001198                HAL_RCC_OscConfig
 .text.HAL_RCC_ClockConfig
                0x0000000008001fd0      0x37c build/stm32f1xx_hal_rcc.o
                0x0000000008001fd0                HAL_RCC_ClockConfig
 .text.HAL_RCC_GetSysClockFreq
                0x000000000800234c       0xf4 build/stm32f1xx_hal_rcc.o
                0x000000000800234c                HAL_RCC_GetSysClockFreq
 .text.HAL_RCC_GetHCLKFreq
                0x0000000008002440       0x18 build/stm32f1xx_hal_rcc.o
                0x0000000008002440                HAL_RCC_GetHCLKFreq
 .text.HAL_RCC_GetPCLK1Freq
                0x0000000008002458       0x44 build/stm32f1xx_hal_rcc.o
                0x0000000008002458                HAL_RCC_GetPCLK1Freq
 .text.HAL_RCC_GetPCLK2Freq
                0x000000000800249c       0x44 build/stm32f1xx_hal_rcc.o
                0x000000000800249c                HAL_RCC_GetPCLK2Freq
 .text.HAL_ADC_Init
                0x00000000080024e0      0x1fc build/stm32f1xx_hal_adc.o
                0x00000000080024e0                HAL_ADC_Init
 .text.HAL_ADC_ConfigChannel
                0x00000000080026dc      0x2ac build/stm32f1xx_hal_adc.o
                0x00000000080026dc                HAL_ADC_ConfigChannel
 .text.ADC_ConversionStop_Disable
                0x0000000008002988       0x74 build/stm32f1xx_hal_adc.o
                0x0000000008002988                ADC_ConversionStop_Disable
 .text.HAL_RTC_Init
                0x00000000080029fc      0x12c build/stm32f1xx_hal_rtc.o
                0x00000000080029fc                HAL_RTC_Init
 .text.HAL_RTC_SetTime
                0x0000000008002b28      0x130 build/stm32f1xx_hal_rtc.o
                0x0000000008002b28                HAL_RTC_SetTime
 .text.HAL_RTC_GetTime
                0x0000000008002c58      0x1b0 build/stm32f1xx_hal_rtc.o
                0x0000000008002c58                HAL_RTC_GetTime
 .text.HAL_RTC_WaitForSynchro
                0x0000000008002e08       0x5c build/stm32f1xx_hal_rtc.o
                0x0000000008002e08                HAL_RTC_WaitForSynchro
 .text.RTC_ReadTimeCounter
                0x0000000008002e64       0x64 build/stm32f1xx_hal_rtc.o
 .text.RTC_WriteTimeCounter
                0x0000000008002ec8       0x50 build/stm32f1xx_hal_rtc.o
 .text.RTC_ReadAlarmCounter
                0x0000000008002f18       0x34 build/stm32f1xx_hal_rtc.o
 .text.RTC_WriteAlarmCounter
                0x0000000008002f4c       0x50 build/stm32f1xx_hal_rtc.o
 .text.RTC_EnterInitMode
                0x0000000008002f9c       0x50 build/stm32f1xx_hal_rtc.o
 .text.RTC_ExitInitMode
                0x0000000008002fec       0x50 build/stm32f1xx_hal_rtc.o
 .text.RTC_ByteToBcd2
                0x000000000800303c       0x3c build/stm32f1xx_hal_rtc.o
 .text.RTC_Bcd2ToByte
                0x0000000008003078       0x3c build/stm32f1xx_hal_rtc.o
 .text.RTC_DateUpdate
                0x00000000080030b4      0x154 build/stm32f1xx_hal_rtc.o
 .text.RTC_IsLeapYear
                0x0000000008003208       0x68 build/stm32f1xx_hal_rtc.o
 .text.RTC_WeekDayNum
                0x0000000008003270      0x100 build/stm32f1xx_hal_rtc.o
 .text.HAL_RCCEx_PeriphCLKConfig
                0x0000000008003370      0x1ec build/stm32f1xx_hal_rcc_ex.o
                0x0000000008003370                HAL_RCCEx_PeriphCLKConfig
 .text.HAL_RCCEx_GetPeriphCLKFreq
                0x000000000800355c      0x1c0 build/stm32f1xx_hal_rcc_ex.o
                0x000000000800355c                HAL_RCCEx_GetPeriphCLKFreq
 .text.HAL_Init
                0x000000000800371c       0x2c build/stm32f1xx_hal.o
                0x000000000800371c                HAL_Init
 .text.HAL_InitTick
                0x0000000008003748       0x38 build/stm32f1xx_hal.o
                0x0000000008003748                HAL_InitTick
 .text.HAL_IncTick
                0x0000000008003780       0x1c build/stm32f1xx_hal.o
                0x0000000008003780                HAL_IncTick
 .text.HAL_GetTick
                0x000000000800379c       0x18 build/stm32f1xx_hal.o
                0x000000000800379c                HAL_GetTick
 .text.HAL_Delay
                0x00000000080037b4       0x2c build/stm32f1xx_hal.o
                0x00000000080037b4                HAL_Delay
 .text.HAL_GPIO_Init
                0x00000000080037e0      0x2bc build/stm32f1xx_hal_gpio.o
                0x00000000080037e0                HAL_GPIO_Init
 .text.HAL_GPIO_ReadPin
                0x0000000008003a9c       0x30 build/stm32f1xx_hal_gpio.o
                0x0000000008003a9c                HAL_GPIO_ReadPin
 .text.HAL_GPIO_WritePin
                0x0000000008003acc       0x30 build/stm32f1xx_hal_gpio.o
                0x0000000008003acc                HAL_GPIO_WritePin
 .text.HAL_GPIO_TogglePin
                0x0000000008003afc       0x24 build/stm32f1xx_hal_gpio.o
                0x0000000008003afc                HAL_GPIO_TogglePin
 .text.HAL_RTCEx_BKUPWrite
                0x0000000008003b20       0x34 build/stm32f1xx_hal_rtc_ex.o
                0x0000000008003b20                HAL_RTCEx_BKUPWrite
 .text.HAL_RTCEx_BKUPRead
                0x0000000008003b54       0x3c build/stm32f1xx_hal_rtc_ex.o
                0x0000000008003b54                HAL_RTCEx_BKUPRead
 .text.HAL_TIMEx_MasterConfigSynchronization
                0x0000000008003b90       0x8c build/stm32f1xx_hal_tim_ex.o
                0x0000000008003b90                HAL_TIMEx_MasterConfigSynchronization
 .text.HAL_TIMEx_CommutationCallback
                0x0000000008003c1c       0x14 build/stm32f1xx_hal_tim_ex.o
                0x0000000008003c1c                HAL_TIMEx_CommutationCallback
 .text.HAL_TIMEx_BreakCallback
                0x0000000008003c30       0x14 build/stm32f1xx_hal_tim_ex.o
                0x0000000008003c30                HAL_TIMEx_BreakCallback
 .text.HAL_TIM_Base_Init
                0x0000000008003c44       0x58 build/stm32f1xx_hal_tim.o
                0x0000000008003c44                HAL_TIM_Base_Init
 .text.HAL_TIM_Base_Start_IT
                0x0000000008003c9c       0x38 build/stm32f1xx_hal_tim.o
                0x0000000008003c9c                HAL_TIM_Base_Start_IT
 .text.HAL_TIM_Encoder_Init
                0x0000000008003cd4      0x12c build/stm32f1xx_hal_tim.o
                0x0000000008003cd4                HAL_TIM_Encoder_Init
 .text.HAL_TIM_Encoder_Start
                0x0000000008003e00       0x70 build/stm32f1xx_hal_tim.o
                0x0000000008003e00                HAL_TIM_Encoder_Start
 .text.HAL_TIM_IRQHandler
                0x0000000008003e70      0x210 build/stm32f1xx_hal_tim.o
                0x0000000008003e70                HAL_TIM_IRQHandler
 .text.HAL_TIM_ConfigClockSource
                0x0000000008004080      0x1c4 build/stm32f1xx_hal_tim.o
                0x0000000008004080                HAL_TIM_ConfigClockSource
 .text.HAL_TIM_OC_DelayElapsedCallback
                0x0000000008004244       0x14 build/stm32f1xx_hal_tim.o
                0x0000000008004244                HAL_TIM_OC_DelayElapsedCallback
 .text.HAL_TIM_IC_CaptureCallback
                0x0000000008004258       0x14 build/stm32f1xx_hal_tim.o
                0x0000000008004258                HAL_TIM_IC_CaptureCallback
 .text.HAL_TIM_PWM_PulseFinishedCallback
                0x000000000800426c       0x14 build/stm32f1xx_hal_tim.o
                0x000000000800426c                HAL_TIM_PWM_PulseFinishedCallback
 .text.HAL_TIM_TriggerCallback
                0x0000000008004280       0x14 build/stm32f1xx_hal_tim.o
                0x0000000008004280                HAL_TIM_TriggerCallback
 .text.TIM_Base_SetConfig
                0x0000000008004294       0xbc build/stm32f1xx_hal_tim.o
                0x0000000008004294                TIM_Base_SetConfig
 .text.TIM_TI1_ConfigInputStage
                0x0000000008004350       0x64 build/stm32f1xx_hal_tim.o
 .text.TIM_TI2_ConfigInputStage
                0x00000000080043b4       0x68 build/stm32f1xx_hal_tim.o
 .text.TIM_ITRx_SetConfig
                0x000000000800441c       0x40 build/stm32f1xx_hal_tim.o
 .text.TIM_ETR_SetConfig
                0x000000000800445c       0x44 build/stm32f1xx_hal_tim.o
 .text.TIM_CCxChannelCmd
                0x00000000080044a0       0x44 build/stm32f1xx_hal_tim.o
                0x00000000080044a0                TIM_CCxChannelCmd
 .text.NVIC_SetPriorityGrouping
                0x00000000080044e4       0x48 build/stm32f1xx_hal_cortex.o
 .text.NVIC_GetPriorityGrouping
                0x000000000800452c       0x1c build/stm32f1xx_hal_cortex.o
 .text.NVIC_EnableIRQ
                0x0000000008004548       0x30 build/stm32f1xx_hal_cortex.o
 .text.NVIC_SetPriority
                0x0000000008004578       0x54 build/stm32f1xx_hal_cortex.o
 .text.NVIC_EncodePriority
                0x00000000080045cc       0x64 build/stm32f1xx_hal_cortex.o
 .text.SysTick_Config
                0x0000000008004630       0x44 build/stm32f1xx_hal_cortex.o
 .text.HAL_NVIC_SetPriorityGrouping
                0x0000000008004674       0x14 build/stm32f1xx_hal_cortex.o
                0x0000000008004674                HAL_NVIC_SetPriorityGrouping
 .text.HAL_NVIC_SetPriority
                0x0000000008004688       0x38 build/stm32f1xx_hal_cortex.o
                0x0000000008004688                HAL_NVIC_SetPriority
 .text.HAL_NVIC_EnableIRQ
                0x00000000080046c0       0x1c build/stm32f1xx_hal_cortex.o
                0x00000000080046c0                HAL_NVIC_EnableIRQ
 .text.HAL_SYSTICK_Config
                0x00000000080046dc       0x18 build/stm32f1xx_hal_cortex.o
                0x00000000080046dc                HAL_SYSTICK_Config
 .text.HAL_SYSTICK_CLKSourceConfig
                0x00000000080046f4       0x38 build/stm32f1xx_hal_cortex.o
                0x00000000080046f4                HAL_SYSTICK_CLKSourceConfig
 .text.HAL_SYSTICK_IRQHandler
                0x000000000800472c        0xc build/stm32f1xx_hal_cortex.o
                0x000000000800472c                HAL_SYSTICK_IRQHandler
 .text.HAL_SYSTICK_Callback
                0x0000000008004738        0xc build/stm32f1xx_hal_cortex.o
                0x0000000008004738                HAL_SYSTICK_Callback
 .text.HAL_PWR_EnableBkUpAccess
                0x0000000008004744       0x34 build/stm32f1xx_hal_pwr.o
                0x0000000008004744                HAL_PWR_EnableBkUpAccess
 .text.HAL_UART_Init
                0x0000000008004778       0x94 build/stm32f1xx_hal_uart.o
                0x0000000008004778                HAL_UART_Init
 .text.HAL_UART_Transmit
                0x000000000800480c      0x150 build/stm32f1xx_hal_uart.o
                0x000000000800480c                HAL_UART_Transmit
 .text.UART_WaitOnFlagUntilTimeout
                0x000000000800495c      0x134 build/stm32f1xx_hal_uart.o
 .text.UART_SetConfig
                0x0000000008004a90      0x228 build/stm32f1xx_hal_uart.o
 .text.app_set_time
                0x0000000008004cb8       0x14 build/app_set_time.o
                0x0000000008004cb8                app_set_time
 .text.app_set_time_open
                0x0000000008004ccc       0x40 build/app_set_time.o
                0x0000000008004ccc                app_set_time_open
 .text.app_set_time_update
                0x0000000008004d0c       0x44 build/app_set_time.o
                0x0000000008004d0c                app_set_time_update
 .text.app_set_time_draw
                0x0000000008004d50       0xe0 build/app_set_time.o
                0x0000000008004d50                app_set_time_draw
 .text.app_set_time_encoder
                0x0000000008004e30       0x58 build/app_set_time.o
                0x0000000008004e30                app_set_time_encoder
 .text.app_set_time_buttons
                0x0000000008004e88       0xe8 build/app_set_time.o
                0x0000000008004e88                app_set_time_buttons
 .text.app_set_time_can_close
                0x0000000008004f70       0x10 build/app_set_time.o
                0x0000000008004f70                app_set_time_can_close
 .text.app_set_time_close
                0x0000000008004f80       0x10 build/app_set_time.o
                0x0000000008004f80                app_set_time_close
 .text.app_clock
                0x0000000008004f90       0x14 build/app_clock.o
                0x0000000008004f90                app_clock
 .text.app_clock_open
                0x0000000008004fa4        0xc build/app_clock.o
                0x0000000008004fa4                app_clock_open
 .text.app_clock_update
                0x0000000008004fb0        0xc build/app_clock.o
                0x0000000008004fb0                app_clock_update
 .text.app_clock_draw
                0x0000000008004fbc       0x70 build/app_clock.o
                0x0000000008004fbc                app_clock_draw
 .text.app_clock_encoder
                0x000000000800502c       0x1c build/app_clock.o
                0x000000000800502c                app_clock_encoder
 .text.app_clock_buttons
                0x0000000008005048       0x58 build/app_clock.o
                0x0000000008005048                app_clock_buttons
 .text.app_clock_can_close
                0x00000000080050a0       0x10 build/app_clock.o
                0x00000000080050a0                app_clock_can_close
 .text.app_clock_close
                0x00000000080050b0       0x10 build/app_clock.o
                0x00000000080050b0                app_clock_close
 .text.apps_init
                0x00000000080050c0       0x34 build/app.o
                0x00000000080050c0                apps_init
 .text.apps_update
                0x00000000080050f4       0x1c build/app.o
                0x00000000080050f4                apps_update
 .text.apps_draw
                0x0000000008005110       0x1c build/app.o
                0x0000000008005110                apps_draw
 .text.app_set  0x000000000800512c       0x40 build/app.o
                0x000000000800512c                app_set
 .text.app_switch
                0x000000000800516c       0x4c build/app.o
                0x000000000800516c                app_switch
 .text.apps_preset_encoder
                0x00000000080051b8       0x50 build/app.o
                0x00000000080051b8                apps_preset_encoder
 .text.apps_input_buttons
                0x0000000008005208       0xa8 build/app.o
                0x0000000008005208                apps_input_buttons
 .text.apps_input_encoder
                0x00000000080052b0       0x38 build/app.o
                0x00000000080052b0                apps_input_encoder
 .text.HAL_MspInit
                0x00000000080052e8       0x98 build/stm32f1xx_hal_msp.o
                0x00000000080052e8                HAL_MspInit
 .text.MX_USART1_UART_Init
                0x0000000008005380       0x50 build/usart.o
                0x0000000008005380                MX_USART1_UART_Init
 .text.HAL_UART_MspInit
                0x00000000080053d0       0x70 build/usart.o
                0x00000000080053d0                HAL_UART_MspInit
 .text.MX_GPIO_Init
                0x0000000008005440       0xe0 build/gpio.o
                0x0000000008005440                MX_GPIO_Init
 .text.NMI_Handler
                0x0000000008005520        0xc build/stm32f1xx_it.o
                0x0000000008005520                NMI_Handler
 .text.HardFault_Handler
                0x000000000800552c        0x8 build/stm32f1xx_it.o
                0x000000000800552c                HardFault_Handler
 .text.MemManage_Handler
                0x0000000008005534        0x8 build/stm32f1xx_it.o
                0x0000000008005534                MemManage_Handler
 .text.BusFault_Handler
                0x000000000800553c        0x8 build/stm32f1xx_it.o
                0x000000000800553c                BusFault_Handler
 .text.UsageFault_Handler
                0x0000000008005544        0x8 build/stm32f1xx_it.o
                0x0000000008005544                UsageFault_Handler
 .text.SVC_Handler
                0x000000000800554c        0xc build/stm32f1xx_it.o
                0x000000000800554c                SVC_Handler
 .text.DebugMon_Handler
                0x0000000008005558        0xc build/stm32f1xx_it.o
                0x0000000008005558                DebugMon_Handler
 .text.PendSV_Handler
                0x0000000008005564        0xc build/stm32f1xx_it.o
                0x0000000008005564                PendSV_Handler
 .text.SysTick_Handler
                0x0000000008005570       0x10 build/stm32f1xx_it.o
                0x0000000008005570                SysTick_Handler
 .text.TIM2_IRQHandler
                0x0000000008005580       0x10 build/stm32f1xx_it.o
                0x0000000008005580                TIM2_IRQHandler
 .text.MX_ADC1_Init
                0x0000000008005590       0x70 build/adc.o
                0x0000000008005590                MX_ADC1_Init
 .text.HAL_ADC_MspInit
                0x0000000008005600       0x50 build/adc.o
                0x0000000008005600                HAL_ADC_MspInit
 .text.MX_TIM2_Init
                0x0000000008005650       0x7c build/tim.o
                0x0000000008005650                MX_TIM2_Init
 .text.MX_TIM4_Init
                0x00000000080056cc       0x88 build/tim.o
                0x00000000080056cc                MX_TIM4_Init
 .text.HAL_TIM_Base_MspInit
                0x0000000008005754       0x44 build/tim.o
                0x0000000008005754                HAL_TIM_Base_MspInit
 .text.HAL_TIM_Encoder_MspInit
                0x0000000008005798       0x54 build/tim.o
                0x0000000008005798                HAL_TIM_Encoder_MspInit
 .text._write   0x00000000080057ec       0x2c build/printf.o
                0x00000000080057ec                _write
 .text.MX_RTC_Init
                0x0000000008005818       0x34 build/rtc.o
                0x0000000008005818                MX_RTC_Init
 .text.HAL_RTC_MspInit
                0x000000000800584c       0x64 build/rtc.o
                0x000000000800584c                HAL_RTC_MspInit
 .text.HAL_TIM_PeriodElapsedCallback
                0x00000000080058b0       0x14 build/main.o
                0x00000000080058b0                HAL_TIM_PeriodElapsedCallback
 .text.main     0x00000000080058c4      0x108 build/main.o
                0x00000000080058c4                main
 .text.SystemClock_Config
                0x00000000080059cc       0xbc build/main.o
                0x00000000080059cc                SystemClock_Config
 .text.Error_Handler
                0x0000000008005a88        0x8 build/main.o
                0x0000000008005a88                Error_Handler
 .text.Reset_Handler
                0x0000000008005a90       0x48 build/startup_stm32f103xb.o
                0x0000000008005a90                Reset_Handler
 .text.Default_Handler
                0x0000000008005ad8        0x2 build/startup_stm32f103xb.o
                0x0000000008005ad8                RTC_Alarm_IRQHandler
                0x0000000008005ad8                EXTI2_IRQHandler
                0x0000000008005ad8                TIM1_CC_IRQHandler
                0x0000000008005ad8                PVD_IRQHandler
                0x0000000008005ad8                EXTI3_IRQHandler
                0x0000000008005ad8                EXTI0_IRQHandler
                0x0000000008005ad8                I2C2_EV_IRQHandler
                0x0000000008005ad8                ADC1_2_IRQHandler
                0x0000000008005ad8                SPI1_IRQHandler
                0x0000000008005ad8                TAMPER_IRQHandler
                0x0000000008005ad8                DMA1_Channel4_IRQHandler
                0x0000000008005ad8                USART3_IRQHandler
                0x0000000008005ad8                RTC_IRQHandler
                0x0000000008005ad8                DMA1_Channel7_IRQHandler
                0x0000000008005ad8                CAN1_RX1_IRQHandler
                0x0000000008005ad8                TIM4_IRQHandler
                0x0000000008005ad8                I2C1_EV_IRQHandler
                0x0000000008005ad8                DMA1_Channel6_IRQHandler
                0x0000000008005ad8                RCC_IRQHandler
                0x0000000008005ad8                TIM1_TRG_COM_IRQHandler
                0x0000000008005ad8                DMA1_Channel1_IRQHandler
                0x0000000008005ad8                Default_Handler
                0x0000000008005ad8                EXTI15_10_IRQHandler
                0x0000000008005ad8                EXTI9_5_IRQHandler
                0x0000000008005ad8                SPI2_IRQHandler
                0x0000000008005ad8                DMA1_Channel5_IRQHandler
                0x0000000008005ad8                EXTI4_IRQHandler
                0x0000000008005ad8                USB_LP_CAN1_RX0_IRQHandler
                0x0000000008005ad8                USB_HP_CAN1_TX_IRQHandler
                0x0000000008005ad8                DMA1_Channel3_IRQHandler
                0x0000000008005ad8                TIM1_UP_IRQHandler
                0x0000000008005ad8                WWDG_IRQHandler
                0x0000000008005ad8                TIM1_BRK_IRQHandler
                0x0000000008005ad8                EXTI1_IRQHandler
                0x0000000008005ad8                USART2_IRQHandler
                0x0000000008005ad8                I2C2_ER_IRQHandler
                0x0000000008005ad8                DMA1_Channel2_IRQHandler
                0x0000000008005ad8                CAN1_SCE_IRQHandler
                0x0000000008005ad8                FLASH_IRQHandler
                0x0000000008005ad8                USART1_IRQHandler
                0x0000000008005ad8                I2C1_ER_IRQHandler
                0x0000000008005ad8                USBWakeUp_IRQHandler
 *fill*         0x0000000008005ada        0x2 
 .text.__libc_init_array
                0x0000000008005adc       0x4c /usr/lib/gcc/arm-none-eabi/4.9/../../../arm-none-eabi/lib/armv7-m/libc_nano.a(lib_a-init.o)
                0x0000000008005adc                __libc_init_array
 .text.memset   0x0000000008005b28       0x10 /usr/lib/gcc/arm-none-eabi/4.9/../../../arm-none-eabi/lib/armv7-m/libc_nano.a(lib_a-memset.o)
                0x0000000008005b28                memset
 .text.printf   0x0000000008005b38       0x30 /usr/lib/gcc/arm-none-eabi/4.9/../../../arm-none-eabi/lib/armv7-m/libc_nano.a(lib_a-printf.o)
                0x0000000008005b38                printf
                0x0000000008005b38                iprintf
 .text._vsprintf_r
                0x0000000008005b68       0x30 /usr/lib/gcc/arm-none-eabi/4.9/../../../arm-none-eabi/lib/armv7-m/libc_nano.a(lib_a-vsprintf.o)
                0x0000000008005b68                _vsiprintf_r
                0x0000000008005b68                _vsprintf_r
 .text.vsprintf
                0x0000000008005b98       0x1c /usr/lib/gcc/arm-none-eabi/4.9/../../../arm-none-eabi/lib/armv7-m/libc_nano.a(lib_a-vsprintf.o)
                0x0000000008005b98                vsprintf
                0x0000000008005b98                vsiprintf
 .text._cleanup_r
                0x0000000008005bb4        0xc /usr/lib/gcc/arm-none-eabi/4.9/../../../arm-none-eabi/lib/armv7-m/libc_nano.a(lib_a-findfp.o)
                0x0000000008005bb4                _cleanup_r
 .text.std.isra.0
                0x0000000008005bc0       0x48 /usr/lib/gcc/arm-none-eabi/4.9/../../../arm-none-eabi/lib/armv7-m/libc_nano.a(lib_a-findfp.o)
 .text.__sfmoreglue
                0x0000000008005c08       0x2c /usr/lib/gcc/arm-none-eabi/4.9/../../../arm-none-eabi/lib/armv7-m/libc_nano.a(lib_a-findfp.o)
                0x0000000008005c08                __sfmoreglue
 .text.__sinit  0x0000000008005c34       0x60 /usr/lib/gcc/arm-none-eabi/4.9/../../../arm-none-eabi/lib/armv7-m/libc_nano.a(lib_a-findfp.o)
                0x0000000008005c34                __sinit
 .text.__sfp    0x0000000008005c94       0x74 /usr/lib/gcc/arm-none-eabi/4.9/../../../arm-none-eabi/lib/armv7-m/libc_nano.a(lib_a-findfp.o)
                0x0000000008005c94                __sfp
 .text.__sfp_lock_acquire
                0x0000000008005d08        0x2 /usr/lib/gcc/arm-none-eabi/4.9/../../../arm-none-eabi/lib/armv7-m/libc_nano.a(lib_a-findfp.o)
                0x0000000008005d08                __sfp_lock_acquire
 .text.__sfp_lock_release
                0x0000000008005d0a        0x2 /usr/lib/gcc/arm-none-eabi/4.9/../../../arm-none-eabi/lib/armv7-m/libc_nano.a(lib_a-findfp.o)
                0x0000000008005d0a                __sfp_lock_release
 .text._fwalk_reent
                0x0000000008005d0c       0x3c /usr/lib/gcc/arm-none-eabi/4.9/../../../arm-none-eabi/lib/armv7-m/libc_nano.a(lib_a-fwalk.o)
                0x0000000008005d0c                _fwalk_reent
 .text._malloc_r
                0x0000000008005d48       0xac /usr/lib/gcc/arm-none-eabi/4.9/../../../arm-none-eabi/lib/armv7-m/libc_nano.a(lib_a-nano-mallocr.o)
                0x0000000008005d48                _malloc_r
 .text.__ssputs_r
                0x0000000008005df4       0xb8 /usr/lib/gcc/arm-none-eabi/4.9/../../../arm-none-eabi/lib/armv7-m/libc_nano.a(lib_a-nano-svfprintf.o)
                0x0000000008005df4                __ssputs_r
 .text._svfprintf_r
                0x0000000008005eac      0x1d8 /usr/lib/gcc/arm-none-eabi/4.9/../../../arm-none-eabi/lib/armv7-m/libc_nano.a(lib_a-nano-svfprintf.o)
                0x0000000008005eac                _svfprintf_r
                0x0000000008005eac                _svfiprintf_r
 .text._printf_common
                0x0000000008006084       0xe4 /usr/lib/gcc/arm-none-eabi/4.9/../../../arm-none-eabi/lib/armv7-m/libc_nano.a(lib_a-nano-vfprintf_i.o)
                0x0000000008006084                _printf_common
 .text._printf_i
                0x0000000008006168      0x22c /usr/lib/gcc/arm-none-eabi/4.9/../../../arm-none-eabi/lib/armv7-m/libc_nano.a(lib_a-nano-vfprintf_i.o)
                0x0000000008006168                _printf_i
 .text.__sfputc_r
                0x0000000008006394       0x2c /usr/lib/gcc/arm-none-eabi/4.9/../../../arm-none-eabi/lib/armv7-m/libc_nano.a(lib_a-nano-vfprintf.o)
 .text.__sfputs_r
                0x00000000080063c0       0x24 /usr/lib/gcc/arm-none-eabi/4.9/../../../arm-none-eabi/lib/armv7-m/libc_nano.a(lib_a-nano-vfprintf.o)
                0x00000000080063c0                __sfputs_r
 .text._vfprintf_r
                0x00000000080063e4      0x208 /usr/lib/gcc/arm-none-eabi/4.9/../../../arm-none-eabi/lib/armv7-m/libc_nano.a(lib_a-nano-vfprintf.o)
                0x00000000080063e4                _vfiprintf_r
                0x00000000080063e4                _vfprintf_r
 .text._sbrk_r  0x00000000080065ec       0x20 /usr/lib/gcc/arm-none-eabi/4.9/../../../arm-none-eabi/lib/armv7-m/libc_nano.a(lib_a-sbrkr.o)
                0x00000000080065ec                _sbrk_r
 .text.__sread  0x000000000800660c       0x22 /usr/lib/gcc/arm-none-eabi/4.9/../../../arm-none-eabi/lib/armv7-m/libc_nano.a(lib_a-stdio.o)
                0x000000000800660c                __sread
 .text.__swrite
                0x000000000800662e       0x38 /usr/lib/gcc/arm-none-eabi/4.9/../../../arm-none-eabi/lib/armv7-m/libc_nano.a(lib_a-stdio.o)
                0x000000000800662e                __swrite
 .text.__sseek  0x0000000008006666       0x24 /usr/lib/gcc/arm-none-eabi/4.9/../../../arm-none-eabi/lib/armv7-m/libc_nano.a(lib_a-stdio.o)
                0x0000000008006666                __sseek
 .text.__sclose
                0x000000000800668a        0x8 /usr/lib/gcc/arm-none-eabi/4.9/../../../arm-none-eabi/lib/armv7-m/libc_nano.a(lib_a-stdio.o)
                0x000000000800668a                __sclose
 .text.strlen   0x0000000008006692       0x10 /usr/lib/gcc/arm-none-eabi/4.9/../../../arm-none-eabi/lib/armv7-m/libc_nano.a(lib_a-strlen.o)
                0x0000000008006692                strlen
 *fill*         0x00000000080066a2        0x2 
 .text.__swbuf_r
                0x00000000080066a4       0xa8 /usr/lib/gcc/arm-none-eabi/4.9/../../../arm-none-eabi/lib/armv7-m/libc_nano.a(lib_a-wbuf.o)
                0x00000000080066a4                __swbuf_r
 .text._write_r
                0x000000000800674c       0x24 /usr/lib/gcc/arm-none-eabi/4.9/../../../arm-none-eabi/lib/armv7-m/libc_nano.a(lib_a-writer.o)
                0x000000000800674c                _write_r
 .text.__swsetup_r
                0x0000000008006770       0xdc /usr/lib/gcc/arm-none-eabi/4.9/../../../arm-none-eabi/lib/armv7-m/libc_nano.a(lib_a-wsetup.o)
                0x0000000008006770                __swsetup_r
 .text._close_r
                0x000000000800684c       0x20 /usr/lib/gcc/arm-none-eabi/4.9/../../../arm-none-eabi/lib/armv7-m/libc_nano.a(lib_a-closer.o)
                0x000000000800684c                _close_r
 .text._fclose_r
                0x000000000800686c       0xa4 /usr/lib/gcc/arm-none-eabi/4.9/../../../arm-none-eabi/lib/armv7-m/libc_nano.a(lib_a-fclose.o)
                0x000000000800686c                _fclose_r
 .text.__sflush_r
                0x0000000008006910      0x106 /usr/lib/gcc/arm-none-eabi/4.9/../../../arm-none-eabi/lib/armv7-m/libc_nano.a(lib_a-fflush.o)
                0x0000000008006910                __sflush_r
 *fill*         0x0000000008006a16        0x2 
 .text._fflush_r
                0x0000000008006a18       0x54 /usr/lib/gcc/arm-none-eabi/4.9/../../../arm-none-eabi/lib/armv7-m/libc_nano.a(lib_a-fflush.o)
                0x0000000008006a18                _fflush_r
 .text._lseek_r
                0x0000000008006a6c       0x24 /usr/lib/gcc/arm-none-eabi/4.9/../../../arm-none-eabi/lib/armv7-m/libc_nano.a(lib_a-lseekr.o)
                0x0000000008006a6c                _lseek_r
 .text.__smakebuf_r
                0x0000000008006a90       0x98 /usr/lib/gcc/arm-none-eabi/4.9/../../../arm-none-eabi/lib/armv7-m/libc_nano.a(lib_a-makebuf.o)
                0x0000000008006a90                __smakebuf_r
 .text.memchr   0x0000000008006b28       0x1c /usr/lib/gcc/arm-none-eabi/4.9/../../../arm-none-eabi/lib/armv7-m/libc_nano.a(lib_a-memchr-stub.o)
                0x0000000008006b28                memchr
 .text.memcpy   0x0000000008006b44       0x12 /usr/lib/gcc/arm-none-eabi/4.9/../../../arm-none-eabi/lib/armv7-m/libc_nano.a(lib_a-memcpy-stub.o)
                0x0000000008006b44                memcpy
 .text.memmove  0x0000000008006b56       0x36 /usr/lib/gcc/arm-none-eabi/4.9/../../../arm-none-eabi/lib/armv7-m/libc_nano.a(lib_a-memmove.o)
                0x0000000008006b56                memmove
 .text._free_r  0x0000000008006b8c       0x88 /usr/lib/gcc/arm-none-eabi/4.9/../../../arm-none-eabi/lib/armv7-m/libc_nano.a(lib_a-nano-freer.o)
                0x0000000008006b8c                _free_r
 .text._realloc_r
                0x0000000008006c14       0x4c /usr/lib/gcc/arm-none-eabi/4.9/../../../arm-none-eabi/lib/armv7-m/libc_nano.a(lib_a-nano-reallocr.o)
                0x0000000008006c14                _realloc_r
 .text._read_r  0x0000000008006c60       0x24 /usr/lib/gcc/arm-none-eabi/4.9/../../../arm-none-eabi/lib/armv7-m/libc_nano.a(lib_a-readr.o)
                0x0000000008006c60                _read_r
 .text._fstat_r
                0x0000000008006c84       0x24 /usr/lib/gcc/arm-none-eabi/4.9/../../../arm-none-eabi/lib/armv7-m/libc_nano.a(lib_a-fstatr.o)
                0x0000000008006c84                _fstat_r
 .text._isatty_r
                0x0000000008006ca8       0x20 /usr/lib/gcc/arm-none-eabi/4.9/../../../arm-none-eabi/lib/armv7-m/libc_nano.a(lib_a-isattyr.o)
                0x0000000008006ca8                _isatty_r
 .text._malloc_usable_size_r
                0x0000000008006cc8       0x12 /usr/lib/gcc/arm-none-eabi/4.9/../../../arm-none-eabi/lib/armv7-m/libc_nano.a(lib_a-nano-msizer.o)
                0x0000000008006cc8                _malloc_usable_size_r
 *fill*         0x0000000008006cda        0x2 
 .text._close   0x0000000008006cdc       0x10 /usr/lib/gcc/arm-none-eabi/4.9/../../../arm-none-eabi/lib/armv7-m/libnosys.a(close.o)
                0x0000000008006cdc                _close
 .text._fstat   0x0000000008006cec       0x10 /usr/lib/gcc/arm-none-eabi/4.9/../../../arm-none-eabi/lib/armv7-m/libnosys.a(fstat.o)
                0x0000000008006cec                _fstat
 .text._isatty  0x0000000008006cfc       0x10 /usr/lib/gcc/arm-none-eabi/4.9/../../../arm-none-eabi/lib/armv7-m/libnosys.a(isatty.o)
                0x0000000008006cfc                _isatty
 .text._lseek   0x0000000008006d0c       0x10 /usr/lib/gcc/arm-none-eabi/4.9/../../../arm-none-eabi/lib/armv7-m/libnosys.a(lseek.o)
                0x0000000008006d0c                _lseek
 .text._read    0x0000000008006d1c       0x10 /usr/lib/gcc/arm-none-eabi/4.9/../../../arm-none-eabi/lib/armv7-m/libnosys.a(read.o)
                0x0000000008006d1c                _read
 .text._sbrk    0x0000000008006d2c       0x1c /usr/lib/gcc/arm-none-eabi/4.9/../../../arm-none-eabi/lib/armv7-m/libnosys.a(sbrk.o)
                0x0000000008006d2c                _sbrk
 *(.glue_7)
 .glue_7        0x0000000008006d48        0x0 linker stubs
 *(.glue_7t)
 .glue_7t       0x0000000008006d48        0x0 linker stubs
 *(.eh_frame)
 .eh_frame      0x0000000008006d48        0x0 /usr/lib/gcc/arm-none-eabi/4.9/armv7-m/crtbegin.o
 *(.init)
 .init          0x0000000008006d48        0x4 /usr/lib/gcc/arm-none-eabi/4.9/armv7-m/crti.o
                0x0000000008006d48                _init
 .init          0x0000000008006d4c        0x8 /usr/lib/gcc/arm-none-eabi/4.9/armv7-m/crtn.o
 *(.fini)
 .fini          0x0000000008006d54        0x4 /usr/lib/gcc/arm-none-eabi/4.9/armv7-m/crti.o
                0x0000000008006d54                _fini
 .fini          0x0000000008006d58        0x8 /usr/lib/gcc/arm-none-eabi/4.9/armv7-m/crtn.o
                0x0000000008006d60                . = ALIGN (0x4)
                0x0000000008006d60                _etext = .

.vfp11_veneer   0x0000000008006d60        0x0
 .vfp11_veneer  0x0000000008006d60        0x0 linker stubs

.v4_bx          0x0000000008006d60        0x0
 .v4_bx         0x0000000008006d60        0x0 linker stubs

.iplt           0x0000000008006d60        0x0
 .iplt          0x0000000008006d60        0x0 /usr/lib/gcc/arm-none-eabi/4.9/armv7-m/crtbegin.o

.rodata         0x0000000008006d60      0x1c0
                0x0000000008006d60                . = ALIGN (0x4)
 *(.rodata)
 .rodata        0x0000000008006d60        0x4 build/hd44780.o
 .rodata        0x0000000008006d64       0x30 build/controls.o
 .rodata        0x0000000008006d94       0x14 build/stm32f1xx_hal_rcc.o
 .rodata        0x0000000008006da8       0x14 build/stm32f1xx_hal_rcc_ex.o
 .rodata        0x0000000008006dbc       0x68 build/app_set_time.o
 .rodata        0x0000000008006e24       0x2c build/app_clock.o
 .rodata        0x0000000008006e50        0x4 build/app.o
 .rodata        0x0000000008006e54       0x18 build/main.o
 *(.rodata*)
 .rodata.AHBPrescTable
                0x0000000008006e6c       0x10 build/system_stm32f1xx.o
                0x0000000008006e6c                AHBPrescTable
 .rodata.APBPrescTable
                0x0000000008006e7c        0x8 build/system_stm32f1xx.o
                0x0000000008006e7c                APBPrescTable
 .rodata.str1.1
                0x0000000008006e84        0x2 /usr/lib/gcc/arm-none-eabi/4.9/../../../arm-none-eabi/lib/armv7-m/libc_nano.a(lib_a-impure.o)
 *fill*         0x0000000008006e86        0x2 
 .rodata._global_impure_ptr
                0x0000000008006e88        0x4 /usr/lib/gcc/arm-none-eabi/4.9/../../../arm-none-eabi/lib/armv7-m/libc_nano.a(lib_a-impure.o)
                0x0000000008006e88                _global_impure_ptr
 .rodata.__sf_fake_stdin
                0x0000000008006e8c       0x20 /usr/lib/gcc/arm-none-eabi/4.9/../../../arm-none-eabi/lib/armv7-m/libc_nano.a(lib_a-findfp.o)
                0x0000000008006e8c                __sf_fake_stdin
 .rodata.__sf_fake_stdout
                0x0000000008006eac       0x20 /usr/lib/gcc/arm-none-eabi/4.9/../../../arm-none-eabi/lib/armv7-m/libc_nano.a(lib_a-findfp.o)
                0x0000000008006eac                __sf_fake_stdout
 .rodata.__sf_fake_stderr
                0x0000000008006ecc       0x20 /usr/lib/gcc/arm-none-eabi/4.9/../../../arm-none-eabi/lib/armv7-m/libc_nano.a(lib_a-findfp.o)
                0x0000000008006ecc                __sf_fake_stderr
 .rodata.str1.1
                0x0000000008006eec       0x11 /usr/lib/gcc/arm-none-eabi/4.9/../../../arm-none-eabi/lib/armv7-m/libc_nano.a(lib_a-nano-svfprintf.o)
 .rodata.str1.1
                0x0000000008006efd       0x22 /usr/lib/gcc/arm-none-eabi/4.9/../../../arm-none-eabi/lib/armv7-m/libc_nano.a(lib_a-nano-vfprintf_i.o)
 .rodata.str1.1
                0x0000000008006f1f       0x11 /usr/lib/gcc/arm-none-eabi/4.9/../../../arm-none-eabi/lib/armv7-m/libc_nano.a(lib_a-nano-vfprintf.o)
                0x0000000008006f30                . = ALIGN (0x4)
 *fill*         0x0000000008006f1f        0x1 

.rel.dyn        0x0000000008006f20        0x0
 .rel.iplt      0x0000000008006f20        0x0 /usr/lib/gcc/arm-none-eabi/4.9/armv7-m/crtbegin.o

.ARM.extab
 *(.ARM.extab* .gnu.linkonce.armextab.*)

.ARM            0x0000000008006f20        0x0
                0x0000000008006f20                __exidx_start = .
 *(.ARM.exidx*)
                0x0000000008006f20                __exidx_end = .

.preinit_array  0x0000000008006f20        0x0
                0x0000000008006f20                PROVIDE (__preinit_array_start, .)
 *(.preinit_array*)
                0x0000000008006f20                PROVIDE (__preinit_array_end, .)

.init_array     0x0000000008006f20        0x4
                0x0000000008006f20                PROVIDE (__init_array_start, .)
 *(SORT(.init_array.*))
 *(.init_array*)
 .init_array    0x0000000008006f20        0x4 /usr/lib/gcc/arm-none-eabi/4.9/armv7-m/crtbegin.o
                0x0000000008006f24                PROVIDE (__init_array_end, .)

.fini_array     0x0000000008006f24        0x4
                0x0000000008006f24                PROVIDE (__fini_array_start, .)
 *(SORT(.fini_array.*))
 *(.fini_array*)
 .fini_array    0x0000000008006f24        0x4 /usr/lib/gcc/arm-none-eabi/4.9/armv7-m/crtbegin.o
                0x0000000008006f28                PROVIDE (__fini_array_end, .)
                0x0000000008006f28                _sidata = LOADADDR (.data)

.data           0x0000000020000000       0xa8 load address 0x0000000008006f28
                0x0000000020000000                . = ALIGN (0x4)
                0x0000000020000000                _sdata = .
 *(.data)
 *(.data*)
 .data.SystemCoreClock
                0x0000000020000000        0x4 build/system_stm32f1xx.o
                0x0000000020000000                SystemCoreClock
 .data._app_set_time
                0x0000000020000004       0x20 build/app_set_time.o
                0x0000000020000004                _app_set_time
 .data._app_clock
                0x0000000020000024       0x20 build/app_clock.o
                0x0000000020000024                _app_clock
 .data.impure_data
                0x0000000020000044       0x60 /usr/lib/gcc/arm-none-eabi/4.9/../../../arm-none-eabi/lib/armv7-m/libc_nano.a(lib_a-impure.o)
 .data._impure_ptr
                0x00000000200000a4        0x4 /usr/lib/gcc/arm-none-eabi/4.9/../../../arm-none-eabi/lib/armv7-m/libc_nano.a(lib_a-impure.o)
                0x00000000200000a4                _impure_ptr
                0x00000000200000a8                . = ALIGN (0x4)
                0x00000000200000a8                _edata = .

.jcr            0x00000000200000a8        0x0 load address 0x0000000008006fd0
 .jcr           0x00000000200000a8        0x0 /usr/lib/gcc/arm-none-eabi/4.9/armv7-m/crtbegin.o

.tm_clone_table
                0x00000000200000a8        0x0 load address 0x0000000008006fd0
 .tm_clone_table
                0x00000000200000a8        0x0 /usr/lib/gcc/arm-none-eabi/4.9/armv7-m/crtbegin.o
 .tm_clone_table
                0x00000000200000a8        0x0 /usr/lib/gcc/arm-none-eabi/4.9/armv7-m/crtend.o

.igot.plt       0x00000000200000a8        0x0 load address 0x0000000008006fd0
 .igot.plt      0x00000000200000a8        0x0 /usr/lib/gcc/arm-none-eabi/4.9/armv7-m/crtbegin.o
                0x00000000200000a8                . = ALIGN (0x4)

.bss            0x00000000200000a8      0xdb8 load address 0x0000000008006fd0
                0x00000000200000a8                _sbss = .
                0x00000000200000a8                __bss_start__ = _sbss
 *(.bss)
 .bss           0x00000000200000a8       0x1c /usr/lib/gcc/arm-none-eabi/4.9/armv7-m/crtbegin.o
 *(.bss*)
 .bss.Handle_Lcd
                0x00000000200000c4       0x3c build/hd44780.o
 .bss.Lcd_Conf  0x0000000020000100       0x14 build/hd44780.o
 .bss.Queue     0x0000000020000114      0xbb8 build/hd44780.o
 .bss.Queue_Head
                0x0000000020000ccc        0x2 build/hd44780.o
 .bss.Queue_Tail
                0x0000000020000cce        0x2 build/hd44780.o
 .bss.speaker_en
                0x0000000020000cd0        0x1 build/speaker.o
                0x0000000020000cd0                speaker_en
 *fill*         0x0000000020000cd1        0x1 
 .bss.speaker_t
                0x0000000020000cd2        0x2 build/speaker.o
                0x0000000020000cd2                speaker_t
 .bss.Controls_ButtonsHandler
                0x0000000020000cd4        0x4 build/controls.o
                0x0000000020000cd4                Controls_ButtonsHandler
 .bss.Controls_EncoderHandler
                0x0000000020000cd8        0x4 build/controls.o
                0x0000000020000cd8                Controls_EncoderHandler
 .bss.uwTick    0x0000000020000cdc        0x4 build/stm32f1xx_hal.o
 .bss.__malloc_sbrk_start
                0x0000000020000ce0        0x4 /usr/lib/gcc/arm-none-eabi/4.9/../../../arm-none-eabi/lib/armv7-m/libc_nano.a(lib_a-nano-mallocr.o)
                0x0000000020000ce0                __malloc_sbrk_start
 .bss.__malloc_free_list
                0x0000000020000ce4        0x4 /usr/lib/gcc/arm-none-eabi/4.9/../../../arm-none-eabi/lib/armv7-m/libc_nano.a(lib_a-nano-mallocr.o)
                0x0000000020000ce4                __malloc_free_list
 .bss.heap_end.4064
                0x0000000020000ce8        0x4 /usr/lib/gcc/arm-none-eabi/4.9/../../../arm-none-eabi/lib/armv7-m/libnosys.a(sbrk.o)
 *(COMMON)
 COMMON         0x0000000020000cec        0x7 build/clock.o
                0x0000000020000cec                clock_alarm
                0x0000000020000cf0                clock_time
 *fill*         0x0000000020000cf3        0x1 
 COMMON         0x0000000020000cf4       0x44 build/controls.o
                0x0000000020000cf4                controls_encoder_default
                0x0000000020000d04                controls_buttons
                0x0000000020000d34                controls_encoder
 COMMON         0x0000000020000d38        0x4 build/app_set_time.o
                0x0000000020000d38                stage
                0x0000000020000d39                hour
                0x0000000020000d3a                min
                0x0000000020000d3b                sec
 COMMON         0x0000000020000d3c       0x24 build/app.o
                0x0000000020000d3c                Apps_encoder24
                0x0000000020000d4c                app_current
                0x0000000020000d50                Apps_encoder60
 COMMON         0x0000000020000d60       0x40 build/usart.o
                0x0000000020000d60                huart1
 COMMON         0x0000000020000da0       0x30 build/adc.o
                0x0000000020000da0                hadc1
 COMMON         0x0000000020000dd0       0x78 build/tim.o
                0x0000000020000dd0                htim4
                0x0000000020000e0c                htim2
 COMMON         0x0000000020000e48       0x14 build/rtc.o
                0x0000000020000e48                hrtc
 COMMON         0x0000000020000e5c        0x4 /usr/lib/gcc/arm-none-eabi/4.9/../../../arm-none-eabi/lib/armv7-m/libc_nano.a(lib_a-reent.o)
                0x0000000020000e5c                errno
                0x0000000020000e60                . = ALIGN (0x4)
                0x0000000020000e60                _ebss = .
                0x0000000020000e60                __bss_end__ = _ebss

._user_heap_stack
                0x0000000020000e60     0x3000 load address 0x0000000008006fd0
                0x0000000020000e60                . = ALIGN (0x8)
                0x0000000020000e60                PROVIDE (end, .)
                0x0000000020000e60                PROVIDE (_end, .)
                0x0000000020001e60                . = (. + _Min_Heap_Size)
 *fill*         0x0000000020000e60     0x1000 
                0x0000000020003e60                . = (. + _Min_Stack_Size)
 *fill*         0x0000000020001e60     0x2000 
                0x0000000020003e60                . = ALIGN (0x8)

/DISCARD/
 libc.a(*)
 libm.a(*)
 libgcc.a(*)

.ARM.attributes
                0x0000000000000000       0x29
 *(.ARM.attributes)
 .ARM.attributes
                0x0000000000000000       0x1d /usr/lib/gcc/arm-none-eabi/4.9/armv7-m/crti.o
 .ARM.attributes
                0x000000000000001d       0x2d /usr/lib/gcc/arm-none-eabi/4.9/armv7-m/crtbegin.o
 .ARM.attributes
                0x000000000000004a       0x33 build/hd44780.o
 .ARM.attributes
                0x000000000000007d       0x33 build/clock.o
 .ARM.attributes
                0x00000000000000b0       0x33 build/speaker.o
 .ARM.attributes
                0x00000000000000e3       0x33 build/controls.o
 .ARM.attributes
                0x0000000000000116       0x33 build/system_stm32f1xx.o
 .ARM.attributes
                0x0000000000000149       0x33 build/stm32f1xx_hal_rcc.o
 .ARM.attributes
                0x000000000000017c       0x33 build/stm32f1xx_hal_adc.o
 .ARM.attributes
                0x00000000000001af       0x33 build/stm32f1xx_hal_rtc.o
 .ARM.attributes
                0x00000000000001e2       0x33 build/stm32f1xx_hal_rcc_ex.o
 .ARM.attributes
                0x0000000000000215       0x33 build/stm32f1xx_hal.o
 .ARM.attributes
                0x0000000000000248       0x33 build/stm32f1xx_hal_gpio.o
 .ARM.attributes
                0x000000000000027b       0x33 build/stm32f1xx_hal_rtc_ex.o
 .ARM.attributes
                0x00000000000002ae       0x33 build/stm32f1xx_hal_tim_ex.o
 .ARM.attributes
                0x00000000000002e1       0x33 build/stm32f1xx_hal_tim.o
 .ARM.attributes
                0x0000000000000314       0x33 build/stm32f1xx_hal_cortex.o
 .ARM.attributes
                0x0000000000000347       0x33 build/stm32f1xx_hal_pwr.o
 .ARM.attributes
                0x000000000000037a       0x33 build/stm32f1xx_hal_uart.o
 .ARM.attributes
                0x00000000000003ad       0x33 build/app_set_time.o
 .ARM.attributes
                0x00000000000003e0       0x33 build/app_clock.o
 .ARM.attributes
                0x0000000000000413       0x33 build/app.o
 .ARM.attributes
                0x0000000000000446       0x33 build/stm32f1xx_hal_msp.o
 .ARM.attributes
                0x0000000000000479       0x33 build/usart.o
 .ARM.attributes
                0x00000000000004ac       0x33 build/gpio.o
 .ARM.attributes
                0x00000000000004df       0x33 build/stm32f1xx_it.o
 .ARM.attributes
                0x0000000000000512       0x33 build/adc.o
 .ARM.attributes
                0x0000000000000545       0x33 build/tim.o
 .ARM.attributes
                0x0000000000000578       0x33 build/printf.o
 .ARM.attributes
                0x00000000000005ab       0x33 build/rtc.o
 .ARM.attributes
                0x00000000000005de       0x33 build/main.o
 .ARM.attributes
                0x0000000000000611       0x21 build/startup_stm32f103xb.o
 .ARM.attributes
                0x0000000000000632       0x2d /usr/lib/gcc/arm-none-eabi/4.9/../../../arm-none-eabi/lib/armv7-m/libc_nano.a(lib_a-impure.o)
 .ARM.attributes
                0x000000000000065f       0x2d /usr/lib/gcc/arm-none-eabi/4.9/../../../arm-none-eabi/lib/armv7-m/libc_nano.a(lib_a-init.o)
 .ARM.attributes
                0x000000000000068c       0x2d /usr/lib/gcc/arm-none-eabi/4.9/../../../arm-none-eabi/lib/armv7-m/libc_nano.a(lib_a-memset.o)
 .ARM.attributes
                0x00000000000006b9       0x2d /usr/lib/gcc/arm-none-eabi/4.9/../../../arm-none-eabi/lib/armv7-m/libc_nano.a(lib_a-printf.o)
 .ARM.attributes
                0x00000000000006e6       0x2d /usr/lib/gcc/arm-none-eabi/4.9/../../../arm-none-eabi/lib/armv7-m/libc_nano.a(lib_a-vsprintf.o)
 .ARM.attributes
                0x0000000000000713       0x2d /usr/lib/gcc/arm-none-eabi/4.9/../../../arm-none-eabi/lib/armv7-m/libc_nano.a(lib_a-findfp.o)
 .ARM.attributes
                0x0000000000000740       0x2d /usr/lib/gcc/arm-none-eabi/4.9/../../../arm-none-eabi/lib/armv7-m/libc_nano.a(lib_a-fwalk.o)
 .ARM.attributes
                0x000000000000076d       0x2d /usr/lib/gcc/arm-none-eabi/4.9/../../../arm-none-eabi/lib/armv7-m/libc_nano.a(lib_a-nano-mallocr.o)
 .ARM.attributes
                0x000000000000079a       0x2d /usr/lib/gcc/arm-none-eabi/4.9/../../../arm-none-eabi/lib/armv7-m/libc_nano.a(lib_a-nano-svfprintf.o)
 .ARM.attributes
                0x00000000000007c7       0x2d /usr/lib/gcc/arm-none-eabi/4.9/../../../arm-none-eabi/lib/armv7-m/libc_nano.a(lib_a-nano-vfprintf_i.o)
 .ARM.attributes
                0x00000000000007f4       0x2d /usr/lib/gcc/arm-none-eabi/4.9/../../../arm-none-eabi/lib/armv7-m/libc_nano.a(lib_a-nano-vfprintf.o)
 .ARM.attributes
                0x0000000000000821       0x2d /usr/lib/gcc/arm-none-eabi/4.9/../../../arm-none-eabi/lib/armv7-m/libc_nano.a(lib_a-sbrkr.o)
 .ARM.attributes
                0x000000000000084e       0x2d /usr/lib/gcc/arm-none-eabi/4.9/../../../arm-none-eabi/lib/armv7-m/libc_nano.a(lib_a-stdio.o)
 .ARM.attributes
                0x000000000000087b       0x2d /usr/lib/gcc/arm-none-eabi/4.9/../../../arm-none-eabi/lib/armv7-m/libc_nano.a(lib_a-strlen.o)
 .ARM.attributes
                0x00000000000008a8       0x2d /usr/lib/gcc/arm-none-eabi/4.9/../../../arm-none-eabi/lib/armv7-m/libc_nano.a(lib_a-wbuf.o)
 .ARM.attributes
                0x00000000000008d5       0x2d /usr/lib/gcc/arm-none-eabi/4.9/../../../arm-none-eabi/lib/armv7-m/libc_nano.a(lib_a-writer.o)
 .ARM.attributes
                0x0000000000000902       0x2d /usr/lib/gcc/arm-none-eabi/4.9/../../../arm-none-eabi/lib/armv7-m/libc_nano.a(lib_a-wsetup.o)
 .ARM.attributes
                0x000000000000092f       0x2d /usr/lib/gcc/arm-none-eabi/4.9/../../../arm-none-eabi/lib/armv7-m/libc_nano.a(lib_a-closer.o)
 .ARM.attributes
                0x000000000000095c       0x2d /usr/lib/gcc/arm-none-eabi/4.9/../../../arm-none-eabi/lib/armv7-m/libc_nano.a(lib_a-fclose.o)
 .ARM.attributes
                0x0000000000000989       0x2d /usr/lib/gcc/arm-none-eabi/4.9/../../../arm-none-eabi/lib/armv7-m/libc_nano.a(lib_a-fflush.o)
 .ARM.attributes
                0x00000000000009b6       0x2d /usr/lib/gcc/arm-none-eabi/4.9/../../../arm-none-eabi/lib/armv7-m/libc_nano.a(lib_a-lseekr.o)
 .ARM.attributes
                0x00000000000009e3       0x2d /usr/lib/gcc/arm-none-eabi/4.9/../../../arm-none-eabi/lib/armv7-m/libc_nano.a(lib_a-makebuf.o)
 .ARM.attributes
                0x0000000000000a10       0x2d /usr/lib/gcc/arm-none-eabi/4.9/../../../arm-none-eabi/lib/armv7-m/libc_nano.a(lib_a-memchr-stub.o)
 .ARM.attributes
                0x0000000000000a3d       0x2d /usr/lib/gcc/arm-none-eabi/4.9/../../../arm-none-eabi/lib/armv7-m/libc_nano.a(lib_a-memcpy-stub.o)
 .ARM.attributes
                0x0000000000000a6a       0x2d /usr/lib/gcc/arm-none-eabi/4.9/../../../arm-none-eabi/lib/armv7-m/libc_nano.a(lib_a-memmove.o)
 .ARM.attributes
                0x0000000000000a97       0x2d /usr/lib/gcc/arm-none-eabi/4.9/../../../arm-none-eabi/lib/armv7-m/libc_nano.a(lib_a-nano-freer.o)
 .ARM.attributes
                0x0000000000000ac4       0x2d /usr/lib/gcc/arm-none-eabi/4.9/../../../arm-none-eabi/lib/armv7-m/libc_nano.a(lib_a-nano-reallocr.o)
 .ARM.attributes
                0x0000000000000af1       0x2d /usr/lib/gcc/arm-none-eabi/4.9/../../../arm-none-eabi/lib/armv7-m/libc_nano.a(lib_a-readr.o)
 .ARM.attributes
                0x0000000000000b1e       0x2d /usr/lib/gcc/arm-none-eabi/4.9/../../../arm-none-eabi/lib/armv7-m/libc_nano.a(lib_a-reent.o)
 .ARM.attributes
                0x0000000000000b4b       0x2d /usr/lib/gcc/arm-none-eabi/4.9/../../../arm-none-eabi/lib/armv7-m/libc_nano.a(lib_a-fstatr.o)
 .ARM.attributes
                0x0000000000000b78       0x2d /usr/lib/gcc/arm-none-eabi/4.9/../../../arm-none-eabi/lib/armv7-m/libc_nano.a(lib_a-isattyr.o)
 .ARM.attributes
                0x0000000000000ba5       0x2d /usr/lib/gcc/arm-none-eabi/4.9/../../../arm-none-eabi/lib/armv7-m/libc_nano.a(lib_a-nano-msizer.o)
 .ARM.attributes
                0x0000000000000bd2       0x2d /usr/lib/gcc/arm-none-eabi/4.9/../../../arm-none-eabi/lib/armv7-m/libnosys.a(close.o)
 .ARM.attributes
                0x0000000000000bff       0x2d /usr/lib/gcc/arm-none-eabi/4.9/../../../arm-none-eabi/lib/armv7-m/libnosys.a(fstat.o)
 .ARM.attributes
                0x0000000000000c2c       0x2d /usr/lib/gcc/arm-none-eabi/4.9/../../../arm-none-eabi/lib/armv7-m/libnosys.a(isatty.o)
 .ARM.attributes
                0x0000000000000c59       0x2d /usr/lib/gcc/arm-none-eabi/4.9/../../../arm-none-eabi/lib/armv7-m/libnosys.a(lseek.o)
 .ARM.attributes
                0x0000000000000c86       0x2d /usr/lib/gcc/arm-none-eabi/4.9/../../../arm-none-eabi/lib/armv7-m/libnosys.a(read.o)
 .ARM.attributes
                0x0000000000000cb3       0x2d /usr/lib/gcc/arm-none-eabi/4.9/../../../arm-none-eabi/lib/armv7-m/libnosys.a(sbrk.o)
 .ARM.attributes
                0x0000000000000ce0       0x2d /usr/lib/gcc/arm-none-eabi/4.9/armv7-m/crtend.o
 .ARM.attributes
                0x0000000000000d0d       0x1d /usr/lib/gcc/arm-none-eabi/4.9/armv7-m/crtn.o
OUTPUT(build/awaker.elf elf32-littlearm)

.comment        0x0000000000000000       0x4b
 .comment       0x0000000000000000       0x20 /usr/lib/gcc/arm-none-eabi/4.9/armv7-m/crtbegin.o
                                         0x21 (size before relaxing)
 .comment       0x0000000000000020       0x21 build/hd44780.o
 .comment       0x0000000000000020       0x21 build/clock.o
 .comment       0x0000000000000020       0x21 build/speaker.o
 .comment       0x0000000000000020       0x21 build/controls.o
 .comment       0x0000000000000020       0x21 build/system_stm32f1xx.o
 .comment       0x0000000000000020       0x21 build/stm32f1xx_hal_rcc.o
 .comment       0x0000000000000020       0x21 build/stm32f1xx_hal_adc.o
 .comment       0x0000000000000020       0x21 build/stm32f1xx_hal_rtc.o
 .comment       0x0000000000000020       0x21 build/stm32f1xx_hal_rcc_ex.o
 .comment       0x0000000000000020       0x21 build/stm32f1xx_hal.o
 .comment       0x0000000000000020       0x21 build/stm32f1xx_hal_gpio.o
 .comment       0x0000000000000020       0x21 build/stm32f1xx_hal_rtc_ex.o
 .comment       0x0000000000000020       0x21 build/stm32f1xx_hal_tim_ex.o
 .comment       0x0000000000000020       0x21 build/stm32f1xx_hal_tim.o
 .comment       0x0000000000000020       0x21 build/stm32f1xx_hal_cortex.o
 .comment       0x0000000000000020       0x21 build/stm32f1xx_hal_pwr.o
 .comment       0x0000000000000020       0x21 build/stm32f1xx_hal_uart.o
 .comment       0x0000000000000020       0x21 build/app_set_time.o
 .comment       0x0000000000000020       0x21 build/app_clock.o
 .comment       0x0000000000000020       0x21 build/app.o
 .comment       0x0000000000000020       0x21 build/stm32f1xx_hal_msp.o
 .comment       0x0000000000000020       0x21 build/usart.o
 .comment       0x0000000000000020       0x21 build/gpio.o
 .comment       0x0000000000000020       0x21 build/stm32f1xx_it.o
 .comment       0x0000000000000020       0x21 build/adc.o
 .comment       0x0000000000000020       0x21 build/tim.o
 .comment       0x0000000000000020       0x21 build/printf.o
 .comment       0x0000000000000020       0x21 build/rtc.o
 .comment       0x0000000000000020       0x21 build/main.o
 .comment       0x0000000000000020       0x2b /usr/lib/gcc/arm-none-eabi/4.9/../../../arm-none-eabi/lib/armv7-m/libc_nano.a(lib_a-impure.o)
                                         0x2c (size before relaxing)
 .comment       0x000000000000004b       0x2c /usr/lib/gcc/arm-none-eabi/4.9/../../../arm-none-eabi/lib/armv7-m/libc_nano.a(lib_a-init.o)
 .comment       0x000000000000004b       0x2c /usr/lib/gcc/arm-none-eabi/4.9/../../../arm-none-eabi/lib/armv7-m/libc_nano.a(lib_a-memset.o)
 .comment       0x000000000000004b       0x2c /usr/lib/gcc/arm-none-eabi/4.9/../../../arm-none-eabi/lib/armv7-m/libc_nano.a(lib_a-printf.o)
 .comment       0x000000000000004b       0x2c /usr/lib/gcc/arm-none-eabi/4.9/../../../arm-none-eabi/lib/armv7-m/libc_nano.a(lib_a-vsprintf.o)
 .comment       0x000000000000004b       0x2c /usr/lib/gcc/arm-none-eabi/4.9/../../../arm-none-eabi/lib/armv7-m/libc_nano.a(lib_a-findfp.o)
 .comment       0x000000000000004b       0x2c /usr/lib/gcc/arm-none-eabi/4.9/../../../arm-none-eabi/lib/armv7-m/libc_nano.a(lib_a-fwalk.o)
 .comment       0x000000000000004b       0x2c /usr/lib/gcc/arm-none-eabi/4.9/../../../arm-none-eabi/lib/armv7-m/libc_nano.a(lib_a-nano-mallocr.o)
 .comment       0x000000000000004b       0x2c /usr/lib/gcc/arm-none-eabi/4.9/../../../arm-none-eabi/lib/armv7-m/libc_nano.a(lib_a-nano-svfprintf.o)
 .comment       0x000000000000004b       0x2c /usr/lib/gcc/arm-none-eabi/4.9/../../../arm-none-eabi/lib/armv7-m/libc_nano.a(lib_a-nano-vfprintf_i.o)
 .comment       0x000000000000004b       0x2c /usr/lib/gcc/arm-none-eabi/4.9/../../../arm-none-eabi/lib/armv7-m/libc_nano.a(lib_a-nano-vfprintf.o)
 .comment       0x000000000000004b       0x2c /usr/lib/gcc/arm-none-eabi/4.9/../../../arm-none-eabi/lib/armv7-m/libc_nano.a(lib_a-sbrkr.o)
 .comment       0x000000000000004b       0x2c /usr/lib/gcc/arm-none-eabi/4.9/../../../arm-none-eabi/lib/armv7-m/libc_nano.a(lib_a-stdio.o)
 .comment       0x000000000000004b       0x2c /usr/lib/gcc/arm-none-eabi/4.9/../../../arm-none-eabi/lib/armv7-m/libc_nano.a(lib_a-strlen.o)
 .comment       0x000000000000004b       0x2c /usr/lib/gcc/arm-none-eabi/4.9/../../../arm-none-eabi/lib/armv7-m/libc_nano.a(lib_a-wbuf.o)
 .comment       0x000000000000004b       0x2c /usr/lib/gcc/arm-none-eabi/4.9/../../../arm-none-eabi/lib/armv7-m/libc_nano.a(lib_a-writer.o)
 .comment       0x000000000000004b       0x2c /usr/lib/gcc/arm-none-eabi/4.9/../../../arm-none-eabi/lib/armv7-m/libc_nano.a(lib_a-wsetup.o)
 .comment       0x000000000000004b       0x2c /usr/lib/gcc/arm-none-eabi/4.9/../../../arm-none-eabi/lib/armv7-m/libc_nano.a(lib_a-closer.o)
 .comment       0x000000000000004b       0x2c /usr/lib/gcc/arm-none-eabi/4.9/../../../arm-none-eabi/lib/armv7-m/libc_nano.a(lib_a-fclose.o)
 .comment       0x000000000000004b       0x2c /usr/lib/gcc/arm-none-eabi/4.9/../../../arm-none-eabi/lib/armv7-m/libc_nano.a(lib_a-fflush.o)
 .comment       0x000000000000004b       0x2c /usr/lib/gcc/arm-none-eabi/4.9/../../../arm-none-eabi/lib/armv7-m/libc_nano.a(lib_a-lseekr.o)
 .comment       0x000000000000004b       0x2c /usr/lib/gcc/arm-none-eabi/4.9/../../../arm-none-eabi/lib/armv7-m/libc_nano.a(lib_a-makebuf.o)
 .comment       0x000000000000004b       0x2c /usr/lib/gcc/arm-none-eabi/4.9/../../../arm-none-eabi/lib/armv7-m/libc_nano.a(lib_a-memchr-stub.o)
 .comment       0x000000000000004b       0x2c /usr/lib/gcc/arm-none-eabi/4.9/../../../arm-none-eabi/lib/armv7-m/libc_nano.a(lib_a-memcpy-stub.o)
 .comment       0x000000000000004b       0x2c /usr/lib/gcc/arm-none-eabi/4.9/../../../arm-none-eabi/lib/armv7-m/libc_nano.a(lib_a-memmove.o)
 .comment       0x000000000000004b       0x2c /usr/lib/gcc/arm-none-eabi/4.9/../../../arm-none-eabi/lib/armv7-m/libc_nano.a(lib_a-nano-freer.o)
 .comment       0x000000000000004b       0x2c /usr/lib/gcc/arm-none-eabi/4.9/../../../arm-none-eabi/lib/armv7-m/libc_nano.a(lib_a-nano-reallocr.o)
 .comment       0x000000000000004b       0x2c /usr/lib/gcc/arm-none-eabi/4.9/../../../arm-none-eabi/lib/armv7-m/libc_nano.a(lib_a-readr.o)
 .comment       0x000000000000004b       0x2c /usr/lib/gcc/arm-none-eabi/4.9/../../../arm-none-eabi/lib/armv7-m/libc_nano.a(lib_a-reent.o)
 .comment       0x000000000000004b       0x2c /usr/lib/gcc/arm-none-eabi/4.9/../../../arm-none-eabi/lib/armv7-m/libc_nano.a(lib_a-fstatr.o)
 .comment       0x000000000000004b       0x2c /usr/lib/gcc/arm-none-eabi/4.9/../../../arm-none-eabi/lib/armv7-m/libc_nano.a(lib_a-isattyr.o)
 .comment       0x000000000000004b       0x2c /usr/lib/gcc/arm-none-eabi/4.9/../../../arm-none-eabi/lib/armv7-m/libc_nano.a(lib_a-nano-msizer.o)
 .comment       0x000000000000004b       0x2c /usr/lib/gcc/arm-none-eabi/4.9/../../../arm-none-eabi/lib/armv7-m/libnosys.a(close.o)
 .comment       0x000000000000004b       0x2c /usr/lib/gcc/arm-none-eabi/4.9/../../../arm-none-eabi/lib/armv7-m/libnosys.a(fstat.o)
 .comment       0x000000000000004b       0x2c /usr/lib/gcc/arm-none-eabi/4.9/../../../arm-none-eabi/lib/armv7-m/libnosys.a(isatty.o)
 .comment       0x000000000000004b       0x2c /usr/lib/gcc/arm-none-eabi/4.9/../../../arm-none-eabi/lib/armv7-m/libnosys.a(lseek.o)
 .comment       0x000000000000004b       0x2c /usr/lib/gcc/arm-none-eabi/4.9/../../../arm-none-eabi/lib/armv7-m/libnosys.a(read.o)
 .comment       0x000000000000004b       0x2c /usr/lib/gcc/arm-none-eabi/4.9/../../../arm-none-eabi/lib/armv7-m/libnosys.a(sbrk.o)
 .comment       0x000000000000004b       0x21 /usr/lib/gcc/arm-none-eabi/4.9/armv7-m/crtend.o

.debug_info     0x0000000000000000    0x20590
 .debug_info    0x0000000000000000     0x1286 build/hd44780.o
 .debug_info    0x0000000000001286      0x4e0 build/clock.o
 .debug_info    0x0000000000001766      0x1e8 build/speaker.o
 .debug_info    0x000000000000194e      0x6c7 build/controls.o
 .debug_info    0x0000000000002015      0x411 build/system_stm32f1xx.o
 .debug_info    0x0000000000002426     0x1492 build/stm32f1xx_hal_rcc.o
 .debug_info    0x00000000000038b8      0xf02 build/stm32f1xx_hal_adc.o
 .debug_info    0x00000000000047ba      0xd60 build/stm32f1xx_hal_rtc.o
 .debug_info    0x000000000000551a      0x55f build/stm32f1xx_hal_rcc_ex.o
 .debug_info    0x0000000000005a79      0x66c build/stm32f1xx_hal.o
 .debug_info    0x00000000000060e5      0x650 build/stm32f1xx_hal_gpio.o
 .debug_info    0x0000000000006735      0x74c build/stm32f1xx_hal_rtc_ex.o
 .debug_info    0x0000000000006e81      0xfce build/stm32f1xx_hal_tim_ex.o
 .debug_info    0x0000000000007e4f     0x23b1 build/stm32f1xx_hal_tim.o
 .debug_info    0x000000000000a200      0xb79 build/stm32f1xx_hal_cortex.o
 .debug_info    0x000000000000ad79      0x82c build/stm32f1xx_hal_pwr.o
 .debug_info    0x000000000000b5a5      0xef3 build/stm32f1xx_hal_uart.o
 .debug_info    0x000000000000c498      0x390 build/app_set_time.o
 .debug_info    0x000000000000c828      0x373 build/app_clock.o
 .debug_info    0x000000000000cb9b      0x53c build/app.o
 .debug_info    0x000000000000d0d7      0x357 build/stm32f1xx_hal_msp.o
 .debug_info    0x000000000000d42e      0x719 build/usart.o
 .debug_info    0x000000000000db47      0x2f8 build/gpio.o
 .debug_info    0x000000000000de3f      0x623 build/stm32f1xx_it.o
 .debug_info    0x000000000000e462      0x765 build/adc.o
 .debug_info    0x000000000000ebc7      0xab0 build/tim.o
 .debug_info    0x000000000000f677      0x538 build/printf.o
 .debug_info    0x000000000000fbaf      0x4b3 build/rtc.o
 .debug_info    0x0000000000010062      0x9cd build/main.o
 .debug_info    0x0000000000010a2f       0x8e build/startup_stm32f103xb.o
 .debug_info    0x0000000000010abd      0x7d3 /usr/lib/gcc/arm-none-eabi/4.9/../../../arm-none-eabi/lib/armv7-m/libc_nano.a(lib_a-impure.o)
 .debug_info    0x0000000000011290      0x105 /usr/lib/gcc/arm-none-eabi/4.9/../../../arm-none-eabi/lib/armv7-m/libc_nano.a(lib_a-init.o)
 .debug_info    0x0000000000011395       0xd3 /usr/lib/gcc/arm-none-eabi/4.9/../../../arm-none-eabi/lib/armv7-m/libc_nano.a(lib_a-memset.o)
 .debug_info    0x0000000000011468      0x895 /usr/lib/gcc/arm-none-eabi/4.9/../../../arm-none-eabi/lib/armv7-m/libc_nano.a(lib_a-printf.o)
 .debug_info    0x0000000000011cfd      0x868 /usr/lib/gcc/arm-none-eabi/4.9/../../../arm-none-eabi/lib/armv7-m/libc_nano.a(lib_a-vsprintf.o)
 .debug_info    0x0000000000012565      0xd2c /usr/lib/gcc/arm-none-eabi/4.9/../../../arm-none-eabi/lib/armv7-m/libc_nano.a(lib_a-findfp.o)
 .debug_info    0x0000000000013291      0x846 /usr/lib/gcc/arm-none-eabi/4.9/../../../arm-none-eabi/lib/armv7-m/libc_nano.a(lib_a-fwalk.o)
 .debug_info    0x0000000000013ad7      0x8fb /usr/lib/gcc/arm-none-eabi/4.9/../../../arm-none-eabi/lib/armv7-m/libc_nano.a(lib_a-nano-mallocr.o)
 .debug_info    0x00000000000143d2      0xde3 /usr/lib/gcc/arm-none-eabi/4.9/../../../arm-none-eabi/lib/armv7-m/libc_nano.a(lib_a-nano-svfprintf.o)
 .debug_info    0x00000000000151b5      0xb2c /usr/lib/gcc/arm-none-eabi/4.9/../../../arm-none-eabi/lib/armv7-m/libc_nano.a(lib_a-nano-vfprintf_i.o)
 .debug_info    0x0000000000015ce1      0xe05 /usr/lib/gcc/arm-none-eabi/4.9/../../../arm-none-eabi/lib/armv7-m/libc_nano.a(lib_a-nano-vfprintf.o)
 .debug_info    0x0000000000016ae6      0x7a0 /usr/lib/gcc/arm-none-eabi/4.9/../../../arm-none-eabi/lib/armv7-m/libc_nano.a(lib_a-sbrkr.o)
 .debug_info    0x0000000000017286      0xa36 /usr/lib/gcc/arm-none-eabi/4.9/../../../arm-none-eabi/lib/armv7-m/libc_nano.a(lib_a-stdio.o)
 .debug_info    0x0000000000017cbc       0xcd /usr/lib/gcc/arm-none-eabi/4.9/../../../arm-none-eabi/lib/armv7-m/libc_nano.a(lib_a-strlen.o)
 .debug_info    0x0000000000017d89      0x916 /usr/lib/gcc/arm-none-eabi/4.9/../../../arm-none-eabi/lib/armv7-m/libc_nano.a(lib_a-wbuf.o)
 .debug_info    0x000000000001869f      0x7d5 /usr/lib/gcc/arm-none-eabi/4.9/../../../arm-none-eabi/lib/armv7-m/libc_nano.a(lib_a-writer.o)
 .debug_info    0x0000000000018e74      0x881 /usr/lib/gcc/arm-none-eabi/4.9/../../../arm-none-eabi/lib/armv7-m/libc_nano.a(lib_a-wsetup.o)
 .debug_info    0x00000000000196f5      0x78c /usr/lib/gcc/arm-none-eabi/4.9/../../../arm-none-eabi/lib/armv7-m/libc_nano.a(lib_a-closer.o)
 .debug_info    0x0000000000019e81      0x932 /usr/lib/gcc/arm-none-eabi/4.9/../../../arm-none-eabi/lib/armv7-m/libc_nano.a(lib_a-fclose.o)
 .debug_info    0x000000000001a7b3      0x9fe /usr/lib/gcc/arm-none-eabi/4.9/../../../arm-none-eabi/lib/armv7-m/libc_nano.a(lib_a-fflush.o)
 .debug_info    0x000000000001b1b1      0x7b8 /usr/lib/gcc/arm-none-eabi/4.9/../../../arm-none-eabi/lib/armv7-m/libc_nano.a(lib_a-lseekr.o)
 .debug_info    0x000000000001b969      0x98c /usr/lib/gcc/arm-none-eabi/4.9/../../../arm-none-eabi/lib/armv7-m/libc_nano.a(lib_a-makebuf.o)
 .debug_info    0x000000000001c2f5       0xf8 /usr/lib/gcc/arm-none-eabi/4.9/../../../arm-none-eabi/lib/armv7-m/libc_nano.a(lib_a-memchr-stub.o)
 .debug_info    0x000000000001c3ed      0x102 /usr/lib/gcc/arm-none-eabi/4.9/../../../arm-none-eabi/lib/armv7-m/libc_nano.a(lib_a-memcpy-stub.o)
 .debug_info    0x000000000001c4ef      0x102 /usr/lib/gcc/arm-none-eabi/4.9/../../../arm-none-eabi/lib/armv7-m/libc_nano.a(lib_a-memmove.o)
 .debug_info    0x000000000001c5f1      0x81a /usr/lib/gcc/arm-none-eabi/4.9/../../../arm-none-eabi/lib/armv7-m/libc_nano.a(lib_a-nano-freer.o)
 .debug_info    0x000000000001ce0b      0x8b5 /usr/lib/gcc/arm-none-eabi/4.9/../../../arm-none-eabi/lib/armv7-m/libc_nano.a(lib_a-nano-reallocr.o)
 .debug_info    0x000000000001d6c0      0x7ce /usr/lib/gcc/arm-none-eabi/4.9/../../../arm-none-eabi/lib/armv7-m/libc_nano.a(lib_a-readr.o)
 .debug_info    0x000000000001de8e      0x8f7 /usr/lib/gcc/arm-none-eabi/4.9/../../../arm-none-eabi/lib/armv7-m/libc_nano.a(lib_a-reent.o)
 .debug_info    0x000000000001e785      0x90a /usr/lib/gcc/arm-none-eabi/4.9/../../../arm-none-eabi/lib/armv7-m/libc_nano.a(lib_a-fstatr.o)
 .debug_info    0x000000000001f08f      0x78c /usr/lib/gcc/arm-none-eabi/4.9/../../../arm-none-eabi/lib/armv7-m/libc_nano.a(lib_a-isattyr.o)
 .debug_info    0x000000000001f81b      0x7b9 /usr/lib/gcc/arm-none-eabi/4.9/../../../arm-none-eabi/lib/armv7-m/libc_nano.a(lib_a-nano-msizer.o)
 .debug_info    0x000000000001ffd4       0xae /usr/lib/gcc/arm-none-eabi/4.9/../../../arm-none-eabi/lib/armv7-m/libnosys.a(close.o)
 .debug_info    0x0000000000020082      0x22d /usr/lib/gcc/arm-none-eabi/4.9/../../../arm-none-eabi/lib/armv7-m/libnosys.a(fstat.o)
 .debug_info    0x00000000000202af       0xae /usr/lib/gcc/arm-none-eabi/4.9/../../../arm-none-eabi/lib/armv7-m/libnosys.a(isatty.o)
 .debug_info    0x000000000002035d       0xca /usr/lib/gcc/arm-none-eabi/4.9/../../../arm-none-eabi/lib/armv7-m/libnosys.a(lseek.o)
 .debug_info    0x0000000000020427       0xd0 /usr/lib/gcc/arm-none-eabi/4.9/../../../arm-none-eabi/lib/armv7-m/libnosys.a(read.o)
 .debug_info    0x00000000000204f7       0x99 /usr/lib/gcc/arm-none-eabi/4.9/../../../arm-none-eabi/lib/armv7-m/libnosys.a(sbrk.o)

.debug_abbrev   0x0000000000000000     0x6772
 .debug_abbrev  0x0000000000000000      0x29b build/hd44780.o
 .debug_abbrev  0x000000000000029b      0x1a8 build/clock.o
 .debug_abbrev  0x0000000000000443       0xe0 build/speaker.o
 .debug_abbrev  0x0000000000000523      0x1dd build/controls.o
 .debug_abbrev  0x0000000000000700      0x122 build/system_stm32f1xx.o
 .debug_abbrev  0x0000000000000822      0x276 build/stm32f1xx_hal_rcc.o
 .debug_abbrev  0x0000000000000a98      0x205 build/stm32f1xx_hal_adc.o
 .debug_abbrev  0x0000000000000c9d      0x1fb build/stm32f1xx_hal_rtc.o
 .debug_abbrev  0x0000000000000e98      0x1eb build/stm32f1xx_hal_rcc_ex.o
 .debug_abbrev  0x0000000000001083      0x1ef build/stm32f1xx_hal.o
 .debug_abbrev  0x0000000000001272      0x1ac build/stm32f1xx_hal_gpio.o
 .debug_abbrev  0x000000000000141e      0x1ba build/stm32f1xx_hal_rtc_ex.o
 .debug_abbrev  0x00000000000015d8      0x1fd build/stm32f1xx_hal_tim_ex.o
 .debug_abbrev  0x00000000000017d5      0x206 build/stm32f1xx_hal_tim.o
 .debug_abbrev  0x00000000000019db      0x249 build/stm32f1xx_hal_cortex.o
 .debug_abbrev  0x0000000000001c24      0x225 build/stm32f1xx_hal_pwr.o
 .debug_abbrev  0x0000000000001e49      0x217 build/stm32f1xx_hal_uart.o
 .debug_abbrev  0x0000000000002060      0x183 build/app_set_time.o
 .debug_abbrev  0x00000000000021e3      0x168 build/app_clock.o
 .debug_abbrev  0x000000000000234b      0x16a build/app.o
 .debug_abbrev  0x00000000000024b5       0xe3 build/stm32f1xx_hal_msp.o
 .debug_abbrev  0x0000000000002598      0x163 build/usart.o
 .debug_abbrev  0x00000000000026fb      0x107 build/gpio.o
 .debug_abbrev  0x0000000000002802      0x14a build/stm32f1xx_it.o
 .debug_abbrev  0x000000000000294c      0x14b build/adc.o
 .debug_abbrev  0x0000000000002a97      0x16a build/tim.o
 .debug_abbrev  0x0000000000002c01      0x135 build/printf.o
 .debug_abbrev  0x0000000000002d36      0x1a1 build/rtc.o
 .debug_abbrev  0x0000000000002ed7      0x195 build/main.o
 .debug_abbrev  0x000000000000306c       0x12 build/startup_stm32f103xb.o
 .debug_abbrev  0x000000000000307e      0x136 /usr/lib/gcc/arm-none-eabi/4.9/../../../arm-none-eabi/lib/armv7-m/libc_nano.a(lib_a-impure.o)
 .debug_abbrev  0x00000000000031b4       0xba /usr/lib/gcc/arm-none-eabi/4.9/../../../arm-none-eabi/lib/armv7-m/libc_nano.a(lib_a-init.o)
 .debug_abbrev  0x000000000000326e       0x8e /usr/lib/gcc/arm-none-eabi/4.9/../../../arm-none-eabi/lib/armv7-m/libc_nano.a(lib_a-memset.o)
 .debug_abbrev  0x00000000000032fc      0x1ec /usr/lib/gcc/arm-none-eabi/4.9/../../../arm-none-eabi/lib/armv7-m/libc_nano.a(lib_a-printf.o)
 .debug_abbrev  0x00000000000034e8      0x1b7 /usr/lib/gcc/arm-none-eabi/4.9/../../../arm-none-eabi/lib/armv7-m/libc_nano.a(lib_a-vsprintf.o)
 .debug_abbrev  0x000000000000369f      0x2d7 /usr/lib/gcc/arm-none-eabi/4.9/../../../arm-none-eabi/lib/armv7-m/libc_nano.a(lib_a-findfp.o)
 .debug_abbrev  0x0000000000003976      0x176 /usr/lib/gcc/arm-none-eabi/4.9/../../../arm-none-eabi/lib/armv7-m/libc_nano.a(lib_a-fwalk.o)
 .debug_abbrev  0x0000000000003aec      0x250 /usr/lib/gcc/arm-none-eabi/4.9/../../../arm-none-eabi/lib/armv7-m/libc_nano.a(lib_a-nano-mallocr.o)
 .debug_abbrev  0x0000000000003d3c      0x278 /usr/lib/gcc/arm-none-eabi/4.9/../../../arm-none-eabi/lib/armv7-m/libc_nano.a(lib_a-nano-svfprintf.o)
 .debug_abbrev  0x0000000000003fb4      0x1e2 /usr/lib/gcc/arm-none-eabi/4.9/../../../arm-none-eabi/lib/armv7-m/libc_nano.a(lib_a-nano-vfprintf_i.o)
 .debug_abbrev  0x0000000000004196      0x2a5 /usr/lib/gcc/arm-none-eabi/4.9/../../../arm-none-eabi/lib/armv7-m/libc_nano.a(lib_a-nano-vfprintf.o)
 .debug_abbrev  0x000000000000443b      0x1a2 /usr/lib/gcc/arm-none-eabi/4.9/../../../arm-none-eabi/lib/armv7-m/libc_nano.a(lib_a-sbrkr.o)
 .debug_abbrev  0x00000000000045dd      0x1eb /usr/lib/gcc/arm-none-eabi/4.9/../../../arm-none-eabi/lib/armv7-m/libc_nano.a(lib_a-stdio.o)
 .debug_abbrev  0x00000000000047c8       0x8c /usr/lib/gcc/arm-none-eabi/4.9/../../../arm-none-eabi/lib/armv7-m/libc_nano.a(lib_a-strlen.o)
 .debug_abbrev  0x0000000000004854      0x1f7 /usr/lib/gcc/arm-none-eabi/4.9/../../../arm-none-eabi/lib/armv7-m/libc_nano.a(lib_a-wbuf.o)
 .debug_abbrev  0x0000000000004a4b      0x199 /usr/lib/gcc/arm-none-eabi/4.9/../../../arm-none-eabi/lib/armv7-m/libc_nano.a(lib_a-writer.o)
 .debug_abbrev  0x0000000000004be4      0x1a5 /usr/lib/gcc/arm-none-eabi/4.9/../../../arm-none-eabi/lib/armv7-m/libc_nano.a(lib_a-wsetup.o)
 .debug_abbrev  0x0000000000004d89      0x194 /usr/lib/gcc/arm-none-eabi/4.9/../../../arm-none-eabi/lib/armv7-m/libc_nano.a(lib_a-closer.o)
 .debug_abbrev  0x0000000000004f1d      0x21a /usr/lib/gcc/arm-none-eabi/4.9/../../../arm-none-eabi/lib/armv7-m/libc_nano.a(lib_a-fclose.o)
 .debug_abbrev  0x0000000000005137      0x23f /usr/lib/gcc/arm-none-eabi/4.9/../../../arm-none-eabi/lib/armv7-m/libc_nano.a(lib_a-fflush.o)
 .debug_abbrev  0x0000000000005376      0x1a3 /usr/lib/gcc/arm-none-eabi/4.9/../../../arm-none-eabi/lib/armv7-m/libc_nano.a(lib_a-lseekr.o)
 .debug_abbrev  0x0000000000005519      0x1ab /usr/lib/gcc/arm-none-eabi/4.9/../../../arm-none-eabi/lib/armv7-m/libc_nano.a(lib_a-makebuf.o)
 .debug_abbrev  0x00000000000056c4       0xab /usr/lib/gcc/arm-none-eabi/4.9/../../../arm-none-eabi/lib/armv7-m/libc_nano.a(lib_a-memchr-stub.o)
 .debug_abbrev  0x000000000000576f       0xa4 /usr/lib/gcc/arm-none-eabi/4.9/../../../arm-none-eabi/lib/armv7-m/libc_nano.a(lib_a-memcpy-stub.o)
 .debug_abbrev  0x0000000000005813       0x9c /usr/lib/gcc/arm-none-eabi/4.9/../../../arm-none-eabi/lib/armv7-m/libc_nano.a(lib_a-memmove.o)
 .debug_abbrev  0x00000000000058af      0x1b6 /usr/lib/gcc/arm-none-eabi/4.9/../../../arm-none-eabi/lib/armv7-m/libc_nano.a(lib_a-nano-freer.o)
 .debug_abbrev  0x0000000000005a65      0x1cb /usr/lib/gcc/arm-none-eabi/4.9/../../../arm-none-eabi/lib/armv7-m/libc_nano.a(lib_a-nano-reallocr.o)
 .debug_abbrev  0x0000000000005c30      0x194 /usr/lib/gcc/arm-none-eabi/4.9/../../../arm-none-eabi/lib/armv7-m/libc_nano.a(lib_a-readr.o)
 .debug_abbrev  0x0000000000005dc4      0x1fb /usr/lib/gcc/arm-none-eabi/4.9/../../../arm-none-eabi/lib/armv7-m/libc_nano.a(lib_a-reent.o)
 .debug_abbrev  0x0000000000005fbf      0x1a3 /usr/lib/gcc/arm-none-eabi/4.9/../../../arm-none-eabi/lib/armv7-m/libc_nano.a(lib_a-fstatr.o)
 .debug_abbrev  0x0000000000006162      0x194 /usr/lib/gcc/arm-none-eabi/4.9/../../../arm-none-eabi/lib/armv7-m/libc_nano.a(lib_a-isattyr.o)
 .debug_abbrev  0x00000000000062f6      0x161 /usr/lib/gcc/arm-none-eabi/4.9/../../../arm-none-eabi/lib/armv7-m/libc_nano.a(lib_a-nano-msizer.o)
 .debug_abbrev  0x0000000000006457       0x66 /usr/lib/gcc/arm-none-eabi/4.9/../../../arm-none-eabi/lib/armv7-m/libnosys.a(close.o)
 .debug_abbrev  0x00000000000064bd       0xbb /usr/lib/gcc/arm-none-eabi/4.9/../../../arm-none-eabi/lib/armv7-m/libnosys.a(fstat.o)
 .debug_abbrev  0x0000000000006578       0x66 /usr/lib/gcc/arm-none-eabi/4.9/../../../arm-none-eabi/lib/armv7-m/libnosys.a(isatty.o)
 .debug_abbrev  0x00000000000065de       0x84 /usr/lib/gcc/arm-none-eabi/4.9/../../../arm-none-eabi/lib/armv7-m/libnosys.a(lseek.o)
 .debug_abbrev  0x0000000000006662       0x8d /usr/lib/gcc/arm-none-eabi/4.9/../../../arm-none-eabi/lib/armv7-m/libnosys.a(read.o)
 .debug_abbrev  0x00000000000066ef       0x83 /usr/lib/gcc/arm-none-eabi/4.9/../../../arm-none-eabi/lib/armv7-m/libnosys.a(sbrk.o)

.debug_loc      0x0000000000000000     0xb574
 .debug_loc     0x0000000000000000      0x6de build/hd44780.o
 .debug_loc     0x00000000000006de      0x22c build/clock.o
 .debug_loc     0x000000000000090a       0xb4 build/speaker.o
 .debug_loc     0x00000000000009be      0x2d0 build/controls.o
 .debug_loc     0x0000000000000c8e       0xa0 build/system_stm32f1xx.o
 .debug_loc     0x0000000000000d2e      0x472 build/stm32f1xx_hal_rcc.o
 .debug_loc     0x00000000000011a0      0x8f6 build/stm32f1xx_hal_adc.o
 .debug_loc     0x0000000000001a96      0x938 build/stm32f1xx_hal_rtc.o
 .debug_loc     0x00000000000023ce      0x100 build/stm32f1xx_hal_rcc_ex.o
 .debug_loc     0x00000000000024ce      0x50c build/stm32f1xx_hal.o
 .debug_loc     0x00000000000029da      0x2d4 build/stm32f1xx_hal_gpio.o
 .debug_loc     0x0000000000002cae      0x4e4 build/stm32f1xx_hal_rtc_ex.o
 .debug_loc     0x0000000000003192      0xbc4 build/stm32f1xx_hal_tim_ex.o
 .debug_loc     0x0000000000003d56     0x2348 build/stm32f1xx_hal_tim.o
 .debug_loc     0x000000000000609e      0x8f8 build/stm32f1xx_hal_cortex.o
 .debug_loc     0x0000000000006996      0x57c build/stm32f1xx_hal_pwr.o
 .debug_loc     0x0000000000006f12      0xd14 build/stm32f1xx_hal_uart.o
 .debug_loc     0x0000000000007c26      0x288 build/app_set_time.o
 .debug_loc     0x0000000000007eae      0x250 build/app_clock.o
 .debug_loc     0x00000000000080fe      0x270 build/app.o
 .debug_loc     0x000000000000836e       0x50 build/stm32f1xx_hal_msp.o
 .debug_loc     0x00000000000083be       0xcc build/usart.o
 .debug_loc     0x000000000000848a       0x50 build/gpio.o
 .debug_loc     0x00000000000084da      0x218 build/stm32f1xx_it.o
 .debug_loc     0x00000000000086f2       0xf0 build/adc.o
 .debug_loc     0x00000000000087e2      0x1e0 build/tim.o
 .debug_loc     0x00000000000089c2       0x50 build/printf.o
 .debug_loc     0x0000000000008a12       0xd8 build/rtc.o
 .debug_loc     0x0000000000008aea      0x106 build/main.o
 .debug_loc     0x0000000000008bf0       0x54 /usr/lib/gcc/arm-none-eabi/4.9/../../../arm-none-eabi/lib/armv7-m/libc_nano.a(lib_a-init.o)
 .debug_loc     0x0000000000008c44       0x57 /usr/lib/gcc/arm-none-eabi/4.9/../../../arm-none-eabi/lib/armv7-m/libc_nano.a(lib_a-memset.o)
 .debug_loc     0x0000000000008c9b       0x3f /usr/lib/gcc/arm-none-eabi/4.9/../../../arm-none-eabi/lib/armv7-m/libc_nano.a(lib_a-printf.o)
 .debug_loc     0x0000000000008cda      0x103 /usr/lib/gcc/arm-none-eabi/4.9/../../../arm-none-eabi/lib/armv7-m/libc_nano.a(lib_a-vsprintf.o)
 .debug_loc     0x0000000000008ddd      0x1e2 /usr/lib/gcc/arm-none-eabi/4.9/../../../arm-none-eabi/lib/armv7-m/libc_nano.a(lib_a-findfp.o)
 .debug_loc     0x0000000000008fbf      0x11f /usr/lib/gcc/arm-none-eabi/4.9/../../../arm-none-eabi/lib/armv7-m/libc_nano.a(lib_a-fwalk.o)
 .debug_loc     0x00000000000090de      0x26a /usr/lib/gcc/arm-none-eabi/4.9/../../../arm-none-eabi/lib/armv7-m/libc_nano.a(lib_a-nano-mallocr.o)
 .debug_loc     0x0000000000009348      0x533 /usr/lib/gcc/arm-none-eabi/4.9/../../../arm-none-eabi/lib/armv7-m/libc_nano.a(lib_a-nano-svfprintf.o)
 .debug_loc     0x000000000000987b      0x538 /usr/lib/gcc/arm-none-eabi/4.9/../../../arm-none-eabi/lib/armv7-m/libc_nano.a(lib_a-nano-vfprintf_i.o)
 .debug_loc     0x0000000000009db3      0x4d0 /usr/lib/gcc/arm-none-eabi/4.9/../../../arm-none-eabi/lib/armv7-m/libc_nano.a(lib_a-nano-vfprintf.o)
 .debug_loc     0x000000000000a283       0x4d /usr/lib/gcc/arm-none-eabi/4.9/../../../arm-none-eabi/lib/armv7-m/libc_nano.a(lib_a-sbrkr.o)
 .debug_loc     0x000000000000a2d0      0x236 /usr/lib/gcc/arm-none-eabi/4.9/../../../arm-none-eabi/lib/armv7-m/libc_nano.a(lib_a-stdio.o)
 .debug_loc     0x000000000000a506       0x21 /usr/lib/gcc/arm-none-eabi/4.9/../../../arm-none-eabi/lib/armv7-m/libc_nano.a(lib_a-strlen.o)
 .debug_loc     0x000000000000a527      0x113 /usr/lib/gcc/arm-none-eabi/4.9/../../../arm-none-eabi/lib/armv7-m/libc_nano.a(lib_a-wbuf.o)
 .debug_loc     0x000000000000a63a       0xa5 /usr/lib/gcc/arm-none-eabi/4.9/../../../arm-none-eabi/lib/armv7-m/libc_nano.a(lib_a-writer.o)
 .debug_loc     0x000000000000a6df       0x5d /usr/lib/gcc/arm-none-eabi/4.9/../../../arm-none-eabi/lib/armv7-m/libc_nano.a(lib_a-wsetup.o)
 .debug_loc     0x000000000000a73c       0x4d /usr/lib/gcc/arm-none-eabi/4.9/../../../arm-none-eabi/lib/armv7-m/libc_nano.a(lib_a-closer.o)
 .debug_loc     0x000000000000a789       0xf7 /usr/lib/gcc/arm-none-eabi/4.9/../../../arm-none-eabi/lib/armv7-m/libc_nano.a(lib_a-fclose.o)
 .debug_loc     0x000000000000a880      0x24c /usr/lib/gcc/arm-none-eabi/4.9/../../../arm-none-eabi/lib/armv7-m/libc_nano.a(lib_a-fflush.o)
 .debug_loc     0x000000000000aacc       0xa5 /usr/lib/gcc/arm-none-eabi/4.9/../../../arm-none-eabi/lib/armv7-m/libc_nano.a(lib_a-lseekr.o)
 .debug_loc     0x000000000000ab71       0xe0 /usr/lib/gcc/arm-none-eabi/4.9/../../../arm-none-eabi/lib/armv7-m/libc_nano.a(lib_a-makebuf.o)
 .debug_loc     0x000000000000ac51       0xaa /usr/lib/gcc/arm-none-eabi/4.9/../../../arm-none-eabi/lib/armv7-m/libc_nano.a(lib_a-memchr-stub.o)
 .debug_loc     0x000000000000acfb       0xaf /usr/lib/gcc/arm-none-eabi/4.9/../../../arm-none-eabi/lib/armv7-m/libc_nano.a(lib_a-memcpy-stub.o)
 .debug_loc     0x000000000000adaa      0x12f /usr/lib/gcc/arm-none-eabi/4.9/../../../arm-none-eabi/lib/armv7-m/libc_nano.a(lib_a-memmove.o)
 .debug_loc     0x000000000000aed9      0x172 /usr/lib/gcc/arm-none-eabi/4.9/../../../arm-none-eabi/lib/armv7-m/libc_nano.a(lib_a-nano-freer.o)
 .debug_loc     0x000000000000b04b      0x11b /usr/lib/gcc/arm-none-eabi/4.9/../../../arm-none-eabi/lib/armv7-m/libc_nano.a(lib_a-nano-reallocr.o)
 .debug_loc     0x000000000000b166       0xa5 /usr/lib/gcc/arm-none-eabi/4.9/../../../arm-none-eabi/lib/armv7-m/libc_nano.a(lib_a-readr.o)
 .debug_loc     0x000000000000b20b      0x105 /usr/lib/gcc/arm-none-eabi/4.9/../../../arm-none-eabi/lib/armv7-m/libc_nano.a(lib_a-reent.o)
 .debug_loc     0x000000000000b310       0x79 /usr/lib/gcc/arm-none-eabi/4.9/../../../arm-none-eabi/lib/armv7-m/libc_nano.a(lib_a-fstatr.o)
 .debug_loc     0x000000000000b389       0x4d /usr/lib/gcc/arm-none-eabi/4.9/../../../arm-none-eabi/lib/armv7-m/libc_nano.a(lib_a-isattyr.o)
 .debug_loc     0x000000000000b3d6       0x96 /usr/lib/gcc/arm-none-eabi/4.9/../../../arm-none-eabi/lib/armv7-m/libc_nano.a(lib_a-nano-msizer.o)
 .debug_loc     0x000000000000b46c       0x21 /usr/lib/gcc/arm-none-eabi/4.9/../../../arm-none-eabi/lib/armv7-m/libnosys.a(close.o)
 .debug_loc     0x000000000000b48d       0x21 /usr/lib/gcc/arm-none-eabi/4.9/../../../arm-none-eabi/lib/armv7-m/libnosys.a(fstat.o)
 .debug_loc     0x000000000000b4ae       0x21 /usr/lib/gcc/arm-none-eabi/4.9/../../../arm-none-eabi/lib/armv7-m/libnosys.a(isatty.o)
 .debug_loc     0x000000000000b4cf       0x42 /usr/lib/gcc/arm-none-eabi/4.9/../../../arm-none-eabi/lib/armv7-m/libnosys.a(lseek.o)
 .debug_loc     0x000000000000b511       0x42 /usr/lib/gcc/arm-none-eabi/4.9/../../../arm-none-eabi/lib/armv7-m/libnosys.a(read.o)
 .debug_loc     0x000000000000b553       0x21 /usr/lib/gcc/arm-none-eabi/4.9/../../../arm-none-eabi/lib/armv7-m/libnosys.a(sbrk.o)

.debug_aranges  0x0000000000000000     0x1678
 .debug_aranges
                0x0000000000000000       0xd0 build/hd44780.o
 .debug_aranges
                0x00000000000000d0       0x58 build/clock.o
 .debug_aranges
                0x0000000000000128       0x30 build/speaker.o
 .debug_aranges
                0x0000000000000158       0x60 build/controls.o
 .debug_aranges
                0x00000000000001b8       0x28 build/system_stm32f1xx.o
 .debug_aranges
                0x00000000000001e0       0x88 build/stm32f1xx_hal_rcc.o
 .debug_aranges
                0x0000000000000268       0xf0 build/stm32f1xx_hal_adc.o
 .debug_aranges
                0x0000000000000358       0xf8 build/stm32f1xx_hal_rtc.o
 .debug_aranges
                0x0000000000000450       0x30 build/stm32f1xx_hal_rcc_ex.o
 .debug_aranges
                0x0000000000000480       0xb0 build/stm32f1xx_hal.o
 .debug_aranges
                0x0000000000000530       0x58 build/stm32f1xx_hal_gpio.o
 .debug_aranges
                0x0000000000000588       0x88 build/stm32f1xx_hal_rtc_ex.o
 .debug_aranges
                0x0000000000000610      0x138 build/stm32f1xx_hal_tim_ex.o
 .debug_aranges
                0x0000000000000748      0x368 build/stm32f1xx_hal_tim.o
 .debug_aranges
                0x0000000000000ab0      0x100 build/stm32f1xx_hal_cortex.o
 .debug_aranges
                0x0000000000000bb0       0xa8 build/stm32f1xx_hal_pwr.o
 .debug_aranges
                0x0000000000000c58      0x150 build/stm32f1xx_hal_uart.o
 .debug_aranges
                0x0000000000000da8       0x60 build/app_set_time.o
 .debug_aranges
                0x0000000000000e08       0x58 build/app_clock.o
 .debug_aranges
                0x0000000000000e60       0x60 build/app.o
 .debug_aranges
                0x0000000000000ec0       0x20 build/stm32f1xx_hal_msp.o
 .debug_aranges
                0x0000000000000ee0       0x30 build/usart.o
 .debug_aranges
                0x0000000000000f10       0x20 build/gpio.o
 .debug_aranges
                0x0000000000000f30       0x68 build/stm32f1xx_it.o
 .debug_aranges
                0x0000000000000f98       0x30 build/adc.o
 .debug_aranges
                0x0000000000000fc8       0x48 build/tim.o
 .debug_aranges
                0x0000000000001010       0x20 build/printf.o
 .debug_aranges
                0x0000000000001030       0x30 build/rtc.o
 .debug_aranges
                0x0000000000001060       0x38 build/main.o
 .debug_aranges
                0x0000000000001098       0x28 build/startup_stm32f103xb.o
 .debug_aranges
                0x00000000000010c0       0x18 /usr/lib/gcc/arm-none-eabi/4.9/../../../arm-none-eabi/lib/armv7-m/libc_nano.a(lib_a-impure.o)
 .debug_aranges
                0x00000000000010d8       0x20 /usr/lib/gcc/arm-none-eabi/4.9/../../../arm-none-eabi/lib/armv7-m/libc_nano.a(lib_a-init.o)
 .debug_aranges
                0x00000000000010f8       0x20 /usr/lib/gcc/arm-none-eabi/4.9/../../../arm-none-eabi/lib/armv7-m/libc_nano.a(lib_a-memset.o)
 .debug_aranges