Archive member included to satisfy reference by file (symbol)

/usr/lib/gcc/arm-none-eabi/4.9/../../../arm-none-eabi/lib/armv7-m/libc_nano.a(lib_a-atexit.o)
                              /usr/lib/gcc/arm-none-eabi/4.9/../../../arm-none-eabi/lib/armv7-m/crt0.o (atexit)
/usr/lib/gcc/arm-none-eabi/4.9/../../../arm-none-eabi/lib/armv7-m/libc_nano.a(lib_a-exit.o)
                              /usr/lib/gcc/arm-none-eabi/4.9/../../../arm-none-eabi/lib/armv7-m/crt0.o (exit)
/usr/lib/gcc/arm-none-eabi/4.9/../../../arm-none-eabi/lib/armv7-m/libc_nano.a(lib_a-fini.o)
                              /usr/lib/gcc/arm-none-eabi/4.9/../../../arm-none-eabi/lib/armv7-m/crt0.o (__libc_fini_array)
/usr/lib/gcc/arm-none-eabi/4.9/../../../arm-none-eabi/lib/armv7-m/libc_nano.a(lib_a-impure.o)
                              /usr/lib/gcc/arm-none-eabi/4.9/../../../arm-none-eabi/lib/armv7-m/libc_nano.a(lib_a-exit.o) (_global_impure_ptr)
/usr/lib/gcc/arm-none-eabi/4.9/../../../arm-none-eabi/lib/armv7-m/libc_nano.a(lib_a-init.o)
                              /usr/lib/gcc/arm-none-eabi/4.9/../../../arm-none-eabi/lib/armv7-m/crt0.o (__libc_init_array)
/usr/lib/gcc/arm-none-eabi/4.9/../../../arm-none-eabi/lib/armv7-m/libc_nano.a(lib_a-memset.o)
                              /usr/lib/gcc/arm-none-eabi/4.9/../../../arm-none-eabi/lib/armv7-m/crt0.o (memset)
/usr/lib/gcc/arm-none-eabi/4.9/../../../arm-none-eabi/lib/armv7-m/libc_nano.a(lib_a-printf.o)
                              build/app.o (printf)
/usr/lib/gcc/arm-none-eabi/4.9/../../../arm-none-eabi/lib/armv7-m/libc_nano.a(lib_a-puts.o)
                              build/main.o (puts)
/usr/lib/gcc/arm-none-eabi/4.9/../../../arm-none-eabi/lib/armv7-m/libc_nano.a(lib_a-vsprintf.o)
                              build/hd44780.o (vsprintf)
/usr/lib/gcc/arm-none-eabi/4.9/../../../arm-none-eabi/lib/armv7-m/libc_nano.a(lib_a-wbuf.o)
                              /usr/lib/gcc/arm-none-eabi/4.9/../../../arm-none-eabi/lib/armv7-m/libc_nano.a(lib_a-puts.o) (__swbuf_r)
/usr/lib/gcc/arm-none-eabi/4.9/../../../arm-none-eabi/lib/armv7-m/libc_nano.a(lib_a-wsetup.o)
                              /usr/lib/gcc/arm-none-eabi/4.9/../../../arm-none-eabi/lib/armv7-m/libc_nano.a(lib_a-puts.o) (__swsetup_r)
/usr/lib/gcc/arm-none-eabi/4.9/../../../arm-none-eabi/lib/armv7-m/libc_nano.a(lib_a-__atexit.o)
                              /usr/lib/gcc/arm-none-eabi/4.9/../../../arm-none-eabi/lib/armv7-m/libc_nano.a(lib_a-atexit.o) (__register_exitproc)
/usr/lib/gcc/arm-none-eabi/4.9/../../../arm-none-eabi/lib/armv7-m/libc_nano.a(lib_a-__call_atexit.o)
                              /usr/lib/gcc/arm-none-eabi/4.9/../../../arm-none-eabi/lib/armv7-m/libc_nano.a(lib_a-__atexit.o) (__call_exitprocs)
/usr/lib/gcc/arm-none-eabi/4.9/../../../arm-none-eabi/lib/armv7-m/libc_nano.a(lib_a-fflush.o)
                              /usr/lib/gcc/arm-none-eabi/4.9/../../../arm-none-eabi/lib/armv7-m/libc_nano.a(lib_a-wbuf.o) (_fflush_r)
/usr/lib/gcc/arm-none-eabi/4.9/../../../arm-none-eabi/lib/armv7-m/libc_nano.a(lib_a-findfp.o)
                              /usr/lib/gcc/arm-none-eabi/4.9/../../../arm-none-eabi/lib/armv7-m/libc_nano.a(lib_a-printf.o) (__sinit)
/usr/lib/gcc/arm-none-eabi/4.9/../../../arm-none-eabi/lib/armv7-m/libc_nano.a(lib_a-fwalk.o)
                              /usr/lib/gcc/arm-none-eabi/4.9/../../../arm-none-eabi/lib/armv7-m/libc_nano.a(lib_a-findfp.o) (_fwalk)
/usr/lib/gcc/arm-none-eabi/4.9/../../../arm-none-eabi/lib/armv7-m/libc_nano.a(lib_a-makebuf.o)
                              /usr/lib/gcc/arm-none-eabi/4.9/../../../arm-none-eabi/lib/armv7-m/libc_nano.a(lib_a-wsetup.o) (__smakebuf_r)
/usr/lib/gcc/arm-none-eabi/4.9/../../../arm-none-eabi/lib/armv7-m/libc_nano.a(lib_a-nano-freer.o)
                              /usr/lib/gcc/arm-none-eabi/4.9/../../../arm-none-eabi/lib/armv7-m/libc_nano.a(lib_a-wsetup.o) (_free_r)
/usr/lib/gcc/arm-none-eabi/4.9/../../../arm-none-eabi/lib/armv7-m/libc_nano.a(lib_a-nano-mallocr.o)
                              /usr/lib/gcc/arm-none-eabi/4.9/../../../arm-none-eabi/lib/armv7-m/libc_nano.a(lib_a-findfp.o) (_malloc_r)
/usr/lib/gcc/arm-none-eabi/4.9/../../../arm-none-eabi/lib/armv7-m/libc_nano.a(lib_a-nano-svfprintf.o)
                              /usr/lib/gcc/arm-none-eabi/4.9/../../../arm-none-eabi/lib/armv7-m/libc_nano.a(lib_a-vsprintf.o) (_svfprintf_r)
/usr/lib/gcc/arm-none-eabi/4.9/../../../arm-none-eabi/lib/armv7-m/libc_nano.a(lib_a-nano-vfprintf_i.o)
                              /usr/lib/gcc/arm-none-eabi/4.9/../../../arm-none-eabi/lib/armv7-m/libc_nano.a(lib_a-nano-svfprintf.o) (_printf_i)
/usr/lib/gcc/arm-none-eabi/4.9/../../../arm-none-eabi/lib/armv7-m/libc_nano.a(lib_a-nano-vfprintf.o)
                              /usr/lib/gcc/arm-none-eabi/4.9/../../../arm-none-eabi/lib/armv7-m/libc_nano.a(lib_a-printf.o) (_vfprintf_r)
/usr/lib/gcc/arm-none-eabi/4.9/../../../arm-none-eabi/lib/armv7-m/libc_nano.a(lib_a-sbrkr.o)
[...]
Memory Configuration

Name             Origin             Length             Attributes
FLASH            0x0000000008000000 0x0000000000020000 xr
RAM              0x0000000020000000 0x0000000000005000 xrw
*default*        0x0000000000000000 0xffffffffffffffff

Linker script and memory map

LOAD /usr/lib/gcc/arm-none-eabi/4.9/armv7-m/crti.o
LOAD /usr/lib/gcc/arm-none-eabi/4.9/armv7-m/crtbegin.o
LOAD /usr/lib/gcc/arm-none-eabi/4.9/../../../arm-none-eabi/lib/armv7-m/crt0.o
LOAD build/hd44780.o
LOAD build/clock.o
LOAD build/sys.o
LOAD build/speaker.o
LOAD build/controls.o
LOAD build/system_stm32f1xx.o
LOAD build/stm32f1xx_hal_rcc.o
LOAD build/stm32f1xx_hal_flash.o
LOAD build/stm32f1xx_hal_adc_ex.o
LOAD build/stm32f1xx_hal_adc.o
LOAD build/stm32f1xx_hal_rtc.o
LOAD build/stm32f1xx_hal_rcc_ex.o
LOAD build/stm32f1xx_hal_gpio_ex.o
LOAD build/stm32f1xx_hal.o
LOAD build/stm32f1xx_hal_gpio.o
LOAD build/stm32f1xx_hal_flash_ex.o
LOAD build/stm32f1xx_hal_rtc_ex.o
LOAD build/stm32f1xx_hal_tim_ex.o
LOAD build/stm32f1xx_hal_tim.o
LOAD build/stm32f1xx_hal_dma.o
LOAD build/stm32f1xx_hal_cortex.o
LOAD build/stm32f1xx_hal_pwr.o
LOAD build/stm32f1xx_hal_uart.o
LOAD build/app_set_time.o
LOAD build/app_clock.o
LOAD build/app.o
LOAD build/stm32f1xx_hal_msp.o
LOAD build/usart.o
LOAD build/gpio.o
LOAD build/stm32f1xx_it.o
LOAD build/adc.o
LOAD build/tim.o
LOAD build/printf.o
LOAD build/rtc.o
LOAD build/main.o
LOAD build/startup_stm32f103xb.o
LOAD /usr/lib/gcc/arm-none-eabi/4.9/../../../arm-none-eabi/lib/armv7-m/libc_nano.a
LOAD /usr/lib/gcc/arm-none-eabi/4.9/../../../arm-none-eabi/lib/armv7-m/libm.a
LOAD /usr/lib/gcc/arm-none-eabi/4.9/../../../arm-none-eabi/lib/armv7-m/libnosys.a
START GROUP
LOAD /usr/lib/gcc/arm-none-eabi/4.9/armv7-m/libgcc.a
LOAD /usr/lib/gcc/arm-none-eabi/4.9/../../../arm-none-eabi/lib/armv7-m/libc_nano.a
END GROUP
START GROUP
LOAD /usr/lib/gcc/arm-none-eabi/4.9/armv7-m/libgcc.a
LOAD /usr/lib/gcc/arm-none-eabi/4.9/../../../arm-none-eabi/lib/armv7-m/libc_nano.a
END GROUP
LOAD /usr/lib/gcc/arm-none-eabi/4.9/armv7-m/crtend.o
LOAD /usr/lib/gcc/arm-none-eabi/4.9/armv7-m/crtn.o
                0x0000000020005000                _estack = 0x20005000
                0x0000000000001000                _Min_Heap_Size = 0x1000
                0x0000000000002000                _Min_Stack_Size = 0x2000

.isr_vector     0x0000000008000000      0x10c
                0x0000000008000000                . = ALIGN (0x4)
 *(.isr_vector)
 .isr_vector    0x0000000008000000      0x10c build/startup_stm32f103xb.o
                0x0000000008000000                g_pfnVectors
                0x000000000800010c                . = ALIGN (0x4)

.text           0x000000000800010c     0x6e64
                0x000000000800010c                . = ALIGN (0x4)
 *(.text)
 .text          0x000000000800010c       0xa4 /usr/lib/gcc/arm-none-eabi/4.9/armv7-m/crtbegin.o
 *(.text*)
 .text.init_delay
                0x00000000080001b0       0x34 build/hd44780.o
 .text.delay_us
                0x00000000080001e4       0x60 build/hd44780.o
 .text.set_output
                0x0000000008000244       0x78 build/hd44780.o
 .text.enable   0x00000000080002bc       0x48 build/hd44780.o
 .text.write    0x0000000008000304       0xc0 build/hd44780.o
 .text.read_busy
                0x00000000080003c4       0x78 build/hd44780.o
 .text.task_add
                0x000000000800043c       0xf4 build/hd44780.o
 .text.task_del
                0x0000000008000530       0x4c build/hd44780.o
 .text.exec     0x000000000800057c       0xdc build/hd44780.o
 .text.hd44780_brightness
                0x0000000008000658       0x44 build/hd44780.o
                0x0000000008000658                hd44780_brightness
 .text.hd44780_clear
                0x000000000800069c       0x20 build/hd44780.o
                0x000000000800069c                hd44780_clear
 .text.hd44780_home
                0x00000000080006bc       0x20 build/hd44780.o
                0x00000000080006bc                hd44780_home
 .text.hd44780_display
                0x00000000080006dc       0x78 build/hd44780.o
                0x00000000080006dc                hd44780_display
 .text.hd44780_position
                0x0000000008000754       0x60 build/hd44780.o
                0x0000000008000754                hd44780_position
 .text.hd44780_cgram
                0x00000000080007b4       0x74 build/hd44780.o
                0x00000000080007b4                hd44780_cgram
 .text.hd44780_put
                0x0000000008000828       0x2c build/hd44780.o
                0x0000000008000828                hd44780_put
 .text.hd44780_print
                0x0000000008000854       0x48 build/hd44780.o
                0x0000000008000854                hd44780_print
 .text.hd44780_printf
                0x000000000800089c       0x5c build/hd44780.o
                0x000000000800089c                hd44780_printf
 .text.hd44780_init
                0x00000000080008f8      0x268 build/hd44780.o
                0x00000000080008f8                hd44780_init
 .text.TIM3_IRQHandler
                0x0000000008000b60       0x14 build/hd44780.o
                0x0000000008000b60                TIM3_IRQHandler
 .text.clock_init
                0x0000000008000b74        0xc build/clock.o
                0x0000000008000b74                clock_init
 .text.clock_update
                0x0000000008000b80       0x90 build/clock.o
                0x0000000008000b80                clock_update
 .text.clock_button
                0x0000000008000c10       0x80 build/clock.o
                0x0000000008000c10                clock_button
 .text.clock_get_time
                0x0000000008000c90       0x1c build/clock.o
                0x0000000008000c90                clock_get_time
 .text.clock_set_time
                0x0000000008000cac       0x40 build/clock.o
                0x0000000008000cac                clock_set_time
 .text.clock_reg_read
                0x0000000008000cec       0x20 build/clock.o
                0x0000000008000cec                clock_reg_read
 .text.clock_reg_write
                0x0000000008000d0c       0x20 build/clock.o
                0x0000000008000d0c                clock_reg_write
 .text.clock_alarm_read
                0x0000000008000d2c       0x24 build/clock.o
                0x0000000008000d2c                clock_alarm_read
 .text.clock_alarm_get
                0x0000000008000d50       0x14 build/clock.o
                0x0000000008000d50                clock_alarm_get
 .text.clock_alarm_set
                0x0000000008000d64       0x68 build/clock.o
                0x0000000008000d64                clock_alarm_set
 .text.speaker_update
                0x0000000008000dcc       0x74 build/speaker.o
                0x0000000008000dcc                speaker_update
 .text.speaker_start
                0x0000000008000e40       0x18 build/speaker.o
                0x0000000008000e40                speaker_start
 .text.speaker_stop
                0x0000000008000e58       0x18 build/speaker.o
                0x0000000008000e58                speaker_stop
 .text.controls_init
                0x0000000008000e70       0x84 build/controls.o
                0x0000000008000e70                controls_init
 .text.controls_init_encoder_state
                0x0000000008000ef4       0x48 build/controls.o
                0x0000000008000ef4                controls_init_encoder_state
 .text._controls_button_handle
                0x0000000008000f3c       0x30 build/controls.o
                0x0000000008000f3c                _controls_button_handle
 .text._controls_encoder_handle
                0x0000000008000f6c       0x34 build/controls.o
                0x0000000008000f6c                _controls_encoder_handle
 .text.controls_update
                0x0000000008000fa0      0x238 build/controls.o
                0x0000000008000fa0                controls_update
 .text.controls_set_buttons_handler
                0x00000000080011d8       0x1c build/controls.o
                0x00000000080011d8                controls_set_buttons_handler
 .text.controls_set_encoder_handler
                0x00000000080011f4       0x3c build/controls.o
                0x00000000080011f4                controls_set_encoder_handler
 .text.controls_millis
                0x0000000008001230       0x10 build/controls.o
                0x0000000008001230                controls_millis
 .text.SystemInit
                0x0000000008001240       0x68 build/system_stm32f1xx.o
                0x0000000008001240                SystemInit
 .text.HAL_RCC_OscConfig
                0x00000000080012a8      0xe38 build/stm32f1xx_hal_rcc.o
                0x00000000080012a8                HAL_RCC_OscConfig
 .text.HAL_RCC_ClockConfig
                0x00000000080020e0      0x37c build/stm32f1xx_hal_rcc.o
                0x00000000080020e0                HAL_RCC_ClockConfig
 .text.HAL_RCC_GetSysClockFreq
                0x000000000800245c       0xf4 build/stm32f1xx_hal_rcc.o
                0x000000000800245c                HAL_RCC_GetSysClockFreq
 .text.HAL_RCC_GetHCLKFreq
                0x0000000008002550       0x18 build/stm32f1xx_hal_rcc.o
                0x0000000008002550                HAL_RCC_GetHCLKFreq
 .text.HAL_RCC_GetPCLK1Freq
                0x0000000008002568       0x44 build/stm32f1xx_hal_rcc.o
                0x0000000008002568                HAL_RCC_GetPCLK1Freq
 .text.HAL_RCC_GetPCLK2Freq
                0x00000000080025ac       0x44 build/stm32f1xx_hal_rcc.o
                0x00000000080025ac                HAL_RCC_GetPCLK2Freq
 .text.HAL_ADC_Init
                0x00000000080025f0      0x1fc build/stm32f1xx_hal_adc.o
                0x00000000080025f0                HAL_ADC_Init
 .text.HAL_ADC_ConfigChannel
                0x00000000080027ec      0x2ac build/stm32f1xx_hal_adc.o
                0x00000000080027ec                HAL_ADC_ConfigChannel
 .text.ADC_ConversionStop_Disable
                0x0000000008002a98       0x74 build/stm32f1xx_hal_adc.o
                0x0000000008002a98                ADC_ConversionStop_Disable
 .text.HAL_RTC_Init
                0x0000000008002b0c      0x12c build/stm32f1xx_hal_rtc.o
                0x0000000008002b0c                HAL_RTC_Init
 .text.HAL_RTC_SetTime
                0x0000000008002c38      0x130 build/stm32f1xx_hal_rtc.o
                0x0000000008002c38                HAL_RTC_SetTime
 .text.HAL_RTC_GetTime
                0x0000000008002d68      0x1b0 build/stm32f1xx_hal_rtc.o
                0x0000000008002d68                HAL_RTC_GetTime
 .text.HAL_RTC_WaitForSynchro
                0x0000000008002f18       0x5c build/stm32f1xx_hal_rtc.o
                0x0000000008002f18                HAL_RTC_WaitForSynchro
 .text.RTC_ReadTimeCounter
                0x0000000008002f74       0x64 build/stm32f1xx_hal_rtc.o
 .text.RTC_WriteTimeCounter
                0x0000000008002fd8       0x50 build/stm32f1xx_hal_rtc.o
 .text.RTC_ReadAlarmCounter
                0x0000000008003028       0x34 build/stm32f1xx_hal_rtc.o
 .text.RTC_WriteAlarmCounter
                0x000000000800305c       0x50 build/stm32f1xx_hal_rtc.o
 .text.RTC_EnterInitMode
                0x00000000080030ac       0x50 build/stm32f1xx_hal_rtc.o
 .text.RTC_ExitInitMode
                0x00000000080030fc       0x50 build/stm32f1xx_hal_rtc.o
 .text.RTC_ByteToBcd2
                0x000000000800314c       0x3c build/stm32f1xx_hal_rtc.o
 .text.RTC_Bcd2ToByte
                0x0000000008003188       0x3c build/stm32f1xx_hal_rtc.o
 .text.RTC_DateUpdate
                0x00000000080031c4      0x154 build/stm32f1xx_hal_rtc.o
 .text.RTC_IsLeapYear
                0x0000000008003318       0x68 build/stm32f1xx_hal_rtc.o
 .text.RTC_WeekDayNum
                0x0000000008003380      0x100 build/stm32f1xx_hal_rtc.o
 .text.HAL_RCCEx_PeriphCLKConfig
                0x0000000008003480      0x1ec build/stm32f1xx_hal_rcc_ex.o
                0x0000000008003480                HAL_RCCEx_PeriphCLKConfig
 .text.HAL_RCCEx_GetPeriphCLKFreq
                0x000000000800366c      0x1c0 build/stm32f1xx_hal_rcc_ex.o
                0x000000000800366c                HAL_RCCEx_GetPeriphCLKFreq
 .text.HAL_Init
                0x000000000800382c       0x2c build/stm32f1xx_hal.o
                0x000000000800382c                HAL_Init
 .text.HAL_InitTick
                0x0000000008003858       0x38 build/stm32f1xx_hal.o
                0x0000000008003858                HAL_InitTick
 .text.HAL_IncTick
                0x0000000008003890       0x1c build/stm32f1xx_hal.o
                0x0000000008003890                HAL_IncTick
 .text.HAL_GetTick
                0x00000000080038ac       0x18 build/stm32f1xx_hal.o
                0x00000000080038ac                HAL_GetTick
 .text.HAL_Delay
                0x00000000080038c4       0x2c build/stm32f1xx_hal.o
                0x00000000080038c4                HAL_Delay
 .text.HAL_GPIO_Init
                0x00000000080038f0      0x2bc build/stm32f1xx_hal_gpio.o
                0x00000000080038f0                HAL_GPIO_Init
 .text.HAL_GPIO_ReadPin
                0x0000000008003bac       0x30 build/stm32f1xx_hal_gpio.o
                0x0000000008003bac                HAL_GPIO_ReadPin
 .text.HAL_GPIO_WritePin
                0x0000000008003bdc       0x30 build/stm32f1xx_hal_gpio.o
                0x0000000008003bdc                HAL_GPIO_WritePin
 .text.HAL_GPIO_TogglePin
                0x0000000008003c0c       0x24 build/stm32f1xx_hal_gpio.o
                0x0000000008003c0c                HAL_GPIO_TogglePin
 .text.HAL_RTCEx_BKUPWrite
                0x0000000008003c30       0x34 build/stm32f1xx_hal_rtc_ex.o
                0x0000000008003c30                HAL_RTCEx_BKUPWrite
 .text.HAL_RTCEx_BKUPRead
                0x0000000008003c64       0x3c build/stm32f1xx_hal_rtc_ex.o
                0x0000000008003c64                HAL_RTCEx_BKUPRead
 .text.HAL_TIMEx_MasterConfigSynchronization
                0x0000000008003ca0       0x8c build/stm32f1xx_hal_tim_ex.o
                0x0000000008003ca0                HAL_TIMEx_MasterConfigSynchronization
 .text.HAL_TIMEx_CommutationCallback
                0x0000000008003d2c       0x14 build/stm32f1xx_hal_tim_ex.o
                0x0000000008003d2c                HAL_TIMEx_CommutationCallback
 .text.HAL_TIMEx_BreakCallback
                0x0000000008003d40       0x14 build/stm32f1xx_hal_tim_ex.o
                0x0000000008003d40                HAL_TIMEx_BreakCallback
 .text.HAL_TIM_Base_Init
                0x0000000008003d54       0x58 build/stm32f1xx_hal_tim.o
                0x0000000008003d54                HAL_TIM_Base_Init
 .text.HAL_TIM_Base_Start_IT
                0x0000000008003dac       0x38 build/stm32f1xx_hal_tim.o
                0x0000000008003dac                HAL_TIM_Base_Start_IT
 .text.HAL_TIM_Encoder_Init
                0x0000000008003de4      0x12c build/stm32f1xx_hal_tim.o
                0x0000000008003de4                HAL_TIM_Encoder_Init
 .text.HAL_TIM_Encoder_Start
                0x0000000008003f10       0x70 build/stm32f1xx_hal_tim.o
                0x0000000008003f10                HAL_TIM_Encoder_Start
 .text.HAL_TIM_IRQHandler
                0x0000000008003f80      0x210 build/stm32f1xx_hal_tim.o
                0x0000000008003f80                HAL_TIM_IRQHandler
 .text.HAL_TIM_ConfigClockSource
                0x0000000008004190      0x1c4 build/stm32f1xx_hal_tim.o
                0x0000000008004190                HAL_TIM_ConfigClockSource
 .text.HAL_TIM_OC_DelayElapsedCallback
                0x0000000008004354       0x14 build/stm32f1xx_hal_tim.o
                0x0000000008004354                HAL_TIM_OC_DelayElapsedCallback
 .text.HAL_TIM_IC_CaptureCallback
                0x0000000008004368       0x14 build/stm32f1xx_hal_tim.o
                0x0000000008004368                HAL_TIM_IC_CaptureCallback
 .text.HAL_TIM_PWM_PulseFinishedCallback
                0x000000000800437c       0x14 build/stm32f1xx_hal_tim.o
                0x000000000800437c                HAL_TIM_PWM_PulseFinishedCallback
 .text.HAL_TIM_TriggerCallback
                0x0000000008004390       0x14 build/stm32f1xx_hal_tim.o
                0x0000000008004390                HAL_TIM_TriggerCallback
 .text.TIM_Base_SetConfig
                0x00000000080043a4       0xbc build/stm32f1xx_hal_tim.o
                0x00000000080043a4                TIM_Base_SetConfig
 .text.TIM_TI1_ConfigInputStage
                0x0000000008004460       0x64 build/stm32f1xx_hal_tim.o
 .text.TIM_TI2_ConfigInputStage
                0x00000000080044c4       0x68 build/stm32f1xx_hal_tim.o
 .text.TIM_ITRx_SetConfig
                0x000000000800452c       0x40 build/stm32f1xx_hal_tim.o
 .text.TIM_ETR_SetConfig
                0x000000000800456c       0x44 build/stm32f1xx_hal_tim.o
 .text.TIM_CCxChannelCmd
                0x00000000080045b0       0x44 build/stm32f1xx_hal_tim.o
                0x00000000080045b0                TIM_CCxChannelCmd
 .text.NVIC_SetPriorityGrouping
                0x00000000080045f4       0x48 build/stm32f1xx_hal_cortex.o
 .text.NVIC_GetPriorityGrouping
                0x000000000800463c       0x1c build/stm32f1xx_hal_cortex.o
 .text.NVIC_EnableIRQ
                0x0000000008004658       0x30 build/stm32f1xx_hal_cortex.o
 .text.NVIC_SetPriority
                0x0000000008004688       0x54 build/stm32f1xx_hal_cortex.o
 .text.NVIC_EncodePriority
                0x00000000080046dc       0x64 build/stm32f1xx_hal_cortex.o
 .text.SysTick_Config
                0x0000000008004740       0x44 build/stm32f1xx_hal_cortex.o
 .text.HAL_NVIC_SetPriorityGrouping
                0x0000000008004784       0x14 build/stm32f1xx_hal_cortex.o
                0x0000000008004784                HAL_NVIC_SetPriorityGrouping
 .text.HAL_NVIC_SetPriority
                0x0000000008004798       0x38 build/stm32f1xx_hal_cortex.o
                0x0000000008004798                HAL_NVIC_SetPriority
 .text.HAL_NVIC_EnableIRQ
                0x00000000080047d0       0x1c build/stm32f1xx_hal_cortex.o
                0x00000000080047d0                HAL_NVIC_EnableIRQ
 .text.HAL_SYSTICK_Config
                0x00000000080047ec       0x18 build/stm32f1xx_hal_cortex.o
                0x00000000080047ec                HAL_SYSTICK_Config
 .text.HAL_SYSTICK_CLKSourceConfig
                0x0000000008004804       0x38 build/stm32f1xx_hal_cortex.o
                0x0000000008004804                HAL_SYSTICK_CLKSourceConfig
 .text.HAL_SYSTICK_IRQHandler
                0x000000000800483c        0xc build/stm32f1xx_hal_cortex.o
                0x000000000800483c                HAL_SYSTICK_IRQHandler
 .text.HAL_SYSTICK_Callback
                0x0000000008004848        0xc build/stm32f1xx_hal_cortex.o
                0x0000000008004848                HAL_SYSTICK_Callback
 .text.HAL_PWR_EnableBkUpAccess
                0x0000000008004854       0x34 build/stm32f1xx_hal_pwr.o
                0x0000000008004854                HAL_PWR_EnableBkUpAccess
 .text.HAL_UART_Init
                0x0000000008004888       0x94 build/stm32f1xx_hal_uart.o
                0x0000000008004888                HAL_UART_Init
 .text.HAL_UART_Transmit
                0x000000000800491c      0x150 build/stm32f1xx_hal_uart.o
                0x000000000800491c                HAL_UART_Transmit
 .text.UART_WaitOnFlagUntilTimeout
                0x0000000008004a6c      0x134 build/stm32f1xx_hal_uart.o
 .text.UART_SetConfig
                0x0000000008004ba0      0x228 build/stm32f1xx_hal_uart.o
 .text.app_set_time
                0x0000000008004dc8       0x14 build/app_set_time.o
                0x0000000008004dc8                app_set_time
 .text.app_set_time_open
                0x0000000008004ddc       0x40 build/app_set_time.o
                0x0000000008004ddc                app_set_time_open
 .text.app_set_time_update
                0x0000000008004e1c       0x44 build/app_set_time.o
                0x0000000008004e1c                app_set_time_update
 .text.app_set_time_draw
                0x0000000008004e60       0xe0 build/app_set_time.o
                0x0000000008004e60                app_set_time_draw
 .text.app_set_time_encoder
                0x0000000008004f40       0x58 build/app_set_time.o
                0x0000000008004f40                app_set_time_encoder
 .text.app_set_time_buttons
                0x0000000008004f98       0xe8 build/app_set_time.o
                0x0000000008004f98                app_set_time_buttons
 .text.app_set_time_can_close
                0x0000000008005080       0x10 build/app_set_time.o
                0x0000000008005080                app_set_time_can_close
 .text.app_set_time_close
                0x0000000008005090       0x10 build/app_set_time.o
                0x0000000008005090                app_set_time_close
 .text.app_clock
                0x00000000080050a0       0x14 build/app_clock.o
                0x00000000080050a0                app_clock
 .text.app_clock_open
                0x00000000080050b4        0xc build/app_clock.o
                0x00000000080050b4                app_clock_open
 .text.app_clock_update
                0x00000000080050c0        0xc build/app_clock.o
                0x00000000080050c0                app_clock_update
 .text.app_clock_draw
                0x00000000080050cc       0x70 build/app_clock.o
                0x00000000080050cc                app_clock_draw
 .text.app_clock_encoder
                0x000000000800513c       0x1c build/app_clock.o
                0x000000000800513c                app_clock_encoder
 .text.app_clock_buttons
                0x0000000008005158       0x5c build/app_clock.o
                0x0000000008005158                app_clock_buttons
 .text.app_clock_can_close
                0x00000000080051b4       0x10 build/app_clock.o
                0x00000000080051b4                app_clock_can_close
 .text.app_clock_close
                0x00000000080051c4       0x10 build/app_clock.o
                0x00000000080051c4                app_clock_close
 .text.apps_init
                0x00000000080051d4       0x34 build/app.o
                0x00000000080051d4                apps_init
 .text.apps_update
                0x0000000008005208       0x1c build/app.o
                0x0000000008005208                apps_update
 .text.apps_draw
                0x0000000008005224       0x1c build/app.o
                0x0000000008005224                apps_draw
 .text.app_set  0x0000000008005240       0x40 build/app.o
                0x0000000008005240                app_set
 .text.app_switch
                0x0000000008005280       0x4c build/app.o
                0x0000000008005280                app_switch
 .text.apps_preset_encoder
                0x00000000080052cc       0x50 build/app.o
                0x00000000080052cc                apps_preset_encoder
 .text.apps_input_buttons
                0x000000000800531c       0xc8 build/app.o
                0x000000000800531c                apps_input_buttons
 .text.apps_input_encoder
                0x00000000080053e4       0x38 build/app.o
                0x00000000080053e4                apps_input_encoder
 .text.HAL_MspInit
                0x000000000800541c       0x98 build/stm32f1xx_hal_msp.o
                0x000000000800541c                HAL_MspInit
 .text.MX_USART1_UART_Init
                0x00000000080054b4       0x50 build/usart.o
                0x00000000080054b4                MX_USART1_UART_Init
 .text.HAL_UART_MspInit
                0x0000000008005504       0x70 build/usart.o
                0x0000000008005504                HAL_UART_MspInit
 .text.MX_GPIO_Init
                0x0000000008005574       0xe0 build/gpio.o
                0x0000000008005574                MX_GPIO_Init
 .text.NMI_Handler
                0x0000000008005654        0xc build/stm32f1xx_it.o
                0x0000000008005654                NMI_Handler
 .text.HardFault_Handler
                0x0000000008005660        0x8 build/stm32f1xx_it.o
                0x0000000008005660                HardFault_Handler
 .text.MemManage_Handler
                0x0000000008005668        0x8 build/stm32f1xx_it.o
                0x0000000008005668                MemManage_Handler
 .text.BusFault_Handler
                0x0000000008005670        0x8 build/stm32f1xx_it.o
                0x0000000008005670                BusFault_Handler
 .text.UsageFault_Handler
                0x0000000008005678        0x8 build/stm32f1xx_it.o
                0x0000000008005678                UsageFault_Handler
 .text.SVC_Handler
                0x0000000008005680        0xc build/stm32f1xx_it.o
                0x0000000008005680                SVC_Handler
 .text.DebugMon_Handler
                0x000000000800568c        0xc build/stm32f1xx_it.o
                0x000000000800568c                DebugMon_Handler
 .text.PendSV_Handler
                0x0000000008005698        0xc build/stm32f1xx_it.o
                0x0000000008005698                PendSV_Handler
 .text.SysTick_Handler
                0x00000000080056a4       0x10 build/stm32f1xx_it.o
                0x00000000080056a4                SysTick_Handler
 .text.TIM2_IRQHandler
                0x00000000080056b4       0x10 build/stm32f1xx_it.o
                0x00000000080056b4                TIM2_IRQHandler
 .text.MX_ADC1_Init
                0x00000000080056c4       0x70 build/adc.o
                0x00000000080056c4                MX_ADC1_Init
 .text.HAL_ADC_MspInit
                0x0000000008005734       0x50 build/adc.o
                0x0000000008005734                HAL_ADC_MspInit
 .text.MX_TIM2_Init
                0x0000000008005784       0x7c build/tim.o
                0x0000000008005784                MX_TIM2_Init
 .text.MX_TIM4_Init
                0x0000000008005800       0x88 build/tim.o
                0x0000000008005800                MX_TIM4_Init
 .text.HAL_TIM_Base_MspInit
                0x0000000008005888       0x44 build/tim.o
                0x0000000008005888                HAL_TIM_Base_MspInit
 .text.HAL_TIM_Encoder_MspInit
                0x00000000080058cc       0x54 build/tim.o
                0x00000000080058cc                HAL_TIM_Encoder_MspInit
 .text._write   0x0000000008005920       0x2c build/printf.o
                0x0000000008005920                _write
 .text.MX_RTC_Init
                0x000000000800594c       0x34 build/rtc.o
                0x000000000800594c                MX_RTC_Init
 .text.HAL_RTC_MspInit
                0x0000000008005980       0x64 build/rtc.o
                0x0000000008005980                HAL_RTC_MspInit
 .text.HAL_TIM_PeriodElapsedCallback
                0x00000000080059e4       0x14 build/main.o
                0x00000000080059e4                HAL_TIM_PeriodElapsedCallback
 .text.main     0x00000000080059f8      0x114 build/main.o
                0x00000000080059f8                main
 .text.SystemClock_Config
                0x0000000008005b0c       0xbc build/main.o
                0x0000000008005b0c                SystemClock_Config
 .text.Error_Handler
                0x0000000008005bc8        0x8 build/main.o
                0x0000000008005bc8                Error_Handler
 .text.Reset_Handler
                0x0000000008005bd0       0x48 build/startup_stm32f103xb.o
                0x0000000008005bd0                Reset_Handler
 .text.Default_Handler
                0x0000000008005c18        0x2 build/startup_stm32f103xb.o
                0x0000000008005c18                RTC_Alarm_IRQHandler
                0x0000000008005c18                EXTI2_IRQHandler
                0x0000000008005c18                TIM1_CC_IRQHandler
                0x0000000008005c18                PVD_IRQHandler
                0x0000000008005c18                EXTI3_IRQHandler
                0x0000000008005c18                EXTI0_IRQHandler
                0x0000000008005c18                I2C2_EV_IRQHandler
                0x0000000008005c18                ADC1_2_IRQHandler
                0x0000000008005c18                SPI1_IRQHandler
                0x0000000008005c18                TAMPER_IRQHandler
                0x0000000008005c18                DMA1_Channel4_IRQHandler
                0x0000000008005c18                USART3_IRQHandler
                0x0000000008005c18                RTC_IRQHandler
                0x0000000008005c18                DMA1_Channel7_IRQHandler
                0x0000000008005c18                CAN1_RX1_IRQHandler
                0x0000000008005c18                TIM4_IRQHandler
                0x0000000008005c18                I2C1_EV_IRQHandler
                0x0000000008005c18                DMA1_Channel6_IRQHandler
                0x0000000008005c18                RCC_IRQHandler
                0x0000000008005c18                TIM1_TRG_COM_IRQHandler
                0x0000000008005c18                DMA1_Channel1_IRQHandler
                0x0000000008005c18                Default_Handler
                0x0000000008005c18                EXTI15_10_IRQHandler
                0x0000000008005c18                EXTI9_5_IRQHandler
                0x0000000008005c18                SPI2_IRQHandler
                0x0000000008005c18                DMA1_Channel5_IRQHandler
                0x0000000008005c18                EXTI4_IRQHandler
                0x0000000008005c18                USB_LP_CAN1_RX0_IRQHandler
                0x0000000008005c18                USB_HP_CAN1_TX_IRQHandler
                0x0000000008005c18                DMA1_Channel3_IRQHandler
                0x0000000008005c18                TIM1_UP_IRQHandler
                0x0000000008005c18                WWDG_IRQHandler
                0x0000000008005c18                TIM1_BRK_IRQHandler
                0x0000000008005c18                EXTI1_IRQHandler
                0x0000000008005c18                USART2_IRQHandler
                0x0000000008005c18                I2C2_ER_IRQHandler
                0x0000000008005c18                DMA1_Channel2_IRQHandler
                0x0000000008005c18                CAN1_SCE_IRQHandler
                0x0000000008005c18                FLASH_IRQHandler
                0x0000000008005c18                USART1_IRQHandler
                0x0000000008005c18                I2C1_ER_IRQHandler
                0x0000000008005c18                USBWakeUp_IRQHandler
 *fill*         0x0000000008005c1a        0x2 
 .text.__libc_init_array
                0x0000000008005c1c       0x4c /usr/lib/gcc/arm-none-eabi/4.9/../../../arm-none-eabi/lib/armv7-m/libc_nano.a(lib_a-init.o)
                0x0000000008005c1c                __libc_init_array
 .text.memset   0x0000000008005c68       0x10 /usr/lib/gcc/arm-none-eabi/4.9/../../../arm-none-eabi/lib/armv7-m/libc_nano.a(lib_a-memset.o)
                0x0000000008005c68                memset
 .text.printf   0x0000000008005c78       0x30 /usr/lib/gcc/arm-none-eabi/4.9/../../../arm-none-eabi/lib/armv7-m/libc_nano.a(lib_a-printf.o)
                0x0000000008005c78                printf
                0x0000000008005c78                iprintf
 .text._puts_r  0x0000000008005ca8       0xc0 /usr/lib/gcc/arm-none-eabi/4.9/../../../arm-none-eabi/lib/armv7-m/libc_nano.a(lib_a-puts.o)
                0x0000000008005ca8                _puts_r
 .text.puts     0x0000000008005d68       0x10 /usr/lib/gcc/arm-none-eabi/4.9/../../../arm-none-eabi/lib/armv7-m/libc_nano.a(lib_a-puts.o)
                0x0000000008005d68                puts
 .text._vsprintf_r
                0x0000000008005d78       0x30 /usr/lib/gcc/arm-none-eabi/4.9/../../../arm-none-eabi/lib/armv7-m/libc_nano.a(lib_a-vsprintf.o)
                0x0000000008005d78                _vsiprintf_r
                0x0000000008005d78                _vsprintf_r
 .text.vsprintf
                0x0000000008005da8       0x1c /usr/lib/gcc/arm-none-eabi/4.9/../../../arm-none-eabi/lib/armv7-m/libc_nano.a(lib_a-vsprintf.o)
                0x0000000008005da8                vsprintf
                0x0000000008005da8                vsiprintf
 .text.__swbuf_r
                0x0000000008005dc4       0xa8 /usr/lib/gcc/arm-none-eabi/4.9/../../../arm-none-eabi/lib/armv7-m/libc_nano.a(lib_a-wbuf.o)
                0x0000000008005dc4                __swbuf_r
 .text.__swsetup_r
                0x0000000008005e6c       0xdc /usr/lib/gcc/arm-none-eabi/4.9/../../../arm-none-eabi/lib/armv7-m/libc_nano.a(lib_a-wsetup.o)
                0x0000000008005e6c                __swsetup_r
 .text.__sflush_r
                0x0000000008005f48      0x106 /usr/lib/gcc/arm-none-eabi/4.9/../../../arm-none-eabi/lib/armv7-m/libc_nano.a(lib_a-fflush.o)
                0x0000000008005f48                __sflush_r
 *fill*         0x000000000800604e        0x2 
 .text._fflush_r
                0x0000000008006050       0x54 /usr/lib/gcc/arm-none-eabi/4.9/../../../arm-none-eabi/lib/armv7-m/libc_nano.a(lib_a-fflush.o)
                0x0000000008006050                _fflush_r
 .text._cleanup_r
                0x00000000080060a4        0xc /usr/lib/gcc/arm-none-eabi/4.9/../../../arm-none-eabi/lib/armv7-m/libc_nano.a(lib_a-findfp.o)
                0x00000000080060a4                _cleanup_r
 .text.std.isra.0
                0x00000000080060b0       0x48 /usr/lib/gcc/arm-none-eabi/4.9/../../../arm-none-eabi/lib/armv7-m/libc_nano.a(lib_a-findfp.o)
 .text.__sfmoreglue
                0x00000000080060f8       0x2c /usr/lib/gcc/arm-none-eabi/4.9/../../../arm-none-eabi/lib/armv7-m/libc_nano.a(lib_a-findfp.o)
                0x00000000080060f8                __sfmoreglue
 .text.__sinit  0x0000000008006124       0x60 /usr/lib/gcc/arm-none-eabi/4.9/../../../arm-none-eabi/lib/armv7-m/libc_nano.a(lib_a-findfp.o)
                0x0000000008006124                __sinit
 .text.__sfp    0x0000000008006184       0x74 /usr/lib/gcc/arm-none-eabi/4.9/../../../arm-none-eabi/lib/armv7-m/libc_nano.a(lib_a-findfp.o)
                0x0000000008006184                __sfp
 .text.__sfp_lock_acquire
                0x00000000080061f8        0x2 /usr/lib/gcc/arm-none-eabi/4.9/../../../arm-none-eabi/lib/armv7-m/libc_nano.a(lib_a-findfp.o)
                0x00000000080061f8                __sfp_lock_acquire
 .text.__sfp_lock_release
                0x00000000080061fa        0x2 /usr/lib/gcc/arm-none-eabi/4.9/../../../arm-none-eabi/lib/armv7-m/libc_nano.a(lib_a-findfp.o)
                0x00000000080061fa                __sfp_lock_release
 .text._fwalk_reent
                0x00000000080061fc       0x3c /usr/lib/gcc/arm-none-eabi/4.9/../../../arm-none-eabi/lib/armv7-m/libc_nano.a(lib_a-fwalk.o)
                0x00000000080061fc                _fwalk_reent
 .text.__smakebuf_r
                0x0000000008006238       0x98 /usr/lib/gcc/arm-none-eabi/4.9/../../../arm-none-eabi/lib/armv7-m/libc_nano.a(lib_a-makebuf.o)
                0x0000000008006238                __smakebuf_r
 .text._free_r  0x00000000080062d0       0x88 /usr/lib/gcc/arm-none-eabi/4.9/../../../arm-none-eabi/lib/armv7-m/libc_nano.a(lib_a-nano-freer.o)
                0x00000000080062d0                _free_r
 .text._malloc_r
                0x0000000008006358       0xac /usr/lib/gcc/arm-none-eabi/4.9/../../../arm-none-eabi/lib/armv7-m/libc_nano.a(lib_a-nano-mallocr.o)
                0x0000000008006358                _malloc_r
 .text.__ssputs_r
                0x0000000008006404       0xb8 /usr/lib/gcc/arm-none-eabi/4.9/../../../arm-none-eabi/lib/armv7-m/libc_nano.a(lib_a-nano-svfprintf.o)
                0x0000000008006404                __ssputs_r
 .text._svfprintf_r
                0x00000000080064bc      0x1d8 /usr/lib/gcc/arm-none-eabi/4.9/../../../arm-none-eabi/lib/armv7-m/libc_nano.a(lib_a-nano-svfprintf.o)
                0x00000000080064bc                _svfprintf_r
                0x00000000080064bc                _svfiprintf_r
 .text._printf_common
                0x0000000008006694       0xe4 /usr/lib/gcc/arm-none-eabi/4.9/../../../arm-none-eabi/lib/armv7-m/libc_nano.a(lib_a-nano-vfprintf_i.o)
                0x0000000008006694                _printf_common
 .text._printf_i
                0x0000000008006778      0x22c /usr/lib/gcc/arm-none-eabi/4.9/../../../arm-none-eabi/lib/armv7-m/libc_nano.a(lib_a-nano-vfprintf_i.o)
                0x0000000008006778                _printf_i
 .text.__sfputc_r
                0x00000000080069a4       0x2c /usr/lib/gcc/arm-none-eabi/4.9/../../../arm-none-eabi/lib/armv7-m/libc_nano.a(lib_a-nano-vfprintf.o)
 .text.__sfputs_r
                0x00000000080069d0       0x24 /usr/lib/gcc/arm-none-eabi/4.9/../../../arm-none-eabi/lib/armv7-m/libc_nano.a(lib_a-nano-vfprintf.o)
                0x00000000080069d0                __sfputs_r
 .text._vfprintf_r
                0x00000000080069f4      0x208 /usr/lib/gcc/arm-none-eabi/4.9/../../../arm-none-eabi/lib/armv7-m/libc_nano.a(lib_a-nano-vfprintf.o)
                0x00000000080069f4                _vfiprintf_r
                0x00000000080069f4                _vfprintf_r
 .text._sbrk_r  0x0000000008006bfc       0x20 /usr/lib/gcc/arm-none-eabi/4.9/../../../arm-none-eabi/lib/armv7-m/libc_nano.a(lib_a-sbrkr.o)
                0x0000000008006bfc                _sbrk_r
 .text.__sread  0x0000000008006c1c       0x22 /usr/lib/gcc/arm-none-eabi/4.9/../../../arm-none-eabi/lib/armv7-m/libc_nano.a(lib_a-stdio.o)
                0x0000000008006c1c                __sread
 .text.__swrite
                0x0000000008006c3e       0x38 /usr/lib/gcc/arm-none-eabi/4.9/../../../arm-none-eabi/lib/armv7-m/libc_nano.a(lib_a-stdio.o)
                0x0000000008006c3e                __swrite
 .text.__sseek  0x0000000008006c76       0x24 /usr/lib/gcc/arm-none-eabi/4.9/../../../arm-none-eabi/lib/armv7-m/libc_nano.a(lib_a-stdio.o)
                0x0000000008006c76                __sseek
 .text.__sclose
                0x0000000008006c9a        0x8 /usr/lib/gcc/arm-none-eabi/4.9/../../../arm-none-eabi/lib/armv7-m/libc_nano.a(lib_a-stdio.o)
                0x0000000008006c9a                __sclose
 .text.strlen   0x0000000008006ca2       0x10 /usr/lib/gcc/arm-none-eabi/4.9/../../../arm-none-eabi/lib/armv7-m/libc_nano.a(lib_a-strlen.o)
                0x0000000008006ca2                strlen
 *fill*         0x0000000008006cb2        0x2 
 .text._write_r
                0x0000000008006cb4       0x24 /usr/lib/gcc/arm-none-eabi/4.9/../../../arm-none-eabi/lib/armv7-m/libc_nano.a(lib_a-writer.o)
                0x0000000008006cb4                _write_r
 .text._close_r
                0x0000000008006cd8       0x20 /usr/lib/gcc/arm-none-eabi/4.9/../../../arm-none-eabi/lib/armv7-m/libc_nano.a(lib_a-closer.o)
                0x0000000008006cd8                _close_r
 .text._fclose_r
                0x0000000008006cf8       0xa4 /usr/lib/gcc/arm-none-eabi/4.9/../../../arm-none-eabi/lib/armv7-m/libc_nano.a(lib_a-fclose.o)
                0x0000000008006cf8                _fclose_r
 .text._fstat_r
                0x0000000008006d9c       0x24 /usr/lib/gcc/arm-none-eabi/4.9/../../../arm-none-eabi/lib/armv7-m/libc_nano.a(lib_a-fstatr.o)
                0x0000000008006d9c                _fstat_r
 .text._isatty_r
                0x0000000008006dc0       0x20 /usr/lib/gcc/arm-none-eabi/4.9/../../../arm-none-eabi/lib/armv7-m/libc_nano.a(lib_a-isattyr.o)
                0x0000000008006dc0                _isatty_r
 .text._lseek_r
                0x0000000008006de0       0x24 /usr/lib/gcc/arm-none-eabi/4.9/../../../arm-none-eabi/lib/armv7-m/libc_nano.a(lib_a-lseekr.o)
                0x0000000008006de0                _lseek_r
 .text.memchr   0x0000000008006e04       0x1c /usr/lib/gcc/arm-none-eabi/4.9/../../../arm-none-eabi/lib/armv7-m/libc_nano.a(lib_a-memchr-stub.o)
                0x0000000008006e04                memchr
 .text.memcpy   0x0000000008006e20       0x12 /usr/lib/gcc/arm-none-eabi/4.9/../../../arm-none-eabi/lib/armv7-m/libc_nano.a(lib_a-memcpy-stub.o)
                0x0000000008006e20                memcpy
 .text.memmove  0x0000000008006e32       0x36 /usr/lib/gcc/arm-none-eabi/4.9/../../../arm-none-eabi/lib/armv7-m/libc_nano.a(lib_a-memmove.o)
                0x0000000008006e32                memmove
 .text._realloc_r
                0x0000000008006e68       0x4c /usr/lib/gcc/arm-none-eabi/4.9/../../../arm-none-eabi/lib/armv7-m/libc_nano.a(lib_a-nano-reallocr.o)
                0x0000000008006e68                _realloc_r
 .text._read_r  0x0000000008006eb4       0x24 /usr/lib/gcc/arm-none-eabi/4.9/../../../arm-none-eabi/lib/armv7-m/libc_nano.a(lib_a-readr.o)
                0x0000000008006eb4                _read_r
 .text._malloc_usable_size_r
                0x0000000008006ed8       0x12 /usr/lib/gcc/arm-none-eabi/4.9/../../../arm-none-eabi/lib/armv7-m/libc_nano.a(lib_a-nano-msizer.o)
                0x0000000008006ed8                _malloc_usable_size_r
 *fill*         0x0000000008006eea        0x2 
 .text._close   0x0000000008006eec       0x10 /usr/lib/gcc/arm-none-eabi/4.9/../../../arm-none-eabi/lib/armv7-m/libnosys.a(close.o)
                0x0000000008006eec                _close
 .text._fstat   0x0000000008006efc       0x10 /usr/lib/gcc/arm-none-eabi/4.9/../../../arm-none-eabi/lib/armv7-m/libnosys.a(fstat.o)
                0x0000000008006efc                _fstat
 .text._isatty  0x0000000008006f0c       0x10 /usr/lib/gcc/arm-none-eabi/4.9/../../../arm-none-eabi/lib/armv7-m/libnosys.a(isatty.o)
                0x0000000008006f0c                _isatty
 .text._lseek   0x0000000008006f1c       0x10 /usr/lib/gcc/arm-none-eabi/4.9/../../../arm-none-eabi/lib/armv7-m/libnosys.a(lseek.o)
                0x0000000008006f1c                _lseek
 .text._read    0x0000000008006f2c       0x10 /usr/lib/gcc/arm-none-eabi/4.9/../../../arm-none-eabi/lib/armv7-m/libnosys.a(read.o)
                0x0000000008006f2c                _read
 .text._sbrk    0x0000000008006f3c       0x1c /usr/lib/gcc/arm-none-eabi/4.9/../../../arm-none-eabi/lib/armv7-m/libnosys.a(sbrk.o)
                0x0000000008006f3c                _sbrk
 *(.glue_7)
 .glue_7        0x0000000008006f58        0x0 linker stubs
 *(.glue_7t)
 .glue_7t       0x0000000008006f58        0x0 linker stubs
 *(.eh_frame)
 .eh_frame      0x0000000008006f58        0x0 /usr/lib/gcc/arm-none-eabi/4.9/armv7-m/crtbegin.o
 *(.init)
 .init          0x0000000008006f58        0x4 /usr/lib/gcc/arm-none-eabi/4.9/armv7-m/crti.o
                0x0000000008006f58                _init
 .init          0x0000000008006f5c        0x8 /usr/lib/gcc/arm-none-eabi/4.9/armv7-m/crtn.o
 *(.fini)
 .fini          0x0000000008006f64        0x4 /usr/lib/gcc/arm-none-eabi/4.9/armv7-m/crti.o
                0x0000000008006f64                _fini
 .fini          0x0000000008006f68        0x8 /usr/lib/gcc/arm-none-eabi/4.9/armv7-m/crtn.o
                0x0000000008006f70                . = ALIGN (0x4)
                0x0000000008006f70                _etext = .

.vfp11_veneer   0x0000000008006f70        0x0
 .vfp11_veneer  0x0000000008006f70        0x0 linker stubs

.v4_bx          0x0000000008006f70        0x0
 .v4_bx         0x0000000008006f70        0x0 linker stubs

.iplt           0x0000000008006f70        0x0
 .iplt          0x0000000008006f70        0x0 /usr/lib/gcc/arm-none-eabi/4.9/armv7-m/crtbegin.o

.rodata         0x0000000008006f70      0x1cc
                0x0000000008006f70                . = ALIGN (0x4)
 *(.rodata)
 .rodata        0x0000000008006f70        0x4 build/hd44780.o
 .rodata        0x0000000008006f74       0x30 build/controls.o
 .rodata        0x0000000008006fa4       0x14 build/stm32f1xx_hal_rcc.o
 .rodata        0x0000000008006fb8       0x14 build/stm32f1xx_hal_rcc_ex.o
 .rodata        0x0000000008006fcc       0x68 build/app_set_time.o
 .rodata        0x0000000008007034       0x2c build/app_clock.o
 .rodata        0x0000000008007060        0x4 build/app.o
 .rodata        0x0000000008007064       0x24 build/main.o
 *(.rodata*)
 .rodata.AHBPrescTable
                0x0000000008007088       0x10 build/system_stm32f1xx.o
                0x0000000008007088                AHBPrescTable
 .rodata.APBPrescTable
                0x0000000008007098        0x8 build/system_stm32f1xx.o
                0x0000000008007098                APBPrescTable
 .rodata.str1.1
                0x00000000080070a0        0x2 /usr/lib/gcc/arm-none-eabi/4.9/../../../arm-none-eabi/lib/armv7-m/libc_nano.a(lib_a-impure.o)
 *fill*         0x00000000080070a2        0x2 
 .rodata._global_impure_ptr
                0x00000000080070a4        0x4 /usr/lib/gcc/arm-none-eabi/4.9/../../../arm-none-eabi/lib/armv7-m/libc_nano.a(lib_a-impure.o)
                0x00000000080070a4                _global_impure_ptr
 .rodata.__sf_fake_stdin
                0x00000000080070a8       0x20 /usr/lib/gcc/arm-none-eabi/4.9/../../../arm-none-eabi/lib/armv7-m/libc_nano.a(lib_a-findfp.o)
                0x00000000080070a8                __sf_fake_stdin
 .rodata.__sf_fake_stdout
                0x00000000080070c8       0x20 /usr/lib/gcc/arm-none-eabi/4.9/../../../arm-none-eabi/lib/armv7-m/libc_nano.a(lib_a-findfp.o)
                0x00000000080070c8                __sf_fake_stdout
 .rodata.__sf_fake_stderr
                0x00000000080070e8       0x20 /usr/lib/gcc/arm-none-eabi/4.9/../../../arm-none-eabi/lib/armv7-m/libc_nano.a(lib_a-findfp.o)
                0x00000000080070e8                __sf_fake_stderr
 .rodata.str1.1
                0x0000000008007108       0x11 /usr/lib/gcc/arm-none-eabi/4.9/../../../arm-none-eabi/lib/armv7-m/libc_nano.a(lib_a-nano-svfprintf.o)
 .rodata.str1.1
                0x0000000008007119       0x22 /usr/lib/gcc/arm-none-eabi/4.9/../../../arm-none-eabi/lib/armv7-m/libc_nano.a(lib_a-nano-vfprintf_i.o)
 .rodata.str1.1
                0x000000000800713b       0x11 /usr/lib/gcc/arm-none-eabi/4.9/../../../arm-none-eabi/lib/armv7-m/libc_nano.a(lib_a-nano-vfprintf.o)
                0x000000000800714c                . = ALIGN (0x4)
 *fill*         0x000000000800713b        0x1 

.rel.dyn        0x000000000800713c        0x0
 .rel.iplt      0x000000000800713c        0x0 /usr/lib/gcc/arm-none-eabi/4.9/armv7-m/crtbegin.o

.ARM.extab
 *(.ARM.extab* .gnu.linkonce.armextab.*)

.ARM            0x000000000800713c        0x0
                0x000000000800713c                __exidx_start = .
 *(.ARM.exidx*)
                0x000000000800713c                __exidx_end = .

.preinit_array  0x000000000800713c        0x0
                0x000000000800713c                PROVIDE (__preinit_array_start, .)
 *(.preinit_array*)
                0x000000000800713c                PROVIDE (__preinit_array_end, .)

.init_array     0x000000000800713c        0x4
                0x000000000800713c                PROVIDE (__init_array_start, .)
 *(SORT(.init_array.*))
 *(.init_array*)
 .init_array    0x000000000800713c        0x4 /usr/lib/gcc/arm-none-eabi/4.9/armv7-m/crtbegin.o
                0x0000000008007140                PROVIDE (__init_array_end, .)

.fini_array     0x0000000008007140        0x4
                0x0000000008007140                PROVIDE (__fini_array_start, .)
 *(SORT(.fini_array.*))
 *(.fini_array*)
 .fini_array    0x0000000008007140        0x4 /usr/lib/gcc/arm-none-eabi/4.9/armv7-m/crtbegin.o
                0x0000000008007144                PROVIDE (__fini_array_end, .)
                0x0000000008007144                _sidata = LOADADDR (.data)

.data           0x0000000020000000       0xac load address 0x0000000008007144
                0x0000000020000000                . = ALIGN (0x4)
                0x0000000020000000                _sdata = .
 *(.data)
 *(.data*)
 .data.SystemCoreClock
                0x0000000020000000        0x4 build/system_stm32f1xx.o
                0x0000000020000000                SystemCoreClock
 .data._app_set_time
                0x0000000020000004       0x20 build/app_set_time.o
                0x0000000020000004                _app_set_time
 .data._app_clock
                0x0000000020000024       0x20 build/app_clock.o
                0x0000000020000024                _app_clock
 .data.lc       0x0000000020000044        0x1 build/app_clock.o
                0x0000000020000044                lc
 *fill*         0x0000000020000045        0x3 
 .data.impure_data
                0x0000000020000048       0x60 /usr/lib/gcc/arm-none-eabi/4.9/../../../arm-none-eabi/lib/armv7-m/libc_nano.a(lib_a-impure.o)
 .data._impure_ptr
                0x00000000200000a8        0x4 /usr/lib/gcc/arm-none-eabi/4.9/../../../arm-none-eabi/lib/armv7-m/libc_nano.a(lib_a-impure.o)
                0x00000000200000a8                _impure_ptr
                0x00000000200000ac                . = ALIGN (0x4)
                0x00000000200000ac                _edata = .

.jcr            0x00000000200000ac        0x0 load address 0x00000000080071f0
 .jcr           0x00000000200000ac        0x0 /usr/lib/gcc/arm-none-eabi/4.9/armv7-m/crtbegin.o

.tm_clone_table
                0x00000000200000ac        0x0 load address 0x00000000080071f0
 .tm_clone_table
                0x00000000200000ac        0x0 /usr/lib/gcc/arm-none-eabi/4.9/armv7-m/crtbegin.o
 .tm_clone_table
                0x00000000200000ac        0x0 /usr/lib/gcc/arm-none-eabi/4.9/armv7-m/crtend.o

.igot.plt       0x00000000200000ac        0x0 load address 0x00000000080071f0
 .igot.plt      0x00000000200000ac        0x0 /usr/lib/gcc/arm-none-eabi/4.9/armv7-m/crtbegin.o
                0x00000000200000ac                . = ALIGN (0x4)

.bss            0x00000000200000ac      0xdbc load address 0x00000000080071f0
                0x00000000200000ac                _sbss = .
                0x00000000200000ac                __bss_start__ = _sbss
 *(.bss)
 .bss           0x00000000200000ac       0x1c /usr/lib/gcc/arm-none-eabi/4.9/armv7-m/crtbegin.o
 *(.bss*)
 .bss.Handle_Lcd
                0x00000000200000c8       0x3c build/hd44780.o
 .bss.Lcd_Conf  0x0000000020000104       0x14 build/hd44780.o
 .bss.Queue     0x0000000020000118      0xbb8 build/hd44780.o
 .bss.Queue_Head
                0x0000000020000cd0        0x2 build/hd44780.o
 .bss.Queue_Tail
                0x0000000020000cd2        0x2 build/hd44780.o
 .bss._clock_cnt
                0x0000000020000cd4        0x4 build/clock.o
                0x0000000020000cd4                _clock_cnt
 .bss.speaker_en
                0x0000000020000cd8        0x1 build/speaker.o
                0x0000000020000cd8                speaker_en
 *fill*         0x0000000020000cd9        0x1 
 .bss.speaker_t
                0x0000000020000cda        0x2 build/speaker.o
                0x0000000020000cda                speaker_t
 .bss.Controls_ButtonsHandler
                0x0000000020000cdc        0x4 build/controls.o
                0x0000000020000cdc                Controls_ButtonsHandler
 .bss.Controls_EncoderHandler
                0x0000000020000ce0        0x4 build/controls.o
                0x0000000020000ce0                Controls_EncoderHandler
 .bss.uwTick    0x0000000020000ce4        0x4 build/stm32f1xx_hal.o
 .bss.__malloc_sbrk_start
                0x0000000020000ce8        0x4 /usr/lib/gcc/arm-none-eabi/4.9/../../../arm-none-eabi/lib/armv7-m/libc_nano.a(lib_a-nano-mallocr.o)
                0x0000000020000ce8                __malloc_sbrk_start
 .bss.__malloc_free_list
                0x0000000020000cec        0x4 /usr/lib/gcc/arm-none-eabi/4.9/../../../arm-none-eabi/lib/armv7-m/libc_nano.a(lib_a-nano-mallocr.o)
                0x0000000020000cec                __malloc_free_list
 .bss.heap_end.4064
                0x0000000020000cf0        0x4 /usr/lib/gcc/arm-none-eabi/4.9/../../../arm-none-eabi/lib/armv7-m/libnosys.a(sbrk.o)
 *(COMMON)
 COMMON         0x0000000020000cf4        0x7 build/clock.o
                0x0000000020000cf4                clock_alarm
                0x0000000020000cf8                clock_time
 *fill*         0x0000000020000cfb        0x1 
 COMMON         0x0000000020000cfc       0x44 build/controls.o
                0x0000000020000cfc                controls_encoder_default
                0x0000000020000d0c                controls_buttons
                0x0000000020000d3c                controls_encoder
 COMMON         0x0000000020000d40        0x4 build/app_set_time.o
                0x0000000020000d40                stage
                0x0000000020000d41                hour
                0x0000000020000d42                min
                0x0000000020000d43                sec
 COMMON         0x0000000020000d44       0x24 build/app.o
                0x0000000020000d44                Apps_encoder24
                0x0000000020000d54                app_current
                0x0000000020000d58                Apps_encoder60
 COMMON         0x0000000020000d68       0x40 build/usart.o
                0x0000000020000d68                huart1
 COMMON         0x0000000020000da8       0x30 build/adc.o
                0x0000000020000da8                hadc1
 COMMON         0x0000000020000dd8       0x78 build/tim.o
                0x0000000020000dd8                htim4
                0x0000000020000e14                htim2
 COMMON         0x0000000020000e50       0x14 build/rtc.o
                0x0000000020000e50                hrtc
 COMMON         0x0000000020000e64        0x4 /usr/lib/gcc/arm-none-eabi/4.9/../../../arm-none-eabi/lib/armv7-m/libc_nano.a(lib_a-reent.o)
                0x0000000020000e64                errno
                0x0000000020000e68                . = ALIGN (0x4)
                0x0000000020000e68                _ebss = .
                0x0000000020000e68                __bss_end__ = _ebss

._user_heap_stack
                0x0000000020000e68     0x3000 load address 0x00000000080071f0
                0x0000000020000e68                . = ALIGN (0x8)
                0x0000000020000e68                PROVIDE (end, .)
                0x0000000020000e68                PROVIDE (_end, .)
                0x0000000020001e68                . = (. + _Min_Heap_Size)
 *fill*         0x0000000020000e68     0x1000 
                0x0000000020003e68                . = (. + _Min_Stack_Size)
 *fill*         0x0000000020001e68     0x2000 
                0x0000000020003e68                . = ALIGN (0x8)

/DISCARD/
 libc.a(*)
 libm.a(*)
 libgcc.a(*)

.ARM.attributes
                0x0000000000000000       0x29
 *(.ARM.attributes)
 .ARM.attributes
                0x0000000000000000       0x1d /usr/lib/gcc/arm-none-eabi/4.9/armv7-m/crti.o
 .ARM.attributes
                0x000000000000001d       0x2d /usr/lib/gcc/arm-none-eabi/4.9/armv7-m/crtbegin.o
 .ARM.attributes
                0x000000000000004a       0x33 build/hd44780.o
 .ARM.attributes
                0x000000000000007d       0x33 build/clock.o
 .ARM.attributes
                0x00000000000000b0       0x33 build/speaker.o
 .ARM.attributes
                0x00000000000000e3       0x33 build/controls.o
 .ARM.attributes
                0x0000000000000116       0x33 build/system_stm32f1xx.o
 .ARM.attributes
                0x0000000000000149       0x33 build/stm32f1xx_hal_rcc.o
 .ARM.attributes
                0x000000000000017c       0x33 build/stm32f1xx_hal_adc.o
 .ARM.attributes
                0x00000000000001af       0x33 build/stm32f1xx_hal_rtc.o
 .ARM.attributes
                0x00000000000001e2       0x33 build/stm32f1xx_hal_rcc_ex.o
 .ARM.attributes
                0x0000000000000215       0x33 build/stm32f1xx_hal.o
 .ARM.attributes
                0x0000000000000248       0x33 build/stm32f1xx_hal_gpio.o
 .ARM.attributes
                0x000000000000027b       0x33 build/stm32f1xx_hal_rtc_ex.o
 .ARM.attributes
                0x00000000000002ae       0x33 build/stm32f1xx_hal_tim_ex.o
 .ARM.attributes
                0x00000000000002e1       0x33 build/stm32f1xx_hal_tim.o
 .ARM.attributes
                0x0000000000000314       0x33 build/stm32f1xx_hal_cortex.o
 .ARM.attributes
                0x0000000000000347       0x33 build/stm32f1xx_hal_pwr.o
 .ARM.attributes
                0x000000000000037a       0x33 build/stm32f1xx_hal_uart.o
 .ARM.attributes
                0x00000000000003ad       0x33 build/app_set_time.o
 .ARM.attributes
                0x00000000000003e0       0x33 build/app_clock.o
 .ARM.attributes
                0x0000000000000413       0x33 build/app.o
 .ARM.attributes
                0x0000000000000446       0x33 build/stm32f1xx_hal_msp.o
 .ARM.attributes
                0x0000000000000479       0x33 build/usart.o
 .ARM.attributes
                0x00000000000004ac       0x33 build/gpio.o
 .ARM.attributes
                0x00000000000004df       0x33 build/stm32f1xx_it.o
 .ARM.attributes
                0x0000000000000512       0x33 build/adc.o
 .ARM.attributes
                0x0000000000000545       0x33 build/tim.o
 .ARM.attributes
                0x0000000000000578       0x33 build/printf.o
 .ARM.attributes
                0x00000000000005ab       0x33 build/rtc.o
 .ARM.attributes
                0x00000000000005de       0x33 build/main.o
 .ARM.attributes
                0x0000000000000611       0x21 build/startup_stm32f103xb.o
 .ARM.attributes
                0x0000000000000632       0x2d /usr/lib/gcc/arm-none-eabi/4.9/../../../arm-none-eabi/lib/armv7-m/libc_nano.a(lib_a-impure.o)
 .ARM.attributes
                0x000000000000065f       0x2d /usr/lib/gcc/arm-none-eabi/4.9/../../../arm-none-eabi/lib/armv7-m/libc_nano.a(lib_a-init.o)
 .ARM.attributes
                0x000000000000068c       0x2d /usr/lib/gcc/arm-none-eabi/4.9/../../../arm-none-eabi/lib/armv7-m/libc_nano.a(lib_a-memset.o)
 .ARM.attributes
                0x00000000000006b9       0x2d /usr/lib/gcc/arm-none-eabi/4.9/../../../arm-none-eabi/lib/armv7-m/libc_nano.a(lib_a-printf.o)
 .ARM.attributes
                0x00000000000006e6       0x2d /usr/lib/gcc/arm-none-eabi/4.9/../../../arm-none-eabi/lib/armv7-m/libc_nano.a(lib_a-puts.o)
 .ARM.attributes
                0x0000000000000713       0x2d /usr/lib/gcc/arm-none-eabi/4.9/../../../arm-none-eabi/lib/armv7-m/libc_nano.a(lib_a-vsprintf.o)
 .ARM.attributes
                0x0000000000000740       0x2d /usr/lib/gcc/arm-none-eabi/4.9/../../../arm-none-eabi/lib/armv7-m/libc_nano.a(lib_a-wbuf.o)
 .ARM.attributes
                0x000000000000076d       0x2d /usr/lib/gcc/arm-none-eabi/4.9/../../../arm-none-eabi/lib/armv7-m/libc_nano.a(lib_a-wsetup.o)
 .ARM.attributes
                0x000000000000079a       0x2d /usr/lib/gcc/arm-none-eabi/4.9/../../../arm-none-eabi/lib/armv7-m/libc_nano.a(lib_a-fflush.o)
 .ARM.attributes
                0x00000000000007c7       0x2d /usr/lib/gcc/arm-none-eabi/4.9/../../../arm-none-eabi/lib/armv7-m/libc_nano.a(lib_a-findfp.o)
 .ARM.attributes
                0x00000000000007f4       0x2d /usr/lib/gcc/arm-none-eabi/4.9/../../../arm-none-eabi/lib/armv7-m/libc_nano.a(lib_a-fwalk.o)
 .ARM.attributes
                0x0000000000000821       0x2d /usr/lib/gcc/arm-none-eabi/4.9/../../../arm-none-eabi/lib/armv7-m/libc_nano.a(lib_a-makebuf.o)
 .ARM.attributes
                0x000000000000084e       0x2d /usr/lib/gcc/arm-none-eabi/4.9/../../../arm-none-eabi/lib/armv7-m/libc_nano.a(lib_a-nano-freer.o)
 .ARM.attributes
                0x000000000000087b       0x2d /usr/lib/gcc/arm-none-eabi/4.9/../../../arm-none-eabi/lib/armv7-m/libc_nano.a(lib_a-nano-mallocr.o)
 .ARM.attributes
                0x00000000000008a8       0x2d /usr/lib/gcc/arm-none-eabi/4.9/../../../arm-none-eabi/lib/armv7-m/libc_nano.a(lib_a-nano-svfprintf.o)
 .ARM.attributes
                0x00000000000008d5       0x2d /usr/lib/gcc/arm-none-eabi/4.9/../../../arm-none-eabi/lib/armv7-m/libc_nano.a(lib_a-nano-vfprintf_i.o)
 .ARM.attributes
                0x0000000000000902       0x2d /usr/lib/gcc/arm-none-eabi/4.9/../../../arm-none-eabi/lib/armv7-m/libc_nano.a(lib_a-nano-vfprintf.o)
 .ARM.attributes
                0x000000000000092f       0x2d /usr/lib/gcc/arm-none-eabi/4.9/../../../arm-none-eabi/lib/armv7-m/libc_nano.a(lib_a-sbrkr.o)
 .ARM.attributes
                0x000000000000095c       0x2d /usr/lib/gcc/arm-none-eabi/4.9/../../../arm-none-eabi/lib/armv7-m/libc_nano.a(lib_a-stdio.o)
 .ARM.attributes
                0x0000000000000989       0x2d /usr/lib/gcc/arm-none-eabi/4.9/../../../arm-none-eabi/lib/armv7-m/libc_nano.a(lib_a-strlen.o)
 .ARM.attributes
                0x00000000000009b6       0x2d /usr/lib/gcc/arm-none-eabi/4.9/../../../arm-none-eabi/lib/armv7-m/libc_nano.a(lib_a-writer.o)
 .ARM.attributes
                0x00000000000009e3       0x2d /usr/lib/gcc/arm-none-eabi/4.9/../../../arm-none-eabi/lib/armv7-m/libc_nano.a(lib_a-closer.o)
 .ARM.attributes
                0x0000000000000a10       0x2d /usr/lib/gcc/arm-none-eabi/4.9/../../../arm-none-eabi/lib/armv7-m/libc_nano.a(lib_a-fclose.o)
 .ARM.attributes
                0x0000000000000a3d       0x2d /usr/lib/gcc/arm-none-eabi/4.9/../../../arm-none-eabi/lib/armv7-m/libc_nano.a(lib_a-fstatr.o)
 .ARM.attributes
                0x0000000000000a6a       0x2d /usr/lib/gcc/arm-none-eabi/4.9/../../../arm-none-eabi/lib/armv7-m/libc_nano.a(lib_a-isattyr.o)
 .ARM.attributes
                0x0000000000000a97       0x2d /usr/lib/gcc/arm-none-eabi/4.9/../../../arm-none-eabi/lib/armv7-m/libc_nano.a(lib_a-lseekr.o)
 .ARM.attributes
                0x0000000000000ac4       0x2d /usr/lib/gcc/arm-none-eabi/4.9/../../../arm-none-eabi/lib/armv7-m/libc_nano.a(lib_a-memchr-stub.o)
 .ARM.attributes
                0x0000000000000af1       0x2d /usr/lib/gcc/arm-none-eabi/4.9/../../../arm-none-eabi/lib/armv7-m/libc_nano.a(lib_a-memcpy-stub.o)
 .ARM.attributes
                0x0000000000000b1e       0x2d /usr/lib/gcc/arm-none-eabi/4.9/../../../arm-none-eabi/lib/armv7-m/libc_nano.a(lib_a-memmove.o)
 .ARM.attributes
                0x0000000000000b4b       0x2d /usr/lib/gcc/arm-none-eabi/4.9/../../../arm-none-eabi/lib/armv7-m/libc_nano.a(lib_a-nano-reallocr.o)
 .ARM.attributes
                0x0000000000000b78       0x2d /usr/lib/gcc/arm-none-eabi/4.9/../../../arm-none-eabi/lib/armv7-m/libc_nano.a(lib_a-readr.o)
 .ARM.attributes
                0x0000000000000ba5       0x2d /usr/lib/gcc/arm-none-eabi/4.9/../../../arm-none-eabi/lib/armv7-m/libc_nano.a(lib_a-reent.o)
 .ARM.attributes
                0x0000000000000bd2       0x2d /usr/lib/gcc/arm-none-eabi/4.9/../../../arm-none-eabi/lib/armv7-m/libc_nano.a(lib_a-nano-msizer.o)
 .ARM.attributes
                0x0000000000000bff       0x2d /usr/lib/gcc/arm-none-eabi/4.9/../../../arm-none-eabi/lib/armv7-m/libnosys.a(close.o)
 .ARM.attributes
                0x0000000000000c2c       0x2d /usr/lib/gcc/arm-none-eabi/4.9/../../../arm-none-eabi/lib/armv7-m/libnosys.a(fstat.o)
 .ARM.attributes
                0x0000000000000c59       0x2d /usr/lib/gcc/arm-none-eabi/4.9/../../../arm-none-eabi/lib/armv7-m/libnosys.a(isatty.o)
 .ARM.attributes
                0x0000000000000c86       0x2d /usr/lib/gcc/arm-none-eabi/4.9/../../../arm-none-eabi/lib/armv7-m/libnosys.a(lseek.o)
 .ARM.attributes
                0x0000000000000cb3       0x2d /usr/lib/gcc/arm-none-eabi/4.9/../../../arm-none-eabi/lib/armv7-m/libnosys.a(read.o)
 .ARM.attributes
                0x0000000000000ce0       0x2d /usr/lib/gcc/arm-none-eabi/4.9/../../../arm-none-eabi/lib/armv7-m/libnosys.a(sbrk.o)
 .ARM.attributes
                0x0000000000000d0d       0x2d /usr/lib/gcc/arm-none-eabi/4.9/armv7-m/crtend.o
 .ARM.attributes
                0x0000000000000d3a       0x1d /usr/lib/gcc/arm-none-eabi/4.9/armv7-m/crtn.o
OUTPUT(build/awaker.elf elf32-littlearm)

.comment        0x0000000000000000       0x4b
 .comment       0x0000000000000000       0x20 /usr/lib/gcc/arm-none-eabi/4.9/armv7-m/crtbegin.o
                                         0x21 (size before relaxing)
 .comment       0x0000000000000020       0x21 build/hd44780.o
 .comment       0x0000000000000020       0x21 build/clock.o
 .comment       0x0000000000000020       0x21 build/speaker.o
 .comment       0x0000000000000020       0x21 build/controls.o
 .comment       0x0000000000000020       0x21 build/system_stm32f1xx.o
 .comment       0x0000000000000020       0x21 build/stm32f1xx_hal_rcc.o
 .comment       0x0000000000000020       0x21 build/stm32f1xx_hal_adc.o
 .comment       0x0000000000000020       0x21 build/stm32f1xx_hal_rtc.o
 .comment       0x0000000000000020       0x21 build/stm32f1xx_hal_rcc_ex.o
 .comment       0x0000000000000020       0x21 build/stm32f1xx_hal.o
 .comment       0x0000000000000020       0x21 build/stm32f1xx_hal_gpio.o
 .comment       0x0000000000000020       0x21 build/stm32f1xx_hal_rtc_ex.o
 .comment       0x0000000000000020       0x21 build/stm32f1xx_hal_tim_ex.o
 .comment       0x0000000000000020       0x21 build/stm32f1xx_hal_tim.o
 .comment       0x0000000000000020       0x21 build/stm32f1xx_hal_cortex.o
 .comment       0x0000000000000020       0x21 build/stm32f1xx_hal_pwr.o
 .comment       0x0000000000000020       0x21 build/stm32f1xx_hal_uart.o
 .comment       0x0000000000000020       0x21 build/app_set_time.o
 .comment       0x0000000000000020       0x21 build/app_clock.o
 .comment       0x0000000000000020       0x21 build/app.o
 .comment       0x0000000000000020       0x21 build/stm32f1xx_hal_msp.o
 .comment       0x0000000000000020       0x21 build/usart.o
 .comment       0x0000000000000020       0x21 build/gpio.o
 .comment       0x0000000000000020       0x21 build/stm32f1xx_it.o
 .comment       0x0000000000000020       0x21 build/adc.o
 .comment       0x0000000000000020       0x21 build/tim.o
 .comment       0x0000000000000020       0x21 build/printf.o
 .comment       0x0000000000000020       0x21 build/rtc.o
 .comment       0x0000000000000020       0x21 build/main.o
 .comment       0x0000000000000020       0x2b /usr/lib/gcc/arm-none-eabi/4.9/../../../arm-none-eabi/lib/armv7-m/libc_nano.a(lib_a-impure.o)
                                         0x2c (size before relaxing)
 .comment       0x000000000000004b       0x2c /usr/lib/gcc/arm-none-eabi/4.9/../../../arm-none-eabi/lib/armv7-m/libc_nano.a(lib_a-init.o)
 .comment       0x000000000000004b       0x2c /usr/lib/gcc/arm-none-eabi/4.9/../../../arm-none-eabi/lib/armv7-m/libc_nano.a(lib_a-memset.o)
 .comment       0x000000000000004b       0x2c /usr/lib/gcc/arm-none-eabi/4.9/../../../arm-none-eabi/lib/armv7-m/libc_nano.a(lib_a-printf.o)
 .comment       0x000000000000004b       0x2c /usr/lib/gcc/arm-none-eabi/4.9/../../../arm-none-eabi/lib/armv7-m/libc_nano.a(lib_a-puts.o)
 .comment       0x000000000000004b       0x2c /usr/lib/gcc/arm-none-eabi/4.9/../../../arm-none-eabi/lib/armv7-m/libc_nano.a(lib_a-vsprintf.o)
 .comment       0x000000000000004b       0x2c /usr/lib/gcc/arm-none-eabi/4.9/../../../arm-none-eabi/lib/armv7-m/libc_nano.a(lib_a-wbuf.o)
 .comment       0x000000000000004b       0x2c /usr/lib/gcc/arm-none-eabi/4.9/../../../arm-none-eabi/lib/armv7-m/libc_nano.a(lib_a-wsetup.o)
 .comment       0x000000000000004b       0x2c /usr/lib/gcc/arm-none-eabi/4.9/../../../arm-none-eabi/lib/armv7-m/libc_nano.a(lib_a-fflush.o)
 .comment       0x000000000000004b       0x2c /usr/lib/gcc/arm-none-eabi/4.9/../../../arm-none-eabi/lib/armv7-m/libc_nano.a(lib_a-findfp.o)
 .comment       0x000000000000004b       0x2c /usr/lib/gcc/arm-none-eabi/4.9/../../../arm-none-eabi/lib/armv7-m/libc_nano.a(lib_a-fwalk.o)
 .comment       0x000000000000004b       0x2c /usr/lib/gcc/arm-none-eabi/4.9/../../../arm-none-eabi/lib/armv7-m/libc_nano.a(lib_a-makebuf.o)
 .comment       0x000000000000004b       0x2c /usr/lib/gcc/arm-none-eabi/4.9/../../../arm-none-eabi/lib/armv7-m/libc_nano.a(lib_a-nano-freer.o)
 .comment       0x000000000000004b       0x2c /usr/lib/gcc/arm-none-eabi/4.9/../../../arm-none-eabi/lib/armv7-m/libc_nano.a(lib_a-nano-mallocr.o)
 .comment       0x000000000000004b       0x2c /usr/lib/gcc/arm-none-eabi/4.9/../../../arm-none-eabi/lib/armv7-m/libc_nano.a(lib_a-nano-svfprintf.o)
 .comment       0x000000000000004b       0x2c /usr/lib/gcc/arm-none-eabi/4.9/../../../arm-none-eabi/lib/armv7-m/libc_nano.a(lib_a-nano-vfprintf_i.o)
 .comment       0x000000000000004b       0x2c /usr/lib/gcc/arm-none-eabi/4.9/../../../arm-none-eabi/lib/armv7-m/libc_nano.a(lib_a-nano-vfprintf.o)
 .comment       0x000000000000004b       0x2c /usr/lib/gcc/arm-none-eabi/4.9/../../../arm-none-eabi/lib/armv7-m/libc_nano.a(lib_a-sbrkr.o)
 .comment       0x000000000000004b       0x2c /usr/lib/gcc/arm-none-eabi/4.9/../../../arm-none-eabi/lib/armv7-m/libc_nano.a(lib_a-stdio.o)
 .comment       0x000000000000004b       0x2c /usr/lib/gcc/arm-none-eabi/4.9/../../../arm-none-eabi/lib/armv7-m/libc_nano.a(lib_a-strlen.o)
 .comment       0x000000000000004b       0x2c /usr/lib/gcc/arm-none-eabi/4.9/../../../arm-none-eabi/lib/armv7-m/libc_nano.a(lib_a-writer.o)
 .comment       0x000000000000004b       0x2c /usr/lib/gcc/arm-none-eabi/4.9/../../../arm-none-eabi/lib/armv7-m/libc_nano.a(lib_a-closer.o)
 .comment       0x000000000000004b       0x2c /usr/lib/gcc/arm-none-eabi/4.9/../../../arm-none-eabi/lib/armv7-m/libc_nano.a(lib_a-fclose.o)
 .comment       0x000000000000004b       0x2c /usr/lib/gcc/arm-none-eabi/4.9/../../../arm-none-eabi/lib/armv7-m/libc_nano.a(lib_a-fstatr.o)
 .comment       0x000000000000004b       0x2c /usr/lib/gcc/arm-none-eabi/4.9/../../../arm-none-eabi/lib/armv7-m/libc_nano.a(lib_a-isattyr.o)
 .comment       0x000000000000004b       0x2c /usr/lib/gcc/arm-none-eabi/4.9/../../../arm-none-eabi/lib/armv7-m/libc_nano.a(lib_a-lseekr.o)
 .comment       0x000000000000004b       0x2c /usr/lib/gcc/arm-none-eabi/4.9/../../../arm-none-eabi/lib/armv7-m/libc_nano.a(lib_a-memchr-stub.o)
 .comment       0x000000000000004b       0x2c /usr/lib/gcc/arm-none-eabi/4.9/../../../arm-none-eabi/lib/armv7-m/libc_nano.a(lib_a-memcpy-stub.o)
 .comment       0x000000000000004b       0x2c /usr/lib/gcc/arm-none-eabi/4.9/../../../arm-none-eabi/lib/armv7-m/libc_nano.a(lib_a-memmove.o)
 .comment       0x000000000000004b       0x2c /usr/lib/gcc/arm-none-eabi/4.9/../../../arm-none-eabi/lib/armv7-m/libc_nano.a(lib_a-nano-reallocr.o)
 .comment       0x000000000000004b       0x2c /usr/lib/gcc/arm-none-eabi/4.9/../../../arm-none-eabi/lib/armv7-m/libc_nano.a(lib_a-readr.o)
 .comment       0x000000000000004b       0x2c /usr/lib/gcc/arm-none-eabi/4.9/../../../arm-none-eabi/lib/armv7-m/libc_nano.a(lib_a-reent.o)
 .comment       0x000000000000004b       0x2c /usr/lib/gcc/arm-none-eabi/4.9/../../../arm-none-eabi/lib/armv7-m/libc_nano.a(lib_a-nano-msizer.o)
 .comment       0x000000000000004b       0x2c /usr/lib/gcc/arm-none-eabi/4.9/../../../arm-none-eabi/lib/armv7-m/libnosys.a(close.o)
 .comment       0x000000000000004b       0x2c /usr/lib/gcc/arm-none-eabi/4.9/../../../arm-none-eabi/lib/armv7-m/libnosys.a(fstat.o)
 .comment       0x000000000000004b       0x2c /usr/lib/gcc/arm-none-eabi/4.9/../../../arm-none-eabi/lib/armv7-m/libnosys.a(isatty.o)
 .comment       0x000000000000004b       0x2c /usr/lib/gcc/arm-none-eabi/4.9/../../../arm-none-eabi/lib/armv7-m/libnosys.a(lseek.o)
 .comment       0x000000000000004b       0x2c /usr/lib/gcc/arm-none-eabi/4.9/../../../arm-none-eabi/lib/armv7-m/libnosys.a(read.o)
 .comment       0x000000000000004b       0x2c /usr/lib/gcc/arm-none-eabi/4.9/../../../arm-none-eabi/lib/armv7-m/libnosys.a(sbrk.o)
 .comment       0x000000000000004b       0x21 /usr/lib/gcc/arm-none-eabi/4.9/armv7-m/crtend.o

.debug_info     0x0000000000000000    0x20e7a
 .debug_info    0x0000000000000000     0x1286 build/hd44780.o
 .debug_info    0x0000000000001286      0x544 build/clock.o
 .debug_info    0x00000000000017ca      0x1e8 build/speaker.o
 .debug_info    0x00000000000019b2      0x6c7 build/controls.o
 .debug_info    0x0000000000002079      0x411 build/system_stm32f1xx.o
 .debug_info    0x000000000000248a     0x1492 build/stm32f1xx_hal_rcc.o
 .debug_info    0x000000000000391c      0xf02 build/stm32f1xx_hal_adc.o
 .debug_info    0x000000000000481e      0xd60 build/stm32f1xx_hal_rtc.o
 .debug_info    0x000000000000557e      0x55f build/stm32f1xx_hal_rcc_ex.o
 .debug_info    0x0000000000005add      0x66c build/stm32f1xx_hal.o
 .debug_info    0x0000000000006149      0x650 build/stm32f1xx_hal_gpio.o
 .debug_info    0x0000000000006799      0x74c build/stm32f1xx_hal_rtc_ex.o
 .debug_info    0x0000000000006ee5      0xfce build/stm32f1xx_hal_tim_ex.o
 .debug_info    0x0000000000007eb3     0x23b1 build/stm32f1xx_hal_tim.o
 .debug_info    0x000000000000a264      0xb79 build/stm32f1xx_hal_cortex.o
 .debug_info    0x000000000000addd      0x82c build/stm32f1xx_hal_pwr.o
 .debug_info    0x000000000000b609      0xef3 build/stm32f1xx_hal_uart.o
 .debug_info    0x000000000000c4fc      0x390 build/app_set_time.o
 .debug_info    0x000000000000c88c      0x393 build/app_clock.o
 .debug_info    0x000000000000cc1f      0x53c build/app.o
 .debug_info    0x000000000000d15b      0x357 build/stm32f1xx_hal_msp.o
 .debug_info    0x000000000000d4b2      0x719 build/usart.o
 .debug_info    0x000000000000dbcb      0x2f8 build/gpio.o
 .debug_info    0x000000000000dec3      0x623 build/stm32f1xx_it.o
 .debug_info    0x000000000000e4e6      0x765 build/adc.o
 .debug_info    0x000000000000ec4b      0xab0 build/tim.o
 .debug_info    0x000000000000f6fb      0x538 build/printf.o
 .debug_info    0x000000000000fc33      0x4b3 build/rtc.o
 .debug_info    0x00000000000100e6      0x9cd build/main.o
 .debug_info    0x0000000000010ab3       0x8e build/startup_stm32f103xb.o
 .debug_info    0x0000000000010b41      0x7d3 /usr/lib/gcc/arm-none-eabi/4.9/../../../arm-none-eabi/lib/armv7-m/libc_nano.a(lib_a-impure.o)
 .debug_info    0x0000000000011314      0x105 /usr/lib/gcc/arm-none-eabi/4.9/../../../arm-none-eabi/lib/armv7-m/libc_nano.a(lib_a-init.o)
 .debug_info    0x0000000000011419       0xd3 /usr/lib/gcc/arm-none-eabi/4.9/../../../arm-none-eabi/lib/armv7-m/libc_nano.a(lib_a-memset.o)
 .debug_info    0x00000000000114ec      0x895 /usr/lib/gcc/arm-none-eabi/4.9/../../../arm-none-eabi/lib/armv7-m/libc_nano.a(lib_a-printf.o)
 .debug_info    0x0000000000011d81      0x866 /usr/lib/gcc/arm-none-eabi/4.9/../../../arm-none-eabi/lib/armv7-m/libc_nano.a(lib_a-puts.o)
 .debug_info    0x00000000000125e7      0x868 /usr/lib/gcc/arm-none-eabi/4.9/../../../arm-none-eabi/lib/armv7-m/libc_nano.a(lib_a-vsprintf.o)
 .debug_info    0x0000000000012e4f      0x916 /usr/lib/gcc/arm-none-eabi/4.9/../../../arm-none-eabi/lib/armv7-m/libc_nano.a(lib_a-wbuf.o)
 .debug_info    0x0000000000013765      0x881 /usr/lib/gcc/arm-none-eabi/4.9/../../../arm-none-eabi/lib/armv7-m/libc_nano.a(lib_a-wsetup.o)
 .debug_info    0x0000000000013fe6      0x9fe /usr/lib/gcc/arm-none-eabi/4.9/../../../arm-none-eabi/lib/armv7-m/libc_nano.a(lib_a-fflush.o)
 .debug_info    0x00000000000149e4      0xd2c /usr/lib/gcc/arm-none-eabi/4.9/../../../arm-none-eabi/lib/armv7-m/libc_nano.a(lib_a-findfp.o)
 .debug_info    0x0000000000015710      0x846 /usr/lib/gcc/arm-none-eabi/4.9/../../../arm-none-eabi/lib/armv7-m/libc_nano.a(lib_a-fwalk.o)
 .debug_info    0x0000000000015f56      0x98c /usr/lib/gcc/arm-none-eabi/4.9/../../../arm-none-eabi/lib/armv7-m/libc_nano.a(lib_a-makebuf.o)
 .debug_info    0x00000000000168e2      0x81a /usr/lib/gcc/arm-none-eabi/4.9/../../../arm-none-eabi/lib/armv7-m/libc_nano.a(lib_a-nano-freer.o)
 .debug_info    0x00000000000170fc      0x8fb /usr/lib/gcc/arm-none-eabi/4.9/../../../arm-none-eabi/lib/armv7-m/libc_nano.a(lib_a-nano-mallocr.o)
 .debug_info    0x00000000000179f7      0xde3 /usr/lib/gcc/arm-none-eabi/4.9/../../../arm-none-eabi/lib/armv7-m/libc_nano.a(lib_a-nano-svfprintf.o)
 .debug_info    0x00000000000187da      0xb2c /usr/lib/gcc/arm-none-eabi/4.9/../../../arm-none-eabi/lib/armv7-m/libc_nano.a(lib_a-nano-vfprintf_i.o)
 .debug_info    0x0000000000019306      0xe05 /usr/lib/gcc/arm-none-eabi/4.9/../../../arm-none-eabi/lib/armv7-m/libc_nano.a(lib_a-nano-vfprintf.o)
 .debug_info    0x000000000001a10b      0x7a0 /usr/lib/gcc/arm-none-eabi/4.9/../../../arm-none-eabi/lib/armv7-m/libc_nano.a(lib_a-sbrkr.o)
 .debug_info    0x000000000001a8ab      0xa36 /usr/lib/gcc/arm-none-eabi/4.9/../../../arm-none-eabi/lib/armv7-m/libc_nano.a(lib_a-stdio.o)
 .debug_info    0x000000000001b2e1       0xcd /usr/lib/gcc/arm-none-eabi/4.9/../../../arm-none-eabi/lib/armv7-m/libc_nano.a(lib_a-strlen.o)
 .debug_info    0x000000000001b3ae      0x7d5 /usr/lib/gcc/arm-none-eabi/4.9/../../../arm-none-eabi/lib/armv7-m/libc_nano.a(lib_a-writer.o)
 .debug_info    0x000000000001bb83      0x78c /usr/lib/gcc/arm-none-eabi/4.9/../../../arm-none-eabi/lib/armv7-m/libc_nano.a(lib_a-closer.o)
 .debug_info    0x000000000001c30f      0x932 /usr/lib/gcc/arm-none-eabi/4.9/../../../arm-none-eabi/lib/armv7-m/libc_nano.a(lib_a-fclose.o)
 .debug_info    0x000000000001cc41      0x90a /usr/lib/gcc/arm-none-eabi/4.9/../../../arm-none-eabi/lib/armv7-m/libc_nano.a(lib_a-fstatr.o)
 .debug_info    0x000000000001d54b      0x78c /usr/lib/gcc/arm-none-eabi/4.9/../../../arm-none-eabi/lib/armv7-m/libc_nano.a(lib_a-isattyr.o)
 .debug_info    0x000000000001dcd7      0x7b8 /usr/lib/gcc/arm-none-eabi/4.9/../../../arm-none-eabi/lib/armv7-m/libc_nano.a(lib_a-lseekr.o)
 .debug_info    0x000000000001e48f       0xf8 /usr/lib/gcc/arm-none-eabi/4.9/../../../arm-none-eabi/lib/armv7-m/libc_nano.a(lib_a-memchr-stub.o)
 .debug_info    0x000000000001e587      0x102 /usr/lib/gcc/arm-none-eabi/4.9/../../../arm-none-eabi/lib/armv7-m/libc_nano.a(lib_a-memcpy-stub.o)
 .debug_info    0x000000000001e689      0x102 /usr/lib/gcc/arm-none-eabi/4.9/../../../arm-none-eabi/lib/armv7-m/libc_nano.a(lib_a-memmove.o)
 .debug_info    0x000000000001e78b      0x8b5 /usr/lib/gcc/arm-none-eabi/4.9/../../../arm-none-eabi/lib/armv7-m/libc_nano.a(lib_a-nano-reallocr.o)
 .debug_info    0x000000000001f040      0x7ce /usr/lib/gcc/arm-none-eabi/4.9/../../../arm-none-eabi/lib/armv7-m/libc_nano.a(lib_a-readr.o)
 .debug_info    0x000000000001f80e      0x8f7 /usr/lib/gcc/arm-none-eabi/4.9/../../../arm-none-eabi/lib/armv7-m/libc_nano.a(lib_a-reent.o)
 .debug_info    0x0000000000020105      0x7b9 /usr/lib/gcc/arm-none-eabi/4.9/../../../arm-none-eabi/lib/armv7-m/libc_nano.a(lib_a-nano-msizer.o)
 .debug_info    0x00000000000208be       0xae /usr/lib/gcc/arm-none-eabi/4.9/../../../arm-none-eabi/lib/armv7-m/libnosys.a(close.o)
 .debug_info    0x000000000002096c      0x22d /usr/lib/gcc/arm-none-eabi/4.9/../../../arm-none-eabi/lib/armv7-m/libnosys.a(fstat.o)
 .debug_info    0x0000000000020b99       0xae /usr/lib/gcc/arm-none-eabi/4.9/../../../arm-none-eabi/lib/armv7-m/libnosys.a(isatty.o)
 .debug_info    0x0000000000020c47       0xca /usr/lib/gcc/arm-none-eabi/4.9/../../../arm-none-eabi/lib/armv7-m/libnosys.a(lseek.o)
 .debug_info    0x0000000000020d11       0xd0 /usr/lib/gcc/arm-none-eabi/4.9/../../../arm-none-eabi/lib/armv7-m/libnosys.a(read.o)
 .debug_info    0x0000000000020de1       0x99 /usr/lib/gcc/arm-none-eabi/4.9/../../../arm-none-eabi/lib/armv7-m/libnosys.a(sbrk.o)

.debug_abbrev   0x0000000000000000     0x699c
 .debug_abbrev  0x0000000000000000      0x29b build/hd44780.o
 .debug_abbrev  0x000000000000029b      0x1a8 build/clock.o
 .debug_abbrev  0x0000000000000443       0xe0 build/speaker.o
 .debug_abbrev  0x0000000000000523      0x1dd build/controls.o
 .debug_abbrev  0x0000000000000700      0x122 build/system_stm32f1xx.o
 .debug_abbrev  0x0000000000000822      0x276 build/stm32f1xx_hal_rcc.o
 .debug_abbrev  0x0000000000000a98      0x205 build/stm32f1xx_hal_adc.o
 .debug_abbrev  0x0000000000000c9d      0x1fb build/stm32f1xx_hal_rtc.o
 .debug_abbrev  0x0000000000000e98      0x1eb build/stm32f1xx_hal_rcc_ex.o
 .debug_abbrev  0x0000000000001083      0x1ef build/stm32f1xx_hal.o
 .debug_abbrev  0x0000000000001272      0x1ac build/stm32f1xx_hal_gpio.o
 .debug_abbrev  0x000000000000141e      0x1ba build/stm32f1xx_hal_rtc_ex.o
 .debug_abbrev  0x00000000000015d8      0x1fd build/stm32f1xx_hal_tim_ex.o
 .debug_abbrev  0x00000000000017d5      0x206 build/stm32f1xx_hal_tim.o
 .debug_abbrev  0x00000000000019db      0x249 build/stm32f1xx_hal_cortex.o
 .debug_abbrev  0x0000000000001c24      0x225 build/stm32f1xx_hal_pwr.o
 .debug_abbrev  0x0000000000001e49      0x217 build/stm32f1xx_hal_uart.o
 .debug_abbrev  0x0000000000002060      0x183 build/app_set_time.o
 .debug_abbrev  0x00000000000021e3      0x18a build/app_clock.o
 .debug_abbrev  0x000000000000236d      0x16a build/app.o
 .debug_abbrev  0x00000000000024d7       0xe3 build/stm32f1xx_hal_msp.o
 .debug_abbrev  0x00000000000025ba      0x163 build/usart.o
 .debug_abbrev  0x000000000000271d      0x107 build/gpio.o
 .debug_abbrev  0x0000000000002824      0x14a build/stm32f1xx_it.o
 .debug_abbrev  0x000000000000296e      0x14b build/adc.o
 .debug_abbrev  0x0000000000002ab9      0x16a build/tim.o
 .debug_abbrev  0x0000000000002c23      0x135 build/printf.o
 .debug_abbrev  0x0000000000002d58      0x1a1 build/rtc.o
 .debug_abbrev  0x0000000000002ef9      0x195 build/main.o
 .debug_abbrev  0x000000000000308e       0x12 build/startup_stm32f103xb.o
 .debug_abbrev  0x00000000000030a0      0x136 /usr/lib/gcc/arm-none-eabi/4.9/../../../arm-none-eabi/lib/armv7-m/libc_nano.a(lib_a-impure.o)
 .debug_abbrev  0x00000000000031d6       0xba /usr/lib/gcc/arm-none-eabi/4.9/../../../arm-none-eabi/lib/armv7-m/libc_nano.a(lib_a-init.o)
 .debug_abbrev  0x0000000000003290       0x8e /usr/lib/gcc/arm-none-eabi/4.9/../../../arm-none-eabi/lib/armv7-m/libc_nano.a(lib_a-memset.o)
 .debug_abbrev  0x000000000000331e      0x1ec /usr/lib/gcc/arm-none-eabi/4.9/../../../arm-none-eabi/lib/armv7-m/libc_nano.a(lib_a-printf.o)
 .debug_abbrev  0x000000000000350a      0x208 /usr/lib/gcc/arm-none-eabi/4.9/../../../arm-none-eabi/lib/armv7-m/libc_nano.a(lib_a-puts.o)
 .debug_abbrev  0x0000000000003712      0x1b7 /usr/lib/gcc/arm-none-eabi/4.9/../../../arm-none-eabi/lib/armv7-m/libc_nano.a(lib_a-vsprintf.o)
 .debug_abbrev  0x00000000000038c9      0x1f7 /usr/lib/gcc/arm-none-eabi/4.9/../../../arm-none-eabi/lib/armv7-m/libc_nano.a(lib_a-wbuf.o)
 .debug_abbrev  0x0000000000003ac0      0x1a5 /usr/lib/gcc/arm-none-eabi/4.9/../../../arm-none-eabi/lib/armv7-m/libc_nano.a(lib_a-wsetup.o)
 .debug_abbrev  0x0000000000003c65      0x23f /usr/lib/gcc/arm-none-eabi/4.9/../../../arm-none-eabi/lib/armv7-m/libc_nano.a(lib_a-fflush.o)
 .debug_abbrev  0x0000000000003ea4      0x2d7 /usr/lib/gcc/arm-none-eabi/4.9/../../../arm-none-eabi/lib/armv7-m/libc_nano.a(lib_a-findfp.o)
 .debug_abbrev  0x000000000000417b      0x176 /usr/lib/gcc/arm-none-eabi/4.9/../../../arm-none-eabi/lib/armv7-m/libc_nano.a(lib_a-fwalk.o)
 .debug_abbrev  0x00000000000042f1      0x1ab /usr/lib/gcc/arm-none-eabi/4.9/../../../arm-none-eabi/lib/armv7-m/libc_nano.a(lib_a-makebuf.o)
 .debug_abbrev  0x000000000000449c      0x1b6 /usr/lib/gcc/arm-none-eabi/4.9/../../../arm-none-eabi/lib/armv7-m/libc_nano.a(lib_a-nano-freer.o)
 .debug_abbrev  0x0000000000004652      0x250 /usr/lib/gcc/arm-none-eabi/4.9/../../../arm-none-eabi/lib/armv7-m/libc_nano.a(lib_a-nano-mallocr.o)
 .debug_abbrev  0x00000000000048a2      0x278 /usr/lib/gcc/arm-none-eabi/4.9/../../../arm-none-eabi/lib/armv7-m/libc_nano.a(lib_a-nano-svfprintf.o)
 .debug_abbrev  0x0000000000004b1a      0x1e2 /usr/lib/gcc/arm-none-eabi/4.9/../../../arm-none-eabi/lib/armv7-m/libc_nano.a(lib_a-nano-vfprintf_i.o)
 .debug_abbrev  0x0000000000004cfc      0x2a5 /usr/lib/gcc/arm-none-eabi/4.9/../../../arm-none-eabi/lib/armv7-m/libc_nano.a(lib_a-nano-vfprintf.o)
 .debug_abbrev  0x0000000000004fa1      0x1a2 /usr/lib/gcc/arm-none-eabi/4.9/../../../arm-none-eabi/lib/armv7-m/libc_nano.a(lib_a-sbrkr.o)
 .debug_abbrev  0x0000000000005143      0x1eb /usr/lib/gcc/arm-none-eabi/4.9/../../../arm-none-eabi/lib/armv7-m/libc_nano.a(lib_a-stdio.o)
 .debug_abbrev  0x000000000000532e       0x8c /usr/lib/gcc/arm-none-eabi/4.9/../../../arm-none-eabi/lib/armv7-m/libc_nano.a(lib_a-strlen.o)
 .debug_abbrev  0x00000000000053ba      0x199 /usr/lib/gcc/arm-none-eabi/4.9/../../../arm-none-eabi/lib/armv7-m/libc_nano.a(lib_a-writer.o)
 .debug_abbrev  0x0000000000005553      0x194 /usr/lib/gcc/arm-none-eabi/4.9/../../../arm-none-eabi/lib/armv7-m/libc_nano.a(lib_a-closer.o)
 .debug_abbrev  0x00000000000056e7      0x21a /usr/lib/gcc/arm-none-eabi/4.9/../../../arm-none-eabi/lib/armv7-m/libc_nano.a(lib_a-fclose.o)
 .debug_abbrev  0x0000000000005901      0x1a3 /usr/lib/gcc/arm-none-eabi/4.9/../../../arm-none-eabi/lib/armv7-m/libc_nano.a(lib_a-fstatr.o)
 .debug_abbrev  0x0000000000005aa4      0x194 /usr/lib/gcc/arm-none-eabi/4.9/../../../arm-none-eabi/lib/armv7-m/libc_nano.a(lib_a-isattyr.o)
 .debug_abbrev  0x0000000000005c38      0x1a3 /usr/lib/gcc/arm-none-eabi/4.9/../../../arm-none-eabi/lib/armv7-m/libc_nano.a(lib_a-lseekr.o)
 .debug_abbrev  0x0000000000005ddb       0xab /usr/lib/gcc/arm-none-eabi/4.9/../../../arm-none-eabi/lib/armv7-m/libc_nano.a(lib_a-memchr-stub.o)
 .debug_abbrev  0x0000000000005e86       0xa4 /usr/lib/gcc/arm-none-eabi/4.9/../../../arm-none-eabi/lib/armv7-m/libc_nano.a(lib_a-memcpy-stub.o)
 .debug_abbrev  0x0000000000005f2a       0x9c /usr/lib/gcc/arm-none-eabi/4.9/../../../arm-none-eabi/lib/armv7-m/libc_nano.a(lib_a-memmove.o)
 .debug_abbrev  0x0000000000005fc6      0x1cb /usr/lib/gcc/arm-none-eabi/4.9/../../../arm-none-eabi/lib/armv7-m/libc_nano.a(lib_a-nano-reallocr.o)
 .debug_abbrev  0x0000000000006191      0x194 /usr/lib/gcc/arm-none-eabi/4.9/../../../arm-none-eabi/lib/armv7-m/libc_nano.a(lib_a-readr.o)
 .debug_abbrev  0x0000000000006325      0x1fb /usr/lib/gcc/arm-none-eabi/4.9/../../../arm-none-eabi/lib/armv7-m/libc_nano.a(lib_a-reent.o)
 .debug_abbrev  0x0000000000006520      0x161 /usr/lib/gcc/arm-none-eabi/4.9/../../../arm-none-eabi/lib/armv7-m/libc_nano.a(lib_a-nano-msizer.o)
 .debug_abbrev  0x0000000000006681       0x66 /usr/lib/gcc/arm-none-eabi/4.9/../../../arm-none-eabi/lib/armv7-m/libnosys.a(close.o)
 .debug_abbrev  0x00000000000066e7       0xbb /usr/lib/gcc/arm-none-eabi/4.9/../../../arm-none-eabi/lib/armv7-m/libnosys.a(fstat.o)
 .debug_abbrev  0x00000000000067a2       0x66 /usr/lib/gcc/arm-none-eabi/4.9/../../../arm-none-eabi/lib/armv7-m/libnosys.a(isatty.o)
 .debug_abbrev  0x0000000000006808       0x84 /usr/lib/gcc/arm-none-eabi/4.9/../../../arm-none-eabi/lib/armv7-m/libnosys.a(lseek.o)
 .debug_abbrev  0x000000000000688c       0x8d /usr/lib/gcc/arm-none-eabi/4.9/../../../arm-none-eabi/lib/armv7-m/libnosys.a(read.o)
 .debug_abbrev  0x0000000000006919       0x83 /usr/lib/gcc/arm-none-eabi/4.9/../../../arm-none-eabi/lib/armv7-m/libnosys.a(sbrk.o)

.debug_loc      0x0000000000000000     0xb719
 .debug_loc     0x0000000000000000      0x6de build/hd44780.o
 .debug_loc     0x00000000000006de      0x2a8 build/clock.o
 .debug_loc     0x0000000000000986       0xb4 build/speaker.o
 .debug_loc     0x0000000000000a3a      0x2d0 build/controls.o
 .debug_loc     0x0000000000000d0a       0xa0 build/system_stm32f1xx.o
 .debug_loc     0x0000000000000daa      0x472 build/stm32f1xx_hal_rcc.o
 .debug_loc     0x000000000000121c      0x8f6 build/stm32f1xx_hal_adc.o
 .debug_loc     0x0000000000001b12      0x938 build/stm32f1xx_hal_rtc.o
 .debug_loc     0x000000000000244a      0x100 build/stm32f1xx_hal_rcc_ex.o
 .debug_loc     0x000000000000254a      0x50c build/stm32f1xx_hal.o
 .debug_loc     0x0000000000002a56      0x2d4 build/stm32f1xx_hal_gpio.o
 .debug_loc     0x0000000000002d2a      0x4e4 build/stm32f1xx_hal_rtc_ex.o
 .debug_loc     0x000000000000320e      0xbc4 build/stm32f1xx_hal_tim_ex.o
 .debug_loc     0x0000000000003dd2     0x2348 build/stm32f1xx_hal_tim.o
 .debug_loc     0x000000000000611a      0x8f8 build/stm32f1xx_hal_cortex.o
 .debug_loc     0x0000000000006a12      0x57c build/stm32f1xx_hal_pwr.o
 .debug_loc     0x0000000000006f8e      0xd14 build/stm32f1xx_hal_uart.o
 .debug_loc     0x0000000000007ca2      0x288 build/app_set_time.o
 .debug_loc     0x0000000000007f2a      0x250 build/app_clock.o
 .debug_loc     0x000000000000817a      0x270 build/app.o
 .debug_loc     0x00000000000083ea       0x50 build/stm32f1xx_hal_msp.o
 .debug_loc     0x000000000000843a       0xcc build/usart.o
 .debug_loc     0x0000000000008506       0x50 build/gpio.o
 .debug_loc     0x0000000000008556      0x218 build/stm32f1xx_it.o
 .debug_loc     0x000000000000876e       0xf0 build/adc.o
 .debug_loc     0x000000000000885e      0x1e0 build/tim.o
 .debug_loc     0x0000000000008a3e       0x50 build/printf.o
 .debug_loc     0x0000000000008a8e       0xd8 build/rtc.o
 .debug_loc     0x0000000000008b66      0x106 build/main.o
 .debug_loc     0x0000000000008c6c       0x54 /usr/lib/gcc/arm-none-eabi/4.9/../../../arm-none-eabi/lib/armv7-m/libc_nano.a(lib_a-init.o)
 .debug_loc     0x0000000000008cc0       0x57 /usr/lib/gcc/arm-none-eabi/4.9/../../../arm-none-eabi/lib/armv7-m/libc_nano.a(lib_a-memset.o)
 .debug_loc     0x0000000000008d17       0x3f /usr/lib/gcc/arm-none-eabi/4.9/../../../arm-none-eabi/lib/armv7-m/libc_nano.a(lib_a-printf.o)
 .debug_loc     0x0000000000008d56      0x129 /usr/lib/gcc/arm-none-eabi/4.9/../../../arm-none-eabi/lib/armv7-m/libc_nano.a(lib_a-puts.o)
 .debug_loc     0x0000000000008e7f      0x103 /usr/lib/gcc/arm-none-eabi/4.9/../../../arm-none-eabi/lib/armv7-m/libc_nano.a(lib_a-vsprintf.o)
 .debug_loc     0x0000000000008f82      0x113 /usr/lib/gcc/arm-none-eabi/4.9/../../../arm-none-eabi/lib/armv7-m/libc_nano.a(lib_a-wbuf.o)
 .debug_loc     0x0000000000009095       0x5d /usr/lib/gcc/arm-none-eabi/4.9/../../../arm-none-eabi/lib/armv7-m/libc_nano.a(lib_a-wsetup.o)
 .debug_loc     0x00000000000090f2      0x24c /usr/lib/gcc/arm-none-eabi/4.9/../../../arm-none-eabi/lib/armv7-m/libc_nano.a(lib_a-fflush.o)
 .debug_loc     0x000000000000933e      0x1e2 /usr/lib/gcc/arm-none-eabi/4.9/../../../arm-none-eabi/lib/armv7-m/libc_nano.a(lib_a-findfp.o)
 .debug_loc     0x0000000000009520      0x11f /usr/lib/gcc/arm-none-eabi/4.9/../../../arm-none-eabi/lib/armv7-m/libc_nano.a(lib_a-fwalk.o)
 .debug_loc     0x000000000000963f       0xe0 /usr/lib/gcc/arm-none-eabi/4.9/../../../arm-none-eabi/lib/armv7-m/libc_nano.a(lib_a-makebuf.o)
 .debug_loc     0x000000000000971f      0x172 /usr/lib/gcc/arm-none-eabi/4.9/../../../arm-none-eabi/lib/armv7-m/libc_nano.a(lib_a-nano-freer.o)
 .debug_loc     0x0000000000009891      0x26a /usr/lib/gcc/arm-none-eabi/4.9/../../../arm-none-eabi/lib/armv7-m/libc_nano.a(lib_a-nano-mallocr.o)
 .debug_loc     0x0000000000009afb      0x533 /usr/lib/gcc/arm-none-eabi/4.9/../../../arm-none-eabi/lib/armv7-m/libc_nano.a(lib_a-nano-svfprintf.o)
 .debug_loc     0x000000000000a02e      0x538 /usr/lib/gcc/arm-none-eabi/4.9/../../../arm-none-eabi/lib/armv7-m/libc_nano.a(lib_a-nano-vfprintf_i.o)
 .debug_loc     0x000000000000a566      0x4d0 /usr/lib/gcc/arm-none-eabi/4.9/../../../arm-none-eabi/lib/armv7-m/libc_nano.a(lib_a-nano-vfprintf.o)
 .debug_loc     0x000000000000aa36       0x4d /usr/lib/gcc/arm-none-eabi/4.9/../../../arm-none-eabi/lib/armv7-m/libc_nano.a(lib_a-sbrkr.o)
 .debug_loc     0x000000000000aa83      0x236 /usr/lib/gcc/arm-none-eabi/4.9/../../../arm-none-eabi/lib/armv7-m/libc_nano.a(lib_a-stdio.o)
 .debug_loc     0x000000000000acb9       0x21 /usr/lib/gcc/arm-none-eabi/4.9/../../../arm-none-eabi/lib/armv7-m/libc_nano.a(lib_a-strlen.o)
 .debug_loc     0x000000000000acda       0xa5 /usr/lib/gcc/arm-none-eabi/4.9/../../../arm-none-eabi/lib/armv7-m/libc_nano.a(lib_a-writer.o)
 .debug_loc     0x000000000000ad7f       0x4d /usr/lib/gcc/arm-none-eabi/4.9/../../../arm-none-eabi/lib/armv7-m/libc_nano.a(lib_a-closer.o)
 .debug_loc     0x000000000000adcc       0xf7 /usr/lib/gcc/arm-none-eabi/4.9/../../../arm-none-eabi/lib/armv7-m/libc_nano.a(lib_a-fclose.o)
 .debug_loc     0x000000000000aec3       0x79 /usr/lib/gcc/arm-none-eabi/4.9/../../../arm-none-eabi/lib/armv7-m/libc_nano.a(lib_a-fstatr.o)
 .debug_loc     0x000000000000af3c       0x4d /usr/lib/gcc/arm-none-eabi/4.9/../../../arm-none-eabi/lib/armv7-m/libc_nano.a(lib_a-isattyr.o)
 .debug_loc     0x000000000000af89       0xa5 /usr/lib/gcc/arm-none-eabi/4.9/../../../arm-none-eabi/lib/armv7-m/libc_nano.a(lib_a-lseekr.o)
 .debug_loc     0x000000000000b02e       0xaa /usr/lib/gcc/arm-none-eabi/4.9/../../../arm-none-eabi/lib/armv7-m/libc_nano.a(lib_a-memchr-stub.o)
 .debug_loc     0x000000000000b0d8       0xaf /usr/lib/gcc/arm-none-eabi/4.9/../../../arm-none-eabi/lib/armv7-m/libc_nano.a(lib_a-memcpy-stub.o)
 .debug_loc     0x000000000000b187      0x12f /usr/lib/gcc/arm-none-eabi/4.9/../../../arm-none-eabi/lib/armv7-m/libc_nano.a(lib_a-memmove.o)
 .debug_loc     0x000000000000b2b6      0x11b /usr/lib/gcc/arm-none-eabi/4.9/../../../arm-none-eabi/lib/armv7-m/libc_nano.a(lib_a-nano-reallocr.o)
 .debug_loc     0x000000000000b3d1       0xa5 /usr/lib/gcc/arm-none-eabi/4.9/../../../arm-none-eabi/lib/armv7-m/libc_nano.a(lib_a-readr.o)
 .debug_loc     0x000000000000b476      0x105 /usr/lib/gcc/arm-none-eabi/4.9/../../../arm-none-eabi/lib/armv7-m/libc_nano.a(lib_a-reent.o)
 .debug_loc     0x000000000000b57b       0x96 /usr/lib/gcc/arm-none-eabi/4.9/../../../arm-none-eabi/lib/armv7-m/libc_nano.a(lib_a-nano-msizer.o)
 .debug_loc     0x000000000000b611       0x21 /usr/lib/gcc/arm-none-eabi/4.9/../../../arm-none-eabi/lib/armv7-m/libnosys.a(close.o)
 .debug_loc     0x000000000000b632       0x21 /usr/lib/gcc/arm-none-eabi/4.9/../../../arm-none-eabi/lib/armv7-m/libnosys.a(fstat.o)
 .debug_loc     0x000000000000b653       0x21 /usr/lib/gcc/arm-none-eabi/4.9/../../../arm-none-eabi/lib/armv7-m/libnosys.a(isatty.o)
 .debug_loc     0x000000000000b674       0x42 /usr/lib/gcc/arm-none-eabi/4.9/../../../arm-none-eabi/lib/armv7-m/libnosys.a(lseek.o)
 .debug_loc     0x000000000000b6b6       0x42 /usr/lib/gcc/arm-none-eabi/4.9/../../../arm-none-eabi/lib/armv7-m/libnosys.a(read.o)
 .debug_loc     0x000000000000b6f8       0x21 /usr/lib/gcc/arm-none-eabi/4.9/../../../arm-none-eabi/lib/armv7-m/libnosys.a(sbrk.o)

.debug_aranges  0x0000000000000000     0x16b0
 .debug_aranges
                0x0000000000000000       0xd0 build/hd44780.o
 .debug_aranges
                0x00000000000000d0       0x68 build/clock.o
 .debug_aranges
                0x0000000000000138       0x30 build/speaker.o
 .debug_aranges
                0x0000000000000168       0x60 build/controls.o
 .debug_aranges
                0x00000000000001c8       0x28 build/system_stm32f1xx.o
 .debug_aranges
                0x00000000000001f0       0x88 build/stm32f1xx_hal_rcc.o
 .debug_aranges
                0x0000000000000278       0xf0 build/stm32f1xx_hal_adc.o
 .debug_aranges
                0x0000000000000368       0xf8 build/stm32f1xx_hal_rtc.o
 .debug_aranges
                0x0000000000000460       0x30 build/stm32f1xx_hal_rcc_ex.o
 .debug_aranges
                0x0000000000000490       0xb0 build/stm32f1xx_hal.o
 .debug_aranges
                0x0000000000000540       0x58 build/stm32f1xx_hal_gpio.o
 .debug_aranges
                0x0000000000000598       0x88 build/stm32f1xx_hal_rtc_ex.o
 .debug_aranges
                0x0000000000000620      0x138 build/stm32f1xx_hal_tim_ex.o
 .debug_aranges
                0x0000000000000758      0x368 build/stm32f1xx_hal_tim.o
 .debug_aranges
                0x0000000000000ac0      0x100 build/stm32f1xx_hal_cortex.o
 .debug_aranges